08-02 17:07:49.714  3507  4522 I HwActivityManagerService: ProcessRecord ProcessRecord{8d3840e 30149:com.tencent.android.qqdownloader:daemon/u0a160} is not a cloned process
08-02 17:07:51.155  3507  4870 I HwActivityManagerService: ProcessRecord ProcessRecord{8d3840e 30149:com.tencent.android.qqdownloader:daemon/u0a160} is not a cloned process
08-02 17:07:51.158  3507  4909 I HwActivityManagerService: ProcessRecord ProcessRecord{8d3840e 30149:com.tencent.android.qqdownloader:daemon/u0a160} is not a cloned process
08-02 17:07:51.946  3507  4197 D HwConnectivityService: csagent getNetworkForTypeWifi enter.
08-02 17:07:51.948  3507  4197 D HwConnectivityService: csagent getWifiNai success from NetworkAgentInfos HashMap.
08-02 17:07:51.950  3507  4197 D HwConnectivityService: csagent getNetworkInfoForWifi enter.
08-02 17:07:51.950  3507  4197 D HwConnectivityService: csagent getWifiNai success from NetworkAgentInfos HashMap.
08-02 17:07:51.950  3507  4197 D HwConnectivityService: csagent getNetworkInfoForWifi success.
08-02 17:07:52.087  3507  4189 W ContextImpl: Calling a method in the system process without a qualified user: android.app.ContextImpl.startService:1378 com.android.server.wifi.wifipro.WifiproBqeUtils.startBqeService:117 com.android.server.wifi.wifipro.NetworkQosMonitor.startBqeService:376 com.android.server.wifi.wifipro.WifiProStateMachine$WiFiLinkMonitorState.processMessage:2044 com.android.internal.util.StateMachine$SmHandler.processMsg:968 
08-02 17:07:52.087  3507  4189 I ActivityManager: retrieveServiceLocked, callerApp: ProcessRecord{647d542 0:system/1000}, flags: 400
08-02 17:07:52.088  3507  4189 I ActivityManager: bindServiceLocked, r: ServiceRecord{42a754f u0 euid: 0 com.huawei.wifiprobqeservice/.WifiproBqeService}, euid: 0
08-02 17:07:52.088  3507  4189 I ActivityManager: mAm.startProcessLocked for service: ServiceRecord{42a754f u0 euid: 0 com.huawei.wifiprobqeservice/.WifiproBqeService}, appinfo euid: 0
08-02 17:07:52.088  3507  4189 I ActivityManager: new Process app=ProcessRecord{fec34dc 0:com.huawei.wifiprobqeservice/u0a145}, name: com.huawei.wifiprobqeservice, euid: 0
08-02 17:07:52.103  3507  4189 I ActivityManager: Start proc 14335:com.huawei.wifiprobqeservice/u0a145 for service com.huawei.wifiprobqeservice/.WifiproBqeService
08-02 17:07:52.107  3507  4189 W ContextImpl: Calling a method in the system process without a qualified user: android.app.ContextImpl.startService:1378 com.android.server.wifi.wifipro.WifiproBqeUtils.startBqeService:117 com.android.server.wifi.wifipro.WifiproBqeUtils.requestBqeOnce:179 com.android.server.wifi.wifipro.NetworkQosMonitor.startWiFiBqeDetect:389 com.android.server.wifi.wifipro.WifiProStateMachine$WiFiLinkMonitorState.processMessage:2186 
08-02 17:07:52.108  3507  4189 I ActivityManager: bindServiceLocked, r: ServiceRecord{42a754f u0 euid: 0 com.huawei.wifiprobqeservice/.WifiproBqeService}, euid: 0
08-02 17:07:52.141 14335 14335 D ActivityThread: ActivityThread,attachApplication
08-02 17:07:52.143  3507  3518 D ActivityManager: ActivityManagerService,attachApplication,callingPid = 14335
08-02 17:07:52.145  3507  3518 V ActivityManager: New app record ProcessRecord{fec34dc 14335:com.huawei.wifiprobqeservice/u0a145} thread=android.os.BinderProxy@a2d0f61 pid=14335
08-02 17:07:52.226  3507  4552 I ActivityManager: collectReceiverComponents for intent: Intent { act=com.huawei.wifiprobqeservice.BQE_SERVICE_STARTED flg=0x4000010 }, receivers: null
08-02 17:07:52.228  3507  4632 I ActivityManager: collectReceiverComponents for intent: Intent { act=com.huawei.wifiprobqeservice.BQE_SERVICE_STARTED flg=0x4000010 }, receivers: null
08-02 17:07:52.229  3507  3507 I ActivityManager: collectReceiverComponents for intent: Intent { act=com.huawei.wifiprobqeservice.START_BQE_ONCE flg=0x4000010 (has extras) }, receivers: null
08-02 17:07:52.239  3507  4278 I ActivityManager: collectReceiverComponents for intent: Intent { act=com.huawei.wifiprobqeservice.BQE_RECEIVE_REQUEST flg=0x4000010 }, receivers: null
08-02 17:07:52.677  3507  4552 I HwActivityManagerService: ProcessRecord ProcessRecord{8d3840e 30149:com.tencent.android.qqdownloader:daemon/u0a160} is not a cloned process
08-02 17:07:52.682  3507  4278 I HwActivityManagerService: ProcessRecord ProcessRecord{8d3840e 30149:com.tencent.android.qqdownloader:daemon/u0a160} is not a cloned process
08-02 17:07:53.029  3507  3519 I ActivityManager: collectReceiverComponents for intent: Intent { act=com.facebook.common.appstate.peers flg=0x10 pkg=com.facebook.katana (has extras) }, receivers: null
08-02 17:07:53.123  3507  4522 D ConnectivityService: listenForNetwork for Listen from uid/pid:10145/14335 for NetworkRequest [ id=699, legacyType=-1, [ Capabilities: INTERNET&NOT_RESTRICTED&TRUSTED] ]
08-02 17:07:53.127  3507  4145 D ConnectivityService: rematching NetworkAgentInfo [WIFI () - 138]
08-02 17:07:53.127  3507  4145 D ConnectivityService:  network has: [ Transports: WIFI Capabilities: INTERNET&NOT_RESTRICTED&TRUSTED&NOT_VPN&VALIDATED LinkUpBandwidth>=1048576Kbps LinkDnBandwidth>=1048576Kbps]
08-02 17:07:53.127  3507  4145 D ConnectivityService:   checking if request is satisfied: NetworkRequest [ id=3, legacyType=-1, [] ]
08-02 17:07:53.127  3507  4145 D ConnectivityService: Network NetworkAgentInfo [WIFI () - 138] was already satisfying request 1. No change.
08-02 17:07:53.128  3507  4145 D ConnectivityService:   checking if request is satisfied: NetworkRequest [ id=694, legacyType=-1, [ Capabilities: INTERNET&NOT_RESTRICTED&TRUSTED] ]
08-02 17:07:53.128  3507  4145 D ConnectivityService:   checking if request is satisfied: NetworkRequest [ id=699, legacyType=-1, [ Capabilities: INTERNET&NOT_RESTRICTED&TRUSTED] ]
08-02 17:07:53.133  3507  4145 D ConnectivityService: sending notification AVAILABLE for NetworkRequest [ id=699, legacyType=-1, [ Capabilities: INTERNET&NOT_RESTRICTED&TRUSTED] ]
08-02 17:07:53.136  3507  4145 D HwConnectivityService: ignoreRemovedByWifiPro, csagent wifipro force not teardown wifi network.
08-02 17:07:53.265  3507  4908 D ConnectivityService: listenForNetwork for Listen from uid/pid:10145/14335 for NetworkRequest [ id=700, legacyType=-1, [ Capabilities: INTERNET&NOT_RESTRICTED&TRUSTED] ]
08-02 17:07:53.266  3507  4145 D ConnectivityService: rematching NetworkAgentInfo [WIFI () - 138]
08-02 17:07:53.266  3507  4145 D ConnectivityService:  network has: [ Transports: WIFI Capabilities: INTERNET&NOT_RESTRICTED&TRUSTED&NOT_VPN&VALIDATED LinkUpBandwidth>=1048576Kbps LinkDnBandwidth>=1048576Kbps]
08-02 17:07:53.266  3507  4145 D ConnectivityService:   checking if request is satisfied: NetworkRequest [ id=3, legacyType=-1, [] ]
08-02 17:07:53.266  3507  4145 D ConnectivityService: Network NetworkAgentInfo [WIFI () - 138] was already satisfying request 1. No change.
08-02 17:07:53.266  3507  4145 D ConnectivityService:   checking if request is satisfied: NetworkRequest [ id=700, legacyType=-1, [ Capabilities: INTERNET&NOT_RESTRICTED&TRUSTED] ]
08-02 17:07:53.266  3507  4145 D ConnectivityService:   checking if request is satisfied: NetworkRequest [ id=694, legacyType=-1, [ Capabilities: INTERNET&NOT_RESTRICTED&TRUSTED] ]
08-02 17:07:53.266  3507  4145 D ConnectivityService:   checking if request is satisfied: NetworkRequest [ id=699, legacyType=-1, [ Capabilities: INTERNET&NOT_RESTRICTED&TRUSTED] ]
08-02 17:07:53.266  3507  4145 D ConnectivityService: sending notification AVAILABLE for NetworkRequest [ id=700, legacyType=-1, [ Capabilities: INTERNET&NOT_RESTRICTED&TRUSTED] ]
08-02 17:07:53.267  3507  4145 D HwConnectivityService: ignoreRemovedByWifiPro, csagent wifipro force not teardown wifi network.
08-02 17:07:53.272  3507  4551 I ActivityManager: collectReceiverComponents for intent: Intent { act=com.huawei.wifiprobqeservice.BQE_FINISHED flg=0x4000010 (has extras) }, receivers: null
08-02 17:07:53.275  3507  4189 W ContextImpl: Calling a method in the system process without a qualified user: android.app.ContextImpl.stopService:1384 com.android.server.wifi.wifipro.WifiproBqeUtils.stopBqeService:134 com.android.server.wifi.wifipro.NetworkQosMonitor.stopBqeService:383 com.android.server.wifi.wifipro.WifiProStateMachine$WiFiLinkMonitorState.processMessage:2158 com.android.internal.util.StateMachine$SmHandler.processMsg:968 
08-02 17:07:53.276  3507  4189 I HwMtmBroadcastResourceManager: removeReceiver mtm Broadcast
08-02 17:07:53.277  3507  4632 I HwMtmBroadcastResourceManager: removeReceiver mtm Broadcast
08-02 17:07:53.278  3507  4145 D ConnectivityService: releasing NetworkRequest NetworkRequest [ id=699, legacyType=-1, [ Capabilities: INTERNET&NOT_RESTRICTED&TRUSTED] ]
08-02 17:07:53.279  3507  4145 D ConnectivityService: sending notification RELEASED for NetworkRequest [ id=699, legacyType=-1, [ Capabilities: INTERNET&NOT_RESTRICTED&TRUSTED] ]
08-02 17:07:53.281  3507  3518 I HwMtmBroadcastResourceManager: removeReceiver mtm Broadcast
08-02 17:07:53.282  3507  4926 I ActivityManager: collectReceiverComponents for intent: Intent { act=com.huawei.wifiprobqeservice.BQE_SERVICE_EXITED flg=0x4000010 }, receivers: null
08-02 17:07:53.646  3507  4867 W ActivityManager: getRunningAppProcesses: caller 10733 does not hold REAL_GET_TASKS; limiting output
08-02 17:07:53.648  3507  4630 I ActivityManager: collectReceiverComponents for intent: Intent { act=android.intent.action.SIG_STR flg=0x20000010 (has extras) }, receivers: null
08-02 17:07:54.185  3507  4278 I HwActivityManagerService: ProcessRecord ProcessRecord{8d3840e 30149:com.tencent.android.qqdownloader:daemon/u0a160} is not a cloned process
08-02 17:07:54.188  3507  4867 I HwActivityManagerService: ProcessRecord ProcessRecord{8d3840e 30149:com.tencent.android.qqdownloader:daemon/u0a160} is not a cloned process
08-02 17:07:55.664  3507  4522 I HwActivityManagerService: ProcessRecord ProcessRecord{8d3840e 30149:com.tencent.android.qqdownloader:daemon/u0a160} is not a cloned process
08-02 17:07:55.667  3507  4926 I HwActivityManagerService: ProcessRecord ProcessRecord{8d3840e 30149:com.tencent.android.qqdownloader:daemon/u0a160} is not a cloned process
08-02 17:07:56.114  3507  4870 I ActivityManager: collectReceiverComponents for intent: Intent { act=android.intent.action.SIG_STR flg=0x20000010 (has extras) }, receivers: null
08-02 17:07:56.119  3507  4909 W ActivityManager: getRunningAppProcesses: caller 10733 does not hold REAL_GET_TASKS; limiting output
08-02 17:07:56.404  3507  4869 I ActivityManager: collectReceiverComponents for intent: Intent { act=android.intent.action.SIG_STR flg=0x20000010 (has extras) }, receivers: null
08-02 17:07:56.408  3507  4552 W ActivityManager: getRunningAppProcesses: caller 10733 does not hold REAL_GET_TASKS; limiting output
08-02 17:07:57.180  3507  4909 I HwActivityManagerService: ProcessRecord ProcessRecord{8d3840e 30149:com.tencent.android.qqdownloader:daemon/u0a160} is not a cloned process
08-02 17:07:57.183  3507  4314 I HwActivityManagerService: ProcessRecord ProcessRecord{8d3840e 30149:com.tencent.android.qqdownloader:daemon/u0a160} is not a cloned process
08-02 17:07:58.658  3507  4864 I HwActivityManagerService: ProcessRecord ProcessRecord{8d3840e 30149:com.tencent.android.qqdownloader:daemon/u0a160} is not a cloned process
08-02 17:07:58.661  3507  4908 I HwActivityManagerService: ProcessRecord ProcessRecord{8d3840e 30149:com.tencent.android.qqdownloader:daemon/u0a160} is not a cloned process
08-02 17:07:59.137  3507  4869 W ActivityManager: getRunningAppProcesses: caller 10111 does not hold REAL_GET_TASKS; limiting output
08-02 17:07:59.157  3507  4867 W ActivityManager: getRunningAppProcesses: caller 10111 does not hold REAL_GET_TASKS; limiting output
08-02 17:07:59.162  3507  4551 W ActivityManager: getRunningAppProcesses: caller 10111 does not hold REAL_GET_TASKS; limiting output
08-02 17:07:59.166  3507  4552 W ActivityManager: getRunningAppProcesses: caller 10111 does not hold REAL_GET_TASKS; limiting output
08-02 17:08:00.000  3507  4114 V AlarmManager: sending alarm Alarm{9a843c9 type 3 when 171964072 android},repeatInterval = 0
08-02 17:08:00.152  3507  4314 I HwActivityManagerService: ProcessRecord ProcessRecord{8d3840e 30149:com.tencent.android.qqdownloader:daemon/u0a160} is not a cloned process
08-02 17:08:00.155  3507  4522 I HwActivityManagerService: ProcessRecord ProcessRecord{8d3840e 30149:com.tencent.android.qqdownloader:daemon/u0a160} is not a cloned process
08-02 17:08:01.691  3507  3519 I HwActivityManagerService: ProcessRecord ProcessRecord{8d3840e 30149:com.tencent.android.qqdownloader:daemon/u0a160} is not a cloned process
08-02 17:08:01.694  3507  4908 I HwActivityManagerService: ProcessRecord ProcessRecord{8d3840e 30149:com.tencent.android.qqdownloader:daemon/u0a160} is not a cloned process
08-02 17:08:01.853  3507  4124 I ActivityManager: startActivityMayWait, callerApp: ProcessRecord{647d542 0:system/1000}, intent: Intent { act=android.intent.action.MAIN cat=[android.intent.category.HOME] flg=0x10200200 (has extras) }
08-02 17:08:01.862  3507  4124 I ActivityManager: resolve info: ResolveInfo{7ecc72f com.huawei.android.launcher/.Launcher m=0x108000 euid=0}, euid: 0
08-02 17:08:01.866  3507  4124 I ActivityManager: START u0 {act=android.intent.action.MAIN cat=[android.intent.category.HOME] flg=0x10200200 cmp=com.huawei.android.launcher/.Launcher (has extras)} from uid 1000 on display 0
08-02 17:08:01.869  3507  4124 I ActivityManager: ActivityRecord info: ActivityInfo{1db513c com.huawei.android.launcher.Launcher}, euid=0
08-02 17:08:01.874  3507  4124 V HwWindowManagerService: moveTaskToTop mTaskChanged:true
08-02 17:08:01.880  3507  4124 V HwWindowManagerService: setFocusedApp update app ops, mTaskChanged set to:false
08-02 17:08:02.005  3507  4278 I ActivityManager: collectReceiverComponents for intent: Intent { act=com.huawei.android.action.launcher_weather_icon_change flg=0x10 (has extras) }, receivers: null
08-02 17:08:02.059  3507  4522 V HwPhoneWindowManager: updateSystemUiColorLw window=Window{bc70551 u0 com.huawei.android.launcher/com.huawei.android.launcher.Launcher},EmuiStyle=-1,StatusBarColor=0xfff0f0f0,NavigationBarColor=0x0
08-02 17:08:02.060  4269  4593 D CommandQueue: CommandQueue, onTransaction
08-02 17:08:02.061  4269  4593 D CommandQueue: CommandQueue, setBarBackgroundColor
08-02 17:08:02.224  3507  4870 I ActivityManager: collectReceiverComponents for intent: Intent { act=com.huawei.android.action.WIDGET_FOCUS_CHANGE flg=0x10 (has extras) }, receivers: null
08-02 17:08:02.230  3507  3518 I HwActivityManagerService: collectReceiverComponents, callerApp: ProcessRecord{f299665 4927:com.huawei.android.launcher/u0a48}, flags: 400
08-02 17:08:02.230  3507  3518 I ActivityManager: collectReceiverComponents for intent: Intent { act=com.huawei.android.action.ACTION_UPDATE_TIME_CHECK flg=0x10 pkg=com.huawei.android.totemweather (has extras) }, receivers: [ResolveInfo{9b4b4c3 com.huawei.android.totemweather/.utils.CenterReceiver m=0x108000 euid=0}]
08-02 17:08:02.234  3507  4278 I HwActivityManagerService: collectReceiverComponents, callerApp: ProcessRecord{f299665 4927:com.huawei.android.launcher/u0a48}, flags: 400
08-02 17:08:02.234  3507  4278 I ActivityManager: collectReceiverComponents for intent: Intent { act=com.huawei.android.action.ACTION_UPDATE_TIME_CHECK flg=0x10 pkg=com.huawei.android.totemweather (has extras) }, receivers: [ResolveInfo{2d69140 com.huawei.android.totemweather/.utils.CenterReceiver m=0x108000 euid=0}]
08-02 17:08:02.248  3507  4909 I ActivityManager: retrieveServiceLocked, callerApp: ProcessRecord{dc93e44 13992:com.huawei.android.totemweather/u0a70}, flags: 400
08-02 17:08:02.249  3507  4909 I ActivityManager: bindServiceLocked, r: ServiceRecord{d1d8879 u0 euid: 0 com.huawei.android.totemweather/.WeatherService}, euid: 0
08-02 17:08:02.254  3507  4630 I ActivityManager: collectReceiverComponents for intent: Intent { act=com.huawei.eassistant.action.NOTIFYCATION_BAR flg=0x10 (has extras) }, receivers: null
08-02 17:08:02.264  3507  4278 I ActivityManager: collectReceiverComponents for intent: Intent { act=com.baidu.input.entry.launcer flg=0x10 (has extras) }, receivers: null
08-02 17:08:02.331  3507  4551 I HwActivityManagerService: collectReceiverComponents, callerApp: ProcessRecord{dc93e44 13992:com.huawei.android.totemweather/u0a70}, flags: 400
08-02 17:08:02.332  3507  4551 I ActivityManager: collectReceiverComponents for intent: Intent { act=com.huawei.android.action.WEATHER_CHANGE flg=0x10 (has extras) }, receivers: [ResolveInfo{ce53335 com.huawei.android.totemweather/.wear.ChangeWeatherReceiver m=0x108000 euid=0}]
08-02 17:08:02.351  3507  4926 I HwActivityManagerService: collectReceiverComponents, callerApp: ProcessRecord{dc93e44 13992:com.huawei.android.totemweather/u0a70}, flags: 400
08-02 17:08:02.351  3507  4926 I ActivityManager: collectReceiverComponents for intent: Intent { act=com.huawei.android.action.WEATHER_CHANGE flg=0x10 (has extras) }, receivers: [ResolveInfo{32f23ca com.huawei.android.totemweather/.wear.ChangeWeatherReceiver m=0x108000 euid=0}]
08-02 17:08:02.405  3507  4926 I ActivityManager: collectReceiverComponents for intent: Intent { act=android.intent.action.SIG_STR flg=0x20000010 (has extras) }, receivers: null
08-02 17:08:02.405  3507  4869 W ActivityManager: getRunningAppProcesses: caller 10733 does not hold REAL_GET_TASKS; limiting output
08-02 17:08:03.157  3507  4908 I HwActivityManagerService: ProcessRecord ProcessRecord{8d3840e 30149:com.tencent.android.qqdownloader:daemon/u0a160} is not a cloned process
08-02 17:08:03.160  3507  4926 I HwActivityManagerService: ProcessRecord ProcessRecord{8d3840e 30149:com.tencent.android.qqdownloader:daemon/u0a160} is not a cloned process
08-02 17:08:04.653  3507  4870 I HwActivityManagerService: ProcessRecord ProcessRecord{8d3840e 30149:com.tencent.android.qqdownloader:daemon/u0a160} is not a cloned process
08-02 17:08:04.656  3507  4278 I HwActivityManagerService: ProcessRecord ProcessRecord{8d3840e 30149:com.tencent.android.qqdownloader:daemon/u0a160} is not a cloned process
08-02 17:08:05.977  3507  4278 I HwActivityManagerService: collectReceiverComponents, callerApp: ProcessRecord{dc93e44 13992:com.huawei.android.totemweather/u0a70}, flags: 400
08-02 17:08:05.977  3507  4278 I ActivityManager: collectReceiverComponents for intent: Intent { act=com.huawei.android.action.WEATHER_CHANGE flg=0x10 (has extras) }, receivers: [ResolveInfo{f42cdb1 com.huawei.android.totemweather/.wear.ChangeWeatherReceiver m=0x108000 euid=0}]
08-02 17:08:05.981  3507  3519 I ActivityManager: collectReceiverComponents for intent: Intent { act=com.huawei.android.action.launcher_weather_icon_change flg=0x10 (has extras) }, receivers: null
08-02 17:08:06.002  3507  4632 I ActivityManager: collectReceiverComponents for intent: Intent { act=com.huawei.android.action.action_home_city_weather flg=0x10 (has extras) }, receivers: null
08-02 17:08:06.014  3507  4552 I ActivityManager: retrieveServiceLocked, callerApp: ProcessRecord{ca1b3a9 5970:com.google.android.gms.persistent/u0a8}, flags: 400
08-02 17:08:06.016  3507  4552 I ActivityManager: bindServiceLocked, r: ServiceRecord{fba9204 u0 euid: 0 com.google.android.gms/.lockbox.service.LockboxBrokerService}, euid: 0
08-02 17:08:06.039  3507  4869 D HwLocalLocationProvider: HwLocalLocationManager requestLocation
08-02 17:08:06.041  3507  4869 I ActivityManager: collectReceiverComponents for intent: Intent { act=android.location.LOCATION_REQUEST_CHANGE_ACTION flg=0x10 (has extras) }, receivers: null
08-02 17:08:06.042  3507  9594 D HwLocalLocationProvider: start query Loc Form DB 
08-02 17:08:06.042  3507  9594 I HwLocalLocationProvider: query loc Form Cell Table,cellid == 84935701
08-02 17:08:06.044  3507  4632 D WifiService: startScan, pid:4814, uid:10019
08-02 17:08:06.045  3507  9594 D HwLocalLocationProvider: queryLocFormCellIdTable success
08-02 17:08:06.046  3507  9594 I HwLocalLocationProvider: query Loc Form cellid , locCellID = Location[local_database 31******,121****** acc=40 et=+1d23h46m10s117ms {Bundle[{key_loc_source=network}]}]
08-02 17:08:06.050  3507  9594 W HwLocalLocationProvider: query Loc Form bssid , locBssID = null.  return locCellID
08-02 17:08:06.050  3507  3507 D HwLocalLocationProvider: has query Loc Form DB and send msg to Hander
08-02 17:08:06.051  3507  4759 W ContextImpl: Calling a method in the system process without a qualified user: android.app.ContextImpl.sendBroadcast:869 com.android.server.location.HwLocalLocationManager$LocalLocationHandler.handleMessage:940 android.os.Handler.dispatchMessage:102 android.os.Looper.loop:150 android.os.HandlerThread.run:61 
08-02 17:08:06.051  3507  4759 I ActivityManager: collectReceiverComponents for intent: Intent { act=action_inject_location flg=0x10 (has extras) }, receivers: null
08-02 17:08:06.051  3507  4759 D HwLocalLocationProvider: sendBroadcast ACTION_INJECT_LOCATION
08-02 17:08:06.153  3507  3519 I HwActivityManagerService: ProcessRecord ProcessRecord{8d3840e 30149:com.tencent.android.qqdownloader:daemon/u0a160} is not a cloned process
08-02 17:08:06.156  3507  4869 I HwActivityManagerService: ProcessRecord ProcessRecord{8d3840e 30149:com.tencent.android.qqdownloader:daemon/u0a160} is not a cloned process
08-02 17:08:07.659  3507  4869 I HwActivityManagerService: ProcessRecord ProcessRecord{8d3840e 30149:com.tencent.android.qqdownloader:daemon/u0a160} is not a cloned process
08-02 17:08:07.662  3507  4867 I HwActivityManagerService: ProcessRecord ProcessRecord{8d3840e 30149:com.tencent.android.qqdownloader:daemon/u0a160} is not a cloned process
08-02 17:08:07.918  3507  4142 I ActivityManager: collectReceiverComponents for intent: Intent { act=android.net.wifi.RSSI_CHANGED flg=0x4000010 (has extras) }, receivers: null
08-02 17:08:07.926  3507  4632 W ActivityManager: getRunningAppProcesses: caller 10733 does not hold REAL_GET_TASKS; limiting output
08-02 17:08:08.090  3507  4759 D HwLocalLocationProvider: this loc is Better than Last Location
08-02 17:08:08.103  3507  4759 I HwActivityManagerService: collectReceiverComponents, callerApp: null, flags: 400
08-02 17:08:08.103  3507  4759 I ActivityManager: collectReceiverComponents for intent: Intent { act=com.meituan.location.receiver.action.getLocation flg=0x10 cmp=com.sankuai.meituan/com.meituan.android.common.locate.reporter.LocationInfoReceiver (has extras) }, receivers: [ResolveInfo{51c54b3 com.sankuai.meituan/com.meituan.android.common.locate.reporter.LocationInfoReceiver m=0x0 euid=0}]
08-02 17:08:08.104  3507  8283 D HwLocalLocationProvider: cellid 84935701 is Exist, update  cellinfo to DB
08-02 17:08:08.104  3507  8283 D HwLocalLocationProvider: update loc to cell database
08-02 17:08:08.104  3507  3527 I ActivityManager: new Process app=ProcessRecord{450ca70 0:com.sankuai.meituan/u0a140}, name: com.sankuai.meituan, euid: 0
08-02 17:08:08.109  3507  4759 D libgps  : proxy_gps_inject_location: called.
08-02 17:08:08.132  3507  3527 I ActivityManager: Start proc 14451:com.sankuai.meituan/u0a140 for broadcast com.sankuai.meituan/com.meituan.android.common.locate.reporter.LocationInfoReceiver
08-02 17:08:08.141  3507  8283 D HwLocalLocationProvider: update loc to bssid database
08-02 17:08:08.154  3507  4869 I ActivityManager: collectReceiverComponents for intent: Intent { act=android.location.LOCATION_REQUEST_CHANGE_ACTION flg=0x10 (has extras) }, receivers: null
08-02 17:08:08.182 14451 14451 D ActivityThread: ActivityThread,attachApplication
08-02 17:08:08.183  3507  4278 D ActivityManager: ActivityManagerService,attachApplication,callingPid = 14451
08-02 17:08:08.184  3507  4278 V ActivityManager: New app record ProcessRecord{450ca70 14451:com.sankuai.meituan/u0a140} thread=android.os.BinderProxy@6b481e9 pid=14451
08-02 17:08:08.200  3507  4759 D libgps  : proxy_gps_inject_location: called.
08-02 17:08:08.274  3383  3383 I gpsd_d  : GlEngineOnStart(0, 0)
08-02 17:08:08.534  3507  4926 I HwActivityManagerService: ProcessRecord ProcessRecord{450ca70 14451:com.sankuai.meituan/u0a140} is not a cloned process
08-02 17:08:08.547  3507  4908 I HwActivityManagerService: ProcessRecord ProcessRecord{450ca70 14451:com.sankuai.meituan/u0a140} is not a cloned process
08-02 17:08:08.550  3507  4864 I HwActivityManagerService: ProcessRecord ProcessRecord{450ca70 14451:com.sankuai.meituan/u0a140} is not a cloned process
08-02 17:08:08.555  3507  4869 I HwActivityManagerService: ProcessRecord ProcessRecord{450ca70 14451:com.sankuai.meituan/u0a140} is not a cloned process
08-02 17:08:08.566  3507  4314 I HwActivityManagerService: ProcessRecord ProcessRecord{450ca70 14451:com.sankuai.meituan/u0a140} is not a cloned process
08-02 17:08:08.720  3507  4278 W ActivityManager: getRunningAppProcesses: caller 10140 does not hold REAL_GET_TASKS; limiting output
08-02 17:08:08.731  3507  4864 W ActivityManager: getRunningAppProcesses: caller 10140 does not hold REAL_GET_TASKS; limiting output
08-02 17:08:08.758  3507  4552 W ActivityManager: getRunningAppProcesses: caller 10140 does not hold REAL_GET_TASKS; limiting output
08-02 17:08:08.798  3507  4551 W ActivityManager: getRunningAppProcesses: caller 10140 does not hold REAL_GET_TASKS; limiting output
08-02 17:08:08.820  3507  4278 W ActivityManager: getRunningAppProcesses: caller 10140 does not hold REAL_GET_TASKS; limiting output
08-02 17:08:08.992  3507  4908 W ActivityManager: getRunningAppProcesses: caller 10140 does not hold REAL_GET_TASKS; limiting output
08-02 17:08:09.176  3507  4632 W ActivityManager: getRunningAppProcesses: caller 10111 does not hold REAL_GET_TASKS; limiting output
08-02 17:08:09.179  3507  4630 I HwActivityManagerService: collectReceiverComponents, callerApp: ProcessRecord{18c791a 9575:com.tencent.mm:push/u0a111}, flags: 400
08-02 17:08:09.179  3507  4630 I ActivityManager: collectReceiverComponents for intent: Intent { act=com.tencent.mm.plugin.report.service.KVCommCrossProcessReceiver flg=0x10 cmp=com.tencent.mm/.plugin.report.service.KVCommCrossProcessReceiver (has extras) }, receivers: [ResolveInfo{e4a53a5 com.tencent.mm/.plugin.report.service.KVCommCrossProcessReceiver m=0x0 euid=0}]
08-02 17:08:09.199  3507  4908 I HwActivityManagerService: ProcessRecord ProcessRecord{8d3840e 30149:com.tencent.android.qqdownloader:daemon/u0a160} is not a cloned process
08-02 17:08:09.204  3507  4909 I HwActivityManagerService: ProcessRecord ProcessRecord{8d3840e 30149:com.tencent.android.qqdownloader:daemon/u0a160} is not a cloned process
08-02 17:08:09.270  3507  4926 D WifiService: getWifiServiceMessenger, pid:14451, uid:10140
08-02 17:08:09.298  3507  4143 D WifiService: New client listening to asynchronous messages
08-02 17:08:09.303  3507  3519 W ActivityManager: getRunningAppProcesses: caller 10140 does not hold REAL_GET_TASKS; limiting output
08-02 17:08:09.323  3507  4870 W ActivityManager: getRunningAppProcesses: caller 10140 does not hold REAL_GET_TASKS; limiting output
08-02 17:08:09.330  3507  4278 W ActivityManager: getRunningAppProcesses: caller 10140 does not hold REAL_GET_TASKS; limiting output
08-02 17:08:09.333  3507  4909 W ActivityManager: getRunningAppProcesses: caller 10140 does not hold REAL_GET_TASKS; limiting output
08-02 17:08:09.393  3507  4869 W ActivityManager: getRunningAppProcesses: caller 10140 does not hold REAL_GET_TASKS; limiting output
08-02 17:08:09.617  3507  4632 W ActivityManager: getRunningAppProcesses: caller 10140 does not hold REAL_GET_TASKS; limiting output
08-02 17:08:09.621  3507  4278 I HwActivityManagerService: ProcessRecord ProcessRecord{450ca70 14451:com.sankuai.meituan/u0a140} is not a cloned process
08-02 17:08:09.734  3507  4278 W ActivityManager: getRunningAppProcesses: caller 10140 does not hold REAL_GET_TASKS; limiting output
08-02 17:08:09.798  3507  4522 W ActivityManager: getRunningAppProcesses: caller 10733 does not hold REAL_GET_TASKS; limiting output
08-02 17:08:09.799  3507  4278 W ActivityManager: getRunningAppProcesses: caller 10140 does not hold REAL_GET_TASKS; limiting output
08-02 17:08:09.841  3507  3519 W ActivityManager: getRunningAppProcesses: caller 10140 does not hold REAL_GET_TASKS; limiting output
08-02 17:08:09.843  3507  4632 W ActivityManager: getRunningAppProcesses: caller 10140 does not hold REAL_GET_TASKS; limiting output
08-02 17:08:09.872  3507  4314 I HwActivityManagerService: ProcessRecord ProcessRecord{450ca70 14451:com.sankuai.meituan/u0a140} is not a cloned process
08-02 17:08:09.872  3507  4314 I HwActivityManagerService: PackageName for pid 14451 is com.sankuai.meituan
08-02 17:08:09.877  3507  4278 V AlarmManager: set(PendingIntent{ba38b07: PendingIntentRecord{e41aaa2 com.sankuai.meituan broadcastIntent}}) : type=2 triggerAtTime=173963943 win=1492496 tElapsed=173963943 maxElapsed=175456439 interval=0 flags=0x0
08-02 17:08:09.889  3507  4909 I HwActivityManagerService: ProcessRecord ProcessRecord{450ca70 14451:com.sankuai.meituan/u0a140} is not a cloned process
08-02 17:08:09.890  3507  4909 I HwActivityManagerService: PackageName for pid 14451 is com.sankuai.meituan
08-02 17:08:09.901  3507  4632 D HwLocalLocationProvider: HwLocalLocationManager requestLocation
08-02 17:08:09.903  3507  5752 D HwLocalLocationProvider: start query Loc Form DB 
08-02 17:08:09.903  3507  5752 I HwLocalLocationProvider: query loc Form Cell Table,cellid == 84935701
08-02 17:08:09.906  3507  5752 D HwLocalLocationProvider: queryLocFormCellIdTable success
08-02 17:08:09.913  3507  5752 I HwLocalLocationProvider: query Loc Form cellid , locCellID = Location[local_database 31******,121****** acc=40 et=+1d23h46m13s978ms {Bundle[{key_loc_source=network}]}]
08-02 17:08:09.916  3507  5752 W HwLocalLocationProvider: query Loc Form bssid , locBssID = null.  return locCellID
08-02 17:08:09.916  3507  3507 D HwLocalLocationProvider: has query Loc Form DB and send msg to Hander
08-02 17:08:09.917  3507  4759 W ContextImpl: Calling a method in the system process without a qualified user: android.app.ContextImpl.sendBroadcast:869 com.android.server.location.HwLocalLocationManager$LocalLocationHandler.handleMessage:940 android.os.Handler.dispatchMessage:102 android.os.Looper.loop:150 android.os.HandlerThread.run:61 
08-02 17:08:09.917  3507  4759 I ActivityManager: collectReceiverComponents for intent: Intent { act=action_inject_location flg=0x10 (has extras) }, receivers: null
08-02 17:08:09.917  3507  4759 D HwLocalLocationProvider: sendBroadcast ACTION_INJECT_LOCATION
08-02 17:08:09.918  3507  4552 D HwLocalLocationProvider: HwLocalLocationManager requestLocation
08-02 17:08:09.920  3507  4552 I ActivityManager: collectReceiverComponents for intent: Intent { act=android.location.LOCATION_REQUEST_CHANGE_ACTION flg=0x10 (has extras) }, receivers: null
08-02 17:08:09.921  3507  4869 W ActivityManager: getRunningAppProcesses: caller 10140 does not hold REAL_GET_TASKS; limiting output
08-02 17:08:09.923  3507  8352 D HwLocalLocationProvider: start query Loc Form DB 
08-02 17:08:09.923  3507  8352 I HwLocalLocationProvider: query loc Form Cell Table,cellid == 84935701
08-02 17:08:09.928  3507  8352 D HwLocalLocationProvider: queryLocFormCellIdTable success
08-02 17:08:09.929  3507  8352 I HwLocalLocationProvider: query Loc Form cellid , locCellID = Location[local_database 31******,121****** acc=40 et=+1d23h46m14s0ms {Bundle[{key_loc_source=network}]}]
08-02 17:08:09.931  3507  8352 W HwLocalLocationProvider: query Loc Form bssid , locBssID = null.  return locCellID
08-02 17:08:09.931  3507  3507 D HwLocalLocationProvider: has query Loc Form DB and send msg to Hander
08-02 17:08:09.932  3507  4759 W ContextImpl: Calling a method in the system process without a qualified user: android.app.ContextImpl.sendBroadcast:869 com.android.server.location.HwLocalLocationManager$LocalLocationHandler.handleMessage:940 android.os.Handler.dispatchMessage:102 android.os.Looper.loop:150 android.os.HandlerThread.run:61 
08-02 17:08:09.933  3507  4759 I ActivityManager: collectReceiverComponents for intent: Intent { act=action_inject_location flg=0x10 (has extras) }, receivers: null
08-02 17:08:09.933  3507  4759 D HwLocalLocationProvider: sendBroadcast ACTION_INJECT_LOCATION
08-02 17:08:09.940  3507  3518 D HwLocalLocationProvider: HwLocalLocationManager requestLocation
08-02 17:08:09.941  3507  8822 D HwLocalLocationProvider: start query Loc Form DB 
08-02 17:08:09.941  3507  8822 I HwLocalLocationProvider: query loc Form Cell Table,cellid == 84935701
08-02 17:08:09.941  3507  3518 I ActivityManager: collectReceiverComponents for intent: Intent { act=android.location.LOCATION_REQUEST_CHANGE_ACTION flg=0x10 (has extras) }, receivers: null
08-02 17:08:09.943  3507  8822 D HwLocalLocationProvider: queryLocFormCellIdTable success
08-02 17:08:09.944  3507  8822 I HwLocalLocationProvider: query Loc Form cellid , locCellID = Location[local_database 31******,121****** acc=40 et=+1d23h46m14s15ms {Bundle[{key_loc_source=network}]}]
08-02 17:08:09.946  3507  8822 W HwLocalLocationProvider: query Loc Form bssid , locBssID = null.  return locCellID
08-02 17:08:09.946  3507  3507 D HwLocalLocationProvider: has query Loc Form DB and send msg to Hander
08-02 17:08:09.947  3507  4759 W ContextImpl: Calling a method in the system process without a qualified user: android.app.ContextImpl.sendBroadcast:869 com.android.server.location.HwLocalLocationManager$LocalLocationHandler.handleMessage:940 android.os.Handler.dispatchMessage:102 android.os.Looper.loop:150 android.os.HandlerThread.run:61 
08-02 17:08:09.948  3507  4759 I ActivityManager: collectReceiverComponents for intent: Intent { act=action_inject_location flg=0x10 (has extras) }, receivers: null
08-02 17:08:09.948  3507  4759 D HwLocalLocationProvider: sendBroadcast ACTION_INJECT_LOCATION
08-02 17:08:09.965  3507  4522 W ActivityManager: getRunningAppProcesses: caller 10140 does not hold REAL_GET_TASKS; limiting output
08-02 17:08:09.975  3507  4552 I HwActivityManagerService: ProcessRecord ProcessRecord{450ca70 14451:com.sankuai.meituan/u0a140} is not a cloned process
08-02 17:08:09.975  3507  4552 I HwActivityManagerService: PackageName for pid 14451 is com.sankuai.meituan
08-02 17:08:10.021  3507  4632 W ActivityManager: getRunningAppProcesses: caller 10140 does not hold REAL_GET_TASKS; limiting output
08-02 17:08:10.023  3507  4926 W ActivityManager: getRunningAppProcesses: caller 10140 does not hold REAL_GET_TASKS; limiting output
08-02 17:08:10.070  3507  4551 I HwActivityManagerService: ProcessRecord ProcessRecord{450ca70 14451:com.sankuai.meituan/u0a140} is not a cloned process
08-02 17:08:10.361 14451 14584 E ActivityThread: Failed to find provider info for com.sankuai.movie.OneIdProvider
08-02 17:08:10.384  3507  4869 I HwActivityManagerService: ProcessRecord ProcessRecord{450ca70 14451:com.sankuai.meituan/u0a140} is not a cloned process
08-02 17:08:10.543  3507  4632 W ActivityManager: getRunningAppProcesses: caller 10160 does not hold REAL_GET_TASKS; limiting output
08-02 17:08:10.659  3507  4552 I HwActivityManagerService: ProcessRecord ProcessRecord{8d3840e 30149:com.tencent.android.qqdownloader:daemon/u0a160} is not a cloned process
08-02 17:08:10.666  3507  4864 I HwActivityManagerService: ProcessRecord ProcessRecord{8d3840e 30149:com.tencent.android.qqdownloader:daemon/u0a160} is not a cloned process
08-02 17:08:10.695 14451 14639 E ActivityThread: Failed to find provider info for com.sankuai.movie.OneIdProvider
08-02 17:08:10.726  3507  4142 I HwActivityManagerService: collectReceiverComponents, callerApp: ProcessRecord{647d542 0:system/1000}, flags: 400
08-02 17:08:10.726  3507  4142 I ActivityManager: collectReceiverComponents for intent: Intent { act=android.net.wifi.SCAN_RESULTS flg=0x4000010 (has extras) }, receivers: [ResolveInfo{158d3ff com.android.settings/.wifi.cmcc.ConnectSwitchReceiver m=0x108000 euid=0}]
08-02 17:08:11.530  3507  4114 V AlarmManager: Alarm triggering (type 0 or 2): [Alarm{6f6533 type 2 when 171960044 com.google.android.gms}, Alarm{e5cfebc type 0 when 1501664891530 com.tencent.mobileqq}]
08-02 17:08:11.530  3507  4114 V AlarmManager: sending alarm Alarm{6f6533 type 2 when 171960044 com.google.android.gms},repeatInterval = 0
08-02 17:08:11.531  3507  4114 I HwActivityManagerService: collectReceiverComponents, callerApp: null, flags: 400
08-02 17:08:11.531  3507  4114 I ActivityManager: collectReceiverComponents for intent: Intent { act=com.google.android.gms.gcm.ACTION_CHECK_QUEUE flg=0x14 (has extras) }, receivers: [ResolveInfo{9a425cc com.google.android.gms/.gcm.nts.SchedulerInternalReceiver m=0x108000 euid=0}]
08-02 17:08:11.532  3507  4114 V AlarmManager: sending alarm Alarm{e5cfebc type 0 when 1501664891530 com.tencent.mobileqq},repeatInterval = 0
08-02 17:08:11.537  3507  4114 I ActivityManager: collectReceiverComponents for intent: Intent { act=com.tencent.mobileqq:MSF_158274060 flg=0x14 (has extras) }, receivers: null
08-02 17:08:11.545  3507  3507 E PowerManagerService: Exception when search wack lock :java.lang.IllegalArgumentException: Wake lock not active: android.os.Binder@ef4ab91 from uid 1000
08-02 17:08:11.551  3507  4867 I HwActivityManagerService: ProcessRecord ProcessRecord{27ce1cb 4523:com.tencent.mobileqq:MSF/u0a733} is not a cloned process
08-02 17:08:11.552  3507  4867 I HwActivityManagerService: PackageName for pid 4523 is com.tencent.mobileqq
08-02 17:08:11.556  3507  4630 V AlarmManager: set(PendingIntent{6307015: PendingIntentRecord{3a63947 com.tencent.mobileqq broadcastIntent}}) : type=0 triggerAtTime=1501664980863 win=66981 tElapsed=172064935 maxElapsed=172131916 interval=0 flags=0xc
08-02 17:08:11.559  3507  4909 I ActivityManager: collectReceiverComponents for intent: Intent { act=com.tencent.mobileqq.msf.wakeup flg=0x10 }, receivers: null
08-02 17:08:11.587  3507  4314 I ActivityManager: retrieveServiceLocked, callerApp: ProcessRecord{ca1b3a9 5970:com.google.android.gms.persistent/u0a8}, flags: 400
08-02 17:08:11.588  3507  4314 I ActivityManager: bindServiceLocked, r: ServiceRecord{a044f2a u0 euid: 0 com.google.android.keep/.service.ExperimentConfigInitService}, euid: 0
08-02 17:08:11.588  3507  4314 I ActivityManager: mAm.startProcessLocked for service: ServiceRecord{a044f2a u0 euid: 0 com.google.android.keep/.service.ExperimentConfigInitService}, appinfo euid: 0
08-02 17:08:11.589  3507  4314 I ActivityManager: new Process app=ProcessRecord{870b11b 0:com.google.android.keep/u0a239}, name: com.google.android.keep, euid: 0
08-02 17:08:11.613  3507  4314 I ActivityManager: Start proc 14645:com.google.android.keep/u0a239 for service com.google.android.keep/.service.ExperimentConfigInitService
08-02 17:08:11.626  3507  4522 V AlarmManager: set(PendingIntent{3d3d2b8: PendingIntentRecord{e7ed128 com.google.android.gms broadcastIntent}}) : type=2 triggerAtTime=173185877 win=907635 tElapsed=173185877 maxElapsed=174093512 interval=0 flags=0x8
08-02 17:08:11.810 14645 14645 D ActivityThread: ActivityThread,attachApplication
08-02 17:08:11.812  3507  4630 D ActivityManager: ActivityManagerService,attachApplication,callingPid = 14645
08-02 17:08:11.813  3507  4630 V ActivityManager: New app record ProcessRecord{870b11b 14645:com.google.android.keep/u0a239} thread=android.os.BinderProxy@db4f891 pid=14645
08-02 17:08:11.824  3383  3383 I gpsd_d  : CustomerModule::GlEngineOnStop(0, 0)
08-02 17:08:12.178  3507  4630 I HwActivityManagerService: ProcessRecord ProcessRecord{8d3840e 30149:com.tencent.android.qqdownloader:daemon/u0a160} is not a cloned process
08-02 17:08:12.183  3507  4870 I HwActivityManagerService: ProcessRecord ProcessRecord{8d3840e 30149:com.tencent.android.qqdownloader:daemon/u0a160} is not a cloned process
08-02 17:08:12.810  3507  4864 I ActivityManager: new Process app=ProcessRecord{81f8ccd 0:com.google.process.gapps/u0a8}, name: com.google.process.gapps, euid: 0
08-02 17:08:12.824  3507  4864 I ActivityManager: Start proc 14680:com.google.process.gapps/u0a8 for content provider com.google.android.gsf/.gservices.GservicesProvider
08-02 17:08:12.825  3507  4864 V ActivityManager_MU: Waiting to start provider ContentProviderRecord{5e39982 u0 euid:0 com.google.android.gsf/.gservices.GservicesProvider} launchingApp=ProcessRecord{81f8ccd 14680:com.google.process.gapps/u0a8} caller pid= 14645
08-02 17:08:12.865 14680 14680 D ActivityThread: ActivityThread,attachApplication
08-02 17:08:12.867  3507  4522 D ActivityManager: ActivityManagerService,attachApplication,callingPid = 14680
08-02 17:08:12.869  3507  4522 V ActivityManager: New app record ProcessRecord{81f8ccd 14680:com.google.process.gapps/u0a8} thread=android.os.BinderProxy@73a2893 pid=14680
08-02 17:08:13.030  3507  4864 V ActivityManager: Successfully start provider ContentProviderRecord{5e39982 u0 euid:0 com.google.android.gsf/.gservices.GservicesProvider} launchingApp=ProcessRecord{81f8ccd 14680:com.google.process.gapps/u0a8} caller pid= 14645
08-02 17:08:13.087  3507  4870 I HwActivityManagerService: ProcessRecord ProcessRecord{870b11b 14645:com.google.android.keep/u0a239} is not a cloned process
08-02 17:08:13.087  3507  4870 I HwActivityManagerService: PackageName for pid 14645 is com.google.android.keep
08-02 17:08:13.105  3507  4522 I HwActivityManagerService: collectReceiverComponents, callerApp: ProcessRecord{870b11b 14645:com.google.android.keep/u0a239}, flags: 400
08-02 17:08:13.105  3507  4522 I ActivityManager: collectReceiverComponents for intent: Intent { act=com.google.android.gms.gcm.ACTION_SCHEDULE flg=0x10 pkg=com.google.android.gms (has extras) }, receivers: [ResolveInfo{8d4baef com.google.android.gms/.gcm.nts.SchedulerReceiver m=0x108000 euid=0}]
08-02 17:08:13.113  3507  4552 I HwActivityManagerService: collectReceiverComponents, callerApp: ProcessRecord{870b11b 14645:com.google.android.keep/u0a239}, flags: 400
08-02 17:08:13.113  3507  4552 I ActivityManager: collectReceiverComponents for intent: Intent { act=com.google.android.gms.gcm.ACTION_SCHEDULE flg=0x10 pkg=com.google.android.gms (has extras) }, receivers: [ResolveInfo{76299fc com.google.android.gms/.gcm.nts.SchedulerReceiver m=0x108000 euid=0}]
08-02 17:08:13.121  3507  4926 I HwActivityManagerService: collectReceiverComponents, callerApp: ProcessRecord{870b11b 14645:com.google.android.keep/u0a239}, flags: 400
08-02 17:08:13.121  3507  4926 I ActivityManager: collectReceiverComponents for intent: Intent { act=com.google.android.gms.gcm.ACTION_SCHEDULE flg=0x10 pkg=com.google.android.gms (has extras) }, receivers: [ResolveInfo{4ce8885 com.google.android.gms/.gcm.nts.SchedulerReceiver m=0x108000 euid=0}]
08-02 17:08:13.129  3507  4551 I HwActivityManagerService: collectReceiverComponents, callerApp: ProcessRecord{870b11b 14645:com.google.android.keep/u0a239}, flags: 400
08-02 17:08:13.129  3507  4551 I ActivityManager: collectReceiverComponents for intent: Intent { act=com.google.android.gms.gcm.ACTION_SCHEDULE flg=0x10 pkg=com.google.android.gms (has extras) }, receivers: [ResolveInfo{566d6da com.google.android.gms/.gcm.nts.SchedulerReceiver m=0x108000 euid=0}]
08-02 17:08:13.145  3507  4551 V AlarmManager: set(PendingIntent{8dc170b: PendingIntentRecord{e7ed128 com.google.android.gms broadcastIntent}}) : type=2 triggerAtTime=172007189 win=22479 tElapsed=172007189 maxElapsed=172029668 interval=0 flags=0x8
08-02 17:08:13.170  3507  4552 V AlarmManager: set(PendingIntent{23d59e8: PendingIntentRecord{e7ed128 com.google.android.gms broadcastIntent}}) : type=2 triggerAtTime=172007221 win=22485 tElapsed=172007221 maxElapsed=172029706 interval=0 flags=0x8
08-02 17:08:13.198  3507  4908 I ActivityManager: retrieveServiceLocked, callerApp: ProcessRecord{870b11b 14645:com.google.android.keep/u0a239}, flags: 400
08-02 17:08:13.201  3507  4908 I ActivityManager: bindServiceLocked, r: ServiceRecord{b318e7 u0 euid: 0 com.google.android.gms/.phenotype.service.PhenotypeService}, euid: 0
08-02 17:08:13.207  3507  4867 I ActivityManager: retrieveServiceLocked, callerApp: ProcessRecord{ca1b3a9 5970:com.google.android.gms.persistent/u0a8}, flags: 400
08-02 17:08:13.210  3507  4867 I ActivityManager: bindServiceLocked, r: ServiceRecord{4b96732 u0 euid: 0 com.google.android.gms/.clearcut.service.ClearcutLoggerService}, euid: 0
08-02 17:08:13.238  3507  4314 I HwActivityManagerService: ProcessRecord ProcessRecord{870b11b 14645:com.google.android.keep/u0a239} is not a cloned process
08-02 17:08:13.269  3507  4864 V AlarmManager: set(PendingIntent{30e5c83: PendingIntentRecord{e7ed128 com.google.android.gms broadcastIntent}}) : type=2 triggerAtTime=172007337 win=22497 tElapsed=172007337 maxElapsed=172029834 interval=0 flags=0x8
08-02 17:08:13.295  3507  4869 I ActivityManager: retrieveServiceLocked, callerApp: ProcessRecord{ca1b3a9 5970:com.google.android.gms.persistent/u0a8}, flags: 400
08-02 17:08:13.295  3507  4869 I ActivityManager: bindServiceLocked, r: ServiceRecord{d9f7e00 u0 euid: 0 com.google.android.keep/.service.CleanupService}, euid: 0
08-02 17:08:13.310  3507  4632 I ActivityManager: retrieveServiceLocked, callerApp: ProcessRecord{ca1b3a9 5970:com.google.android.gms.persistent/u0a8}, flags: 400
08-02 17:08:13.311  3507  4632 I ActivityManager: bindServiceLocked, r: ServiceRecord{94cd639 u0 euid: 0 com.google.android.keep/.provider.RemindersDBUpgradeService}, euid: 0
08-02 17:08:13.326  3507  4864 V AlarmManager: set(PendingIntent{812c47e: PendingIntentRecord{e7ed128 com.google.android.gms broadcastIntent}}) : type=2 triggerAtTime=173185877 win=906360 tElapsed=173185877 maxElapsed=174092237 interval=0 flags=0x8
08-02 17:08:13.329  3507  4870 I ActivityManager: retrieveServiceLocked, callerApp: ProcessRecord{870b11b 14645:com.google.android.keep/u0a239}, flags: 400
08-02 17:08:13.332  3507  4870 I ActivityManager: bindServiceLocked, r: ServiceRecord{61b9cf5 u0 euid: 0 com.google.android.gms/.reminders.service.RemindersService}, euid: 0
08-02 17:08:13.337  3507  4522 V AlarmManager: set(PendingIntent{e12aa8a: PendingIntentRecord{e7ed128 com.google.android.gms broadcastIntent}}) : type=2 triggerAtTime=173185877 win=906351 tElapsed=173185877 maxElapsed=174092228 interval=0 flags=0x8
08-02 17:08:13.386  3507  4630 V AlarmManager: set(PendingIntent{ea4d8fb: PendingIntentRecord{e7ed128 com.google.android.gms broadcastIntent}}) : type=2 triggerAtTime=173185877 win=906315 tElapsed=173185877 maxElapsed=174092192 interval=0 flags=0x8
08-02 17:08:13.688  3507  4870 I HwActivityManagerService: ProcessRecord ProcessRecord{8d3840e 30149:com.tencent.android.qqdownloader:daemon/u0a160} is not a cloned process
08-02 17:08:13.694  3507  4864 I HwActivityManagerService: ProcessRecord ProcessRecord{8d3840e 30149:com.tencent.android.qqdownloader:daemon/u0a160} is not a cloned process
--------- beginning of main
08-02 17:08:14.041  4927  4927 I HwLauncher:  FPSMonitor [Launcher , dispatchTouchEvent end, false, true] up event  x = 388 y = 388
08-02 17:08:14.041  4927  4927 V AudioManager: playSoundEffect   effectType: 0
08-02 17:08:14.041  4927  4927 V AudioManager: querySoundEffectsEnabled...
08-02 17:08:14.042  4927  4927 W ResourceType: No known package when getting name for resource number 0x9c020101
08-02 17:08:14.042  4927  4927 I HwLauncher: Launcher onclick begin com.huawei.android.launcher.BubbleTextView{8a7dafd VFED..CL. ...P..ID 264,410-528,700 #9c020101}
08-02 17:08:14.045  4927  4927 I HwLauncher: Launcher.Utilities  startActivitySafely useLaunchAnimation = true
08-02 17:08:14.047  4927  4927 I HwLauncher: Launcher.Utilities  startActivitySafely begin startActivity() for current user
08-02 17:08:14.049  3507  4551 I ActivityManager: startActivityMayWait, callerApp: ProcessRecord{f299665 4927:com.huawei.android.launcher/u0a48}, intent: Intent { act=android.intent.action.MAIN cat=[android.intent.category.LAUNCHER] flg=0x10200000 cmp=com.yeapao.andorid/.MainActivity bnds=[276,380][540,670] }
08-02 17:08:14.050  3507  4551 I ActivityManager: resolve info: ResolveInfo{36f0d18 com.yeapao.andorid/.MainActivity m=0x0 euid=0}, euid: 0
08-02 17:08:14.051  3507  4551 I ActivityManager: START u0 {act=android.intent.action.MAIN cat=[android.intent.category.LAUNCHER] flg=0x10200000 cmp=com.yeapao.andorid/.MainActivity bnds=[276,380][540,670]} from uid 10048 on display 0
08-02 17:08:14.051  3507  4551 I HwUserBehaviourRecord: appEnterRecord---com.yeapao.andorid
08-02 17:08:14.053  3507  4551 I ActivityManager: ActivityRecord info: ActivityInfo{4d61371 com.yeapao.andorid.MainActivity}, euid=0
08-02 17:08:14.055  4872  4872 I K3V3CpuGovernorPolicy: set scene Hmp policy : 300 , 150
08-02 17:08:14.057  3507  4551 V HwWindowManagerService: moveTaskToTop mTaskChanged:true
08-02 17:08:14.059  3507  4551 I ActivityManager: create new task record, multiLaunchId: 0, intent = Intent { act=android.intent.action.MAIN cat=[android.intent.category.LAUNCHER] flg=0x10200000 cmp=com.yeapao.andorid/.MainActivity }
08-02 17:08:14.059  3507  4551 V HwWindowManagerService: moveTaskToTop mTaskChanged:true
08-02 17:08:14.061  3507  3536 D HwCust  : Create obj success use class android.app.HwCustHwWallpaperManagerImpl
08-02 17:08:14.064  3507  4551 V HwWindowManagerService: moveTaskToTop mTaskChanged:true
08-02 17:08:14.067  3507  4551 V HwWindowManagerService: setFocusedApp update app ops, mTaskChanged set to:false
08-02 17:08:14.067  4927  4927 I HwLauncher: Launcher.Utilities  startActivitySafely end startActivity() for current user
08-02 17:08:14.067  4927  4927 I HwLauncher: Launcher onclick end
08-02 17:08:14.074  4927  4927 I HwLauncher: Launcher onPause()
08-02 17:08:14.075  4927 14707 I HwLauncher: Launcher.MotionManager stopMotionAppsReco begin,flg = 402
08-02 17:08:14.075  4927 14707 D MotionDetectionManager: stopMotionAppsReco motionApps: 402
08-02 17:08:14.075  4927 14707 D MotionDetectionManager: stopMotionAppsReco not recognition motionApps 402
08-02 17:08:14.075  4927 14707 W HwLauncher: Launcher.MotionManager stopMotionAppsReco service flg 402 is unavailable
