08-02 17:08:14.077  4927 14708 I HwLauncher: Launcher.MotionManager stopMotionAppsReco begin,flg = 403
08-02 17:08:14.077  3507  4552 I ActivityManager: mService.startProcessLocked for activity: ActivityRecord{378e556 u0 com.yeapao.andorid/.MainActivity t2889}, appinfo euid: 0
08-02 17:08:14.077  3507  4552 D ActivityManager: Clearing bad pkg: com.yeapao.andorid
08-02 17:08:14.077  3507  4552 I ActivityManager: new Process app=ProcessRecord{8e6730 0:com.yeapao.andorid/u0a805}, name: com.yeapao.andorid, euid: 0
08-02 17:08:14.077  4927 14708 D MotionDetectionManager: stopMotionAppsReco motionApps: 403
08-02 17:08:14.077  4927 14708 D MotionDetectionManager: stopMotionAppsReco not recognition motionApps 403
08-02 17:08:14.077  4927 14708 W HwLauncher: Launcher.MotionManager stopMotionAppsReco service flg 403 is unavailable
08-02 17:08:14.096  3507  4552 I ActivityManager: Start proc 14709:com.yeapao.andorid/u0a805 for activity com.yeapao.andorid/.MainActivity
08-02 17:08:14.099 14709 14709 I art     : Late-enabling -Xcheck:jni
08-02 17:08:14.104  4927  4927 I SendBroadcastPermission: action:com.huawei.android.action.WIDGET_FOCUS_CHANGE, mPermissionType:0
08-02 17:08:14.105  3507  4869 I ActivityManager: collectReceiverComponents for intent: Intent { act=com.huawei.android.action.WIDGET_FOCUS_CHANGE flg=0x10 (has extras) }, receivers: null
08-02 17:08:14.112  4927  4927 I 2DSDR   : APS: 2DSDR: AbsListView.FlingRunnable.endFling, we will clear SDR ratio
08-02 17:08:14.122  2949 19775 I [Gralloc]: alloc w[1080] h[1920] format[1] usage[2355]
08-02 17:08:14.122  2949 19775 I [Gralloc]: alloc succ handle[0x5563e904a0] stride[1120]
08-02 17:08:14.123  2949  3045 I [Gralloc]: alloc w[1080] h[1920] format[1] usage[3]
08-02 17:08:14.131  2949  3045 I [Gralloc]: alloc succ handle[0x5563f31920] stride[1120]
08-02 17:08:14.141  3507  3507 I TrafficMonitor: update:rxPkts:10,txPkts:14,rxBytes:7132,txBytes:1073
08-02 17:08:14.141  3507  3507 I TrafficMonitor: start expired. level:-1
08-02 17:08:14.141  3507  3507 I TrafficMonitor: gettimer:interval=2000
08-02 17:08:14.162 14709 14709 D ActivityThread: ActivityThread,attachApplication
08-02 17:08:14.163  3507  4867 D ActivityManager: ActivityManagerService,attachApplication,callingPid = 14709
08-02 17:08:14.165  3507  4867 V ActivityManager: New app record ProcessRecord{8e6730 14709:com.yeapao.andorid/u0a805} thread=android.os.BinderProxy@1cead65 pid=14709
08-02 17:08:14.170  3507  4867 I ActivityManager: launch r: ActivityRecord{378e556 u0 com.yeapao.andorid/.MainActivity t2889}, uid = 10805, r.info.applicationInfo.euid  = 0
08-02 17:08:14.171  3507  4867 V SMCSAMSHelper: SMCSAMSHelper.addSTPEvent: cost 0 ms end.
08-02 17:08:14.171  3507  4867 V SMCSAMSHelper: SMCSAMSHelper.smartTrimProcessPackageResume: cost time 0 ms end.
08-02 17:08:14.173  4872  5875 W PGApi_client: recv actoionId = 10000, action = com.huawei.pgmng.PGAction@77f133f actionId =10000 pkg =com.yeapao.andorid extend1 =9979 extend2 = flag =3 type =1
08-02 17:08:14.173  4872  5875 W PGMiddleWare: in handleAction method, action = 10000
08-02 17:08:14.173  4872  5875 W PGMiddleWare: in handleAction, invoke client = com.huawei.pgmng.middleware.AudioEffectLowPowerImpl@aef70a8, action = com.huawei.pgmng.PGAction@77f133f actionId =10000 pkg =com.yeapao.andorid extend1 =9979 extend2 = flag =3 type =1
08-02 17:08:14.173  4872  5875 V AudioManager: isMusicActive...
08-02 17:08:14.186  3507  4867 V AppWindowAnimator: Can't get Looper return 0
08-02 17:08:14.197  4332  5577 I HwSystemManager: NotificationGuideService:handle MSG_ACTIVIY_FOREGROUND, uid:10805
08-02 17:08:14.197  4269  4269 D PhoneStatusBar: setSystemUiVisibility vis=8600 mask=ffffffff oldVal=c0000700 newVal=8600 diff=c0008100
08-02 17:08:14.197  4269  4269 D PhoneStatusBar: sbMode=5, nbMode=5mStatusBarMode=2, mNavigationBarMode=2
08-02 17:08:14.197  4269  4269 D BarTransitions.PhoneStatusBarView: MODE_TRANSLUCENT -> MODE_TRANSPARENT animate=false
08-02 17:08:14.197  4269  4269 D BarTransitions.PhoneStatusBarView: applyModeBackground MODE_TRANSPARENT animate=false,mGradientBackground=true
08-02 17:08:14.198  4269  4269 D BarTransitions.PhoneStatusBarView: setColor = 00000000
08-02 17:08:14.198  4269  4269 D BarTransitions.PhoneStatusBarView: Show color layer
08-02 17:08:14.198  4269  4269 D BarTransitions.NavigationBarView: MODE_TRANSLUCENT -> MODE_TRANSPARENT animate=false
08-02 17:08:14.198  4269  4269 D BarTransitions.NavigationBarView: applyModeBackground MODE_TRANSPARENT animate=false,mGradientBackground=true
08-02 17:08:14.198  4269  4269 D BarTransitions.NavigationBarView: setColor = 00000000
08-02 17:08:14.198  4269  4269 D BarTransitions.NavigationBarView: Show color layer
08-02 17:08:14.198  4269  4269 D TintManager: updateBarTint
08-02 17:08:14.202  2949  3026 I [Gralloc]: alloc w[16] h[16] format[1] usage[256]
08-02 17:08:14.203  2949  3026 I [Gralloc]: alloc succ handle[0x5563cdd6a0] stride[32]
08-02 17:08:14.207 14709 14722 E HAL     : load: id=gralloc != hmi->id=gralloc
08-02 17:08:14.220 14709 14709 D HwCust  : Create obj success use class android.content.res.HwCustHwResourcesImpl
08-02 17:08:14.226  4927  5164 I HwLauncher: DynamicUpdater updateBitmap end and send update message
08-02 17:08:14.313  3383  3383 D gpsd    : WakeLock(Acquire,GPSD)
08-02 17:08:14.313  3383  3383 D gpsd    : WakeLock(Release,GPSD)
08-02 17:08:14.320  3507  3507 I MQoS    : onSignal: mSubId=0,currDataSubID=0
08-02 17:08:14.320  3507  3507 I MQoS    : received cell-signal:5
08-02 17:08:14.321  4814  5030 D cell strength: ===== cell singal strength changed : 0
08-02 17:08:14.322  4269  4269 D NetworkController.MobileSignalController(0): mSimSubId:0 onSignalStrengthsChanged signalStrength=SignalStrength: 0 -2145384446 0 255 -1 -1 -1 -1 -1 -1 -82 -6 14 -1 false gw|lte level=4
08-02 17:08:14.322  4269  4269 D NetworkController.MobileSignalController(0):  mDataNetType:13 indexOfkey:11 iconGroup.mName:4G roaming:false
08-02 17:08:14.323  3507  4552 I SendBroadcastPermission: action:android.intent.action.SIG_STR, mPermissionType:0
08-02 17:08:14.324  3507  4552 I ActivityManager: collectReceiverComponents for intent: Intent { act=android.intent.action.SIG_STR flg=0x20000010 (has extras) }, receivers: null
08-02 17:08:14.327  3507  4870 W ActivityManager: getRunningAppProcesses: caller 10733 does not hold REAL_GET_TASKS; limiting output
08-02 17:08:14.328  4269  4328 I HwCustMobileSignalControllerImpl: subId:0 phoneType:1 networktype:13 targetClass:3 masterLevel:4 slaveLevel:-1
08-02 17:08:14.342  4269  4269 D ImageWallpaper: onVisibilityChanged: mVisible, visible=true, false
08-02 17:08:14.343  4269  5258 D ImageWallpaper: Suppressed drawFrame since redraw is not needed and offsets have not changed. rotation new/old: 0/0, width new/old: 2160/2160, height new/old: 1920/1920, offsetChanged: false
08-02 17:08:14.352 14725 14725 E dex2oat : Failed to create oat file: /data/dalvik-cache/arm64/data@app@com.yeapao.andorid-1@split_lib_dependencies_apk.apk@classes.dex: Permission denied
08-02 17:08:14.352 14725 14725 I dex2oat : dex2oat took 4.224ms (threads: 4) 
08-02 17:08:14.357 14709 14709 W art     : Failed execv(/system/bin/dex2oat --runtime-arg -classpath --runtime-arg  --debuggable --instruction-set=arm64 --instruction-set-features=smp,a53 --runtime-arg -Xrelocate --boot-image=/system/framework/boot.art --runtime-arg -Xms64m --runtime-arg -Xmx512m --instruction-set-variant=generic --instruction-set-features=default --dex-file=/data/app/com.yeapao.andorid-1/split_lib_dependencies_apk.apk --oat-file=/data/dalvik-cache/arm64/data@app@com.yeapao.andorid-1@split_lib_dependencies_apk.apk@classes.dex) because non-0 exit status
08-02 17:08:14.413  3507  4142 D WifiHW  : wifi_send_command: cmd:'IFNAME=wlan0 SIGNAL_POLL'
08-02 17:08:14.413  4331  4331 D wpa_supplicant: wlan0: Control interface command 'SIGNAL_POLL'
08-02 17:08:14.419  3507  4142 E WifiConfigStore: updateConfiguration freq=2462 BSSID=30:fc:68:d1:10:23 RSSI=-72 "yepao"WPA_PSK
08-02 17:08:14.747  3507  4188 D HwArpVerifier: There are 0 mac address for gateway 
08-02 17:08:14.748  3507  4188 D wifiserviceimpl: netmask =16777215
08-02 17:08:14.748  3507  4188 D HwArpVerifier: ARP wlan0,addr: /192.168.2.164
08-02 17:08:14.874 14730 14730 E dex2oat : Failed to create oat file: /data/dalvik-cache/arm64/data@app@com.yeapao.andorid-1@split_lib_slice_0_apk.apk@classes.dex: Permission denied
08-02 17:08:14.874 14730 14730 I dex2oat : dex2oat took 19.052ms (threads: 4) 
08-02 17:08:14.876 14709 14709 W art     : Failed execv(/system/bin/dex2oat --runtime-arg -classpath --runtime-arg  --debuggable --instruction-set=arm64 --instruction-set-features=smp,a53 --runtime-arg -Xrelocate --boot-image=/system/framework/boot.art --runtime-arg -Xms64m --runtime-arg -Xmx512m --instruction-set-variant=generic --instruction-set-features=default --dex-file=/data/app/com.yeapao.andorid-1/split_lib_slice_0_apk.apk --oat-file=/data/dalvik-cache/arm64/data@app@com.yeapao.andorid-1@split_lib_slice_0_apk.apk@classes.dex) because non-0 exit status
08-02 17:08:14.880  4872  4872 I K3V3CpuGovernorPolicy: close previously scene Hmp policy : 300 , 150
08-02 17:08:14.911  3507  4107 D HwBatteryService: onUEvent fcp_values = 0
08-02 17:08:14.911  3383  3383 D gpsd    : WakeLock(Acquire,GPSD)
08-02 17:08:14.912  3383  3383 I gpsd_d  : CustomerModule::OnMessage, MSG_UEVENT_NOTIFY (cnt:34947)
08-02 17:08:14.912  3383  3383 D gpsd    : WakeLock(Release,GPSD)
08-02 17:08:14.915  4269  4269 D PowerUI : level:98-->98 status:2-->2 plugType:2-->2 invalidCharger:0-->0 bucket:1-->1 plugged:true-->true
08-02 17:08:14.921  3507  3507 D WifiService: onReceive, action:android.intent.action.BATTERY_CHANGED
08-02 17:08:14.921  3507  3507 D WifiService: ACTION_BATTERY_CHANGED pluggedType: 2
08-02 17:08:14.921  3507  3507 D HwGpsPowerTracker: ACTION_BATTERY_CHANGED pluggedType: 2
08-02 17:08:14.922  3507  4632 I HwActivityManagerService: ProcessRecord ProcessRecord{4461849 4269:com.android.systemui/u0a83} is not a cloned process
08-02 17:08:14.923  4896 11997 D HwPowerMonitor.Utils: ScrOff setChargingState mIsCharging = true
08-02 17:08:14.923  4896 11997 I HwPowerMonitor.PowerExceptionObservable: unhandled onEvent actionID: 3002
08-02 17:08:14.923  4896 11997 W HwPowerMonitor.DayActObserver: mModemLogStatsTimes = 0, ModemLogState = 0
08-02 17:08:14.923  4896 11997 W HwPowerMonitor.DayActObserver: BAT_CHANGED, mIsScrnOffBatStatsEnabled = true, mIsCharging = true, mIsScrnOfBatDropMonitorStart = false
08-02 17:08:14.929  3507  4552 I HwActivityManagerService: ProcessRecord ProcessRecord{1b82d4e 27363:com.huawei.android.ds/1001} is not a cloned process
08-02 17:08:14.959  3383  3383 D gpsd    : WakeLock(Acquire,GPSD)
08-02 17:08:14.959  3383  3383 D gpsd    : WakeLock(Release,GPSD)
08-02 17:08:14.959 14735 14735 E dex2oat : Failed to create oat file: /data/dalvik-cache/arm64/data@app@com.yeapao.andorid-1@split_lib_slice_1_apk.apk@classes.dex: Permission denied
08-02 17:08:14.959 14735 14735 I dex2oat : dex2oat took 1.871ms (threads: 4) 
08-02 17:08:14.962 14709 14709 W art     : Failed execv(/system/bin/dex2oat --runtime-arg -classpath --runtime-arg  --debuggable --instruction-set=arm64 --instruction-set-features=smp,a53 --runtime-arg -Xrelocate --boot-image=/system/framework/boot.art --runtime-arg -Xms64m --runtime-arg -Xmx512m --instruction-set-variant=generic --instruction-set-features=default --dex-file=/data/app/com.yeapao.andorid-1/split_lib_slice_1_apk.apk --oat-file=/data/dalvik-cache/arm64/data@app@com.yeapao.andorid-1@split_lib_slice_1_apk.apk@classes.dex) because non-0 exit status
08-02 17:08:15.027 14741 14741 E dex2oat : Failed to create oat file: /data/dalvik-cache/arm64/data@app@com.yeapao.andorid-1@split_lib_slice_2_apk.apk@classes.dex: Permission denied
08-02 17:08:15.027 14741 14741 I dex2oat : dex2oat took 855.417us (threads: 4) 
08-02 17:08:15.030 14709 14709 W art     : Failed execv(/system/bin/dex2oat --runtime-arg -classpath --runtime-arg  --debuggable --instruction-set=arm64 --instruction-set-features=smp,a53 --runtime-arg -Xrelocate --boot-image=/system/framework/boot.art --runtime-arg -Xms64m --runtime-arg -Xmx512m --instruction-set-variant=generic --instruction-set-features=default --dex-file=/data/app/com.yeapao.andorid-1/split_lib_slice_2_apk.apk --oat-file=/data/dalvik-cache/arm64/data@app@com.yeapao.andorid-1@split_lib_slice_2_apk.apk@classes.dex) because non-0 exit status
08-02 17:08:15.107 14745 14745 E dex2oat : Failed to create oat file: /data/dalvik-cache/arm64/data@app@com.yeapao.andorid-1@split_lib_slice_3_apk.apk@classes.dex: Permission denied
08-02 17:08:15.107 14745 14745 I dex2oat : dex2oat took 783.334us (threads: 4) 
08-02 17:08:15.109 14709 14709 W art     : Failed execv(/system/bin/dex2oat --runtime-arg -classpath --runtime-arg  --debuggable --instruction-set=arm64 --instruction-set-features=smp,a53 --runtime-arg -Xrelocate --boot-image=/system/framework/boot.art --runtime-arg -Xms64m --runtime-arg -Xmx512m --instruction-set-variant=generic --instruction-set-features=default --dex-file=/data/app/com.yeapao.andorid-1/split_lib_slice_3_apk.apk --oat-file=/data/dalvik-cache/arm64/data@app@com.yeapao.andorid-1@split_lib_slice_3_apk.apk@classes.dex) because non-0 exit status
08-02 17:08:15.170 30149 30333 I EventController: handleEvent msg.what = 13002 refs = null
08-02 17:08:15.173 30186 30359 I EventController: handleEvent msg.what = 13002 refs = [java.lang.ref.WeakReference@b21d31f]
08-02 17:08:15.173 30445 30510 I EventController: handleEvent msg.what = 13002 refs = null
08-02 17:08:15.174 31327 31388 I EventController: handleEvent msg.what = 13002 refs = null
08-02 17:08:15.175  3507  3519 V SMCSAMSHelper: SMCSAMSHelper.addSTPEvent: cost 0 ms end.
08-02 17:08:15.175  3507  3519 V SMCSAMSHelper: SMCSAMSHelper.smartTrimAddProcessRelation: cost 0 ms end.
08-02 17:08:15.183  3507  4926 I HwActivityManagerService: ProcessRecord ProcessRecord{8d3840e 30149:com.tencent.android.qqdownloader:daemon/u0a160} is not a cloned process
08-02 17:08:15.186  3507  4632 I HwActivityManagerService: ProcessRecord ProcessRecord{8d3840e 30149:com.tencent.android.qqdownloader:daemon/u0a160} is not a cloned process
08-02 17:08:15.188  3507  3518 V SMCSAMSHelper: SMCSAMSHelper.addSTPEvent: cost 0 ms end.
08-02 17:08:15.188  3507  3518 V SMCSAMSHelper: SMCSAMSHelper.smartTrimAddProcessRelation: cost 0 ms end.
08-02 17:08:15.188 14749 14749 E dex2oat : Failed to create oat file: /data/dalvik-cache/arm64/data@app@com.yeapao.andorid-1@split_lib_slice_4_apk.apk@classes.dex: Permission denied
08-02 17:08:15.188 14749 14749 I dex2oat : dex2oat took 12.669ms (threads: 4) 
08-02 17:08:15.192 14709 14709 W art     : Failed execv(/system/bin/dex2oat --runtime-arg -classpath --runtime-arg  --debuggable --instruction-set=arm64 --instruction-set-features=smp,a53 --runtime-arg -Xrelocate --boot-image=/system/framework/boot.art --runtime-arg -Xms64m --runtime-arg -Xmx512m --instruction-set-variant=generic --instruction-set-features=default --dex-file=/data/app/com.yeapao.andorid-1/split_lib_slice_4_apk.apk --oat-file=/data/dalvik-cache/arm64/data@app@com.yeapao.andorid-1@split_lib_slice_4_apk.apk@classes.dex) because non-0 exit status
08-02 17:08:15.207  3507  4870 V SMCSAMSHelper: SMCSAMSHelper.addSTPEvent: cost 0 ms end.
08-02 17:08:15.207  3507  4870 V SMCSAMSHelper: SMCSAMSHelper.smartTrimAddProcessRelation: cost 0 ms end.
08-02 17:08:15.216  3507  4630 V SMCSAMSHelper: SMCSAMSHelper.addSTPEvent: cost 0 ms end.
08-02 17:08:15.216  3507  4630 V SMCSAMSHelper: SMCSAMSHelper.smartTrimAddProcessRelation: cost 0 ms end.
08-02 17:08:15.227  4927  5164 I HwLauncher: DynamicUpdater updateBitmap end and send update message
08-02 17:08:15.234  3507  4522 V SMCSAMSHelper: SMCSAMSHelper.addSTPEvent: cost 0 ms end.
08-02 17:08:15.234  3507  4522 V SMCSAMSHelper: SMCSAMSHelper.smartTrimAddProcessRelation: cost 1 ms end.
08-02 17:08:15.250  3507  4278 V SMCSAMSHelper: SMCSAMSHelper.addSTPEvent: cost 0 ms end.
08-02 17:08:15.250  3507  4278 V SMCSAMSHelper: SMCSAMSHelper.smartTrimAddProcessRelation: cost 0 ms end.
08-02 17:08:15.252  4269  4328 D HwCustPhoneStatusBar: mVsimId is -1
08-02 17:08:15.261  3507  4869 V SMCSAMSHelper: SMCSAMSHelper.addSTPEvent: cost 0 ms end.
08-02 17:08:15.261  3507  4869 V SMCSAMSHelper: SMCSAMSHelper.smartTrimAddProcessRelation: cost 0 ms end.
08-02 17:08:15.270  3507  4522 V SMCSAMSHelper: SMCSAMSHelper.addSTPEvent: cost 0 ms end.
08-02 17:08:15.270  3507  4522 V SMCSAMSHelper: SMCSAMSHelper.smartTrimAddProcessRelation: cost 0 ms end.
08-02 17:08:15.280  3507  3518 V SMCSAMSHelper: SMCSAMSHelper.addSTPEvent: cost 0 ms end.
08-02 17:08:15.280  3507  3518 V SMCSAMSHelper: SMCSAMSHelper.smartTrimAddProcessRelation: cost 0 ms end.
08-02 17:08:15.287 14753 14753 E dex2oat : Failed to create oat file: /data/dalvik-cache/arm64/data@app@com.yeapao.andorid-1@split_lib_slice_5_apk.apk@classes.dex: Permission denied
08-02 17:08:15.287 14753 14753 I dex2oat : dex2oat took 748.958us (threads: 4) 
08-02 17:08:15.288  3507  4632 V SMCSAMSHelper: SMCSAMSHelper.addSTPEvent: cost 0 ms end.
08-02 17:08:15.288  3507  4632 V SMCSAMSHelper: SMCSAMSHelper.smartTrimAddProcessRelation: cost 0 ms end.
08-02 17:08:15.290 14709 14709 W art     : Failed execv(/system/bin/dex2oat --runtime-arg -classpath --runtime-arg  --debuggable --instruction-set=arm64 --instruction-set-features=smp,a53 --runtime-arg -Xrelocate --boot-image=/system/framework/boot.art --runtime-arg -Xms64m --runtime-arg -Xmx512m --instruction-set-variant=generic --instruction-set-features=default --dex-file=/data/app/com.yeapao.andorid-1/split_lib_slice_5_apk.apk --oat-file=/data/dalvik-cache/arm64/data@app@com.yeapao.andorid-1@split_lib_slice_5_apk.apk@classes.dex) because non-0 exit status
08-02 17:08:15.300  3507  4870 V SMCSAMSHelper: SMCSAMSHelper.addSTPEvent: cost 0 ms end.
08-02 17:08:15.300  3507  4870 V SMCSAMSHelper: SMCSAMSHelper.smartTrimAddProcessRelation: cost 0 ms end.
08-02 17:08:15.309  3507  3518 V SMCSAMSHelper: SMCSAMSHelper.addSTPEvent: cost 0 ms end.
08-02 17:08:15.309  3507  3518 V SMCSAMSHelper: SMCSAMSHelper.smartTrimAddProcessRelation: cost 0 ms end.
08-02 17:08:15.319  3507  4908 V SMCSAMSHelper: SMCSAMSHelper.addSTPEvent: cost 0 ms end.
08-02 17:08:15.319  3507  4908 V SMCSAMSHelper: SMCSAMSHelper.smartTrimAddProcessRelation: cost 0 ms end.
08-02 17:08:15.329  3507  3519 V SMCSAMSHelper: SMCSAMSHelper.addSTPEvent: cost 0 ms end.
08-02 17:08:15.329  3507  3519 V SMCSAMSHelper: SMCSAMSHelper.smartTrimAddProcessRelation: cost 0 ms end.
08-02 17:08:15.339  3507  4552 V SMCSAMSHelper: SMCSAMSHelper.addSTPEvent: cost 0 ms end.
08-02 17:08:15.339  3507  4552 V SMCSAMSHelper: SMCSAMSHelper.smartTrimAddProcessRelation: cost 1 ms end.
08-02 17:08:15.346  3507  4314 V SMCSAMSHelper: SMCSAMSHelper.addSTPEvent: cost 0 ms end.
08-02 17:08:15.346  3507  4314 V SMCSAMSHelper: SMCSAMSHelper.smartTrimAddProcessRelation: cost 0 ms end.
08-02 17:08:15.355  3507  4278 V SMCSAMSHelper: SMCSAMSHelper.addSTPEvent: cost 0 ms end.
08-02 17:08:15.355  3507  4278 V SMCSAMSHelper: SMCSAMSHelper.smartTrimAddProcessRelation: cost 0 ms end.
08-02 17:08:15.368  3507  3519 V SMCSAMSHelper: SMCSAMSHelper.addSTPEvent: cost 0 ms end.
08-02 17:08:15.368  3507  3519 V SMCSAMSHelper: SMCSAMSHelper.smartTrimAddProcessRelation: cost 0 ms end.
08-02 17:08:15.371 14759 14759 E dex2oat : Failed to create oat file: /data/dalvik-cache/arm64/data@app@com.yeapao.andorid-1@split_lib_slice_6_apk.apk@classes.dex: Permission denied
08-02 17:08:15.372 14759 14759 I dex2oat : dex2oat took 677.708us (threads: 4) 
08-02 17:08:15.373 14709 14709 W art     : Failed execv(/system/bin/dex2oat --runtime-arg -classpath --runtime-arg  --debuggable --instruction-set=arm64 --instruction-set-features=smp,a53 --runtime-arg -Xrelocate --boot-image=/system/framework/boot.art --runtime-arg -Xms64m --runtime-arg -Xmx512m --instruction-set-variant=generic --instruction-set-features=default --dex-file=/data/app/com.yeapao.andorid-1/split_lib_slice_6_apk.apk --oat-file=/data/dalvik-cache/arm64/data@app@com.yeapao.andorid-1@split_lib_slice_6_apk.apk@classes.dex) because non-0 exit status
08-02 17:08:15.380  3507  4867 V SMCSAMSHelper: SMCSAMSHelper.addSTPEvent: cost 0 ms end.
08-02 17:08:15.380  3507  4867 V SMCSAMSHelper: SMCSAMSHelper.smartTrimAddProcessRelation: cost 0 ms end.
08-02 17:08:15.390  3507  4908 V SMCSAMSHelper: SMCSAMSHelper.addSTPEvent: cost 0 ms end.
08-02 17:08:15.390  3507  4908 V SMCSAMSHelper: SMCSAMSHelper.smartTrimAddProcessRelation: cost 0 ms end.
08-02 17:08:15.457 14765 14765 E dex2oat : Failed to create oat file: /data/dalvik-cache/arm64/data@app@com.yeapao.andorid-1@split_lib_slice_7_apk.apk@classes.dex: Permission denied
08-02 17:08:15.457 14765 14765 I dex2oat : dex2oat took 674.792us (threads: 4) 
08-02 17:08:15.460 14709 14709 W art     : Failed execv(/system/bin/dex2oat --runtime-arg -classpath --runtime-arg  --debuggable --instruction-set=arm64 --instruction-set-features=smp,a53 --runtime-arg -Xrelocate --boot-image=/system/framework/boot.art --runtime-arg -Xms64m --runtime-arg -Xmx512m --instruction-set-variant=generic --instruction-set-features=default --dex-file=/data/app/com.yeapao.andorid-1/split_lib_slice_7_apk.apk --oat-file=/data/dalvik-cache/arm64/data@app@com.yeapao.andorid-1@split_lib_slice_7_apk.apk@classes.dex) because non-0 exit status
08-02 17:08:15.528 14770 14770 E dex2oat : Failed to create oat file: /data/dalvik-cache/arm64/data@app@com.yeapao.andorid-1@split_lib_slice_8_apk.apk@classes.dex: Permission denied
08-02 17:08:15.528 14770 14770 I dex2oat : dex2oat took 691.041us (threads: 4) 
08-02 17:08:15.531 14709 14709 W art     : Failed execv(/system/bin/dex2oat --runtime-arg -classpath --runtime-arg  --debuggable --instruction-set=arm64 --instruction-set-features=smp,a53 --runtime-arg -Xrelocate --boot-image=/system/framework/boot.art --runtime-arg -Xms64m --runtime-arg -Xmx512m --instruction-set-variant=generic --instruction-set-features=default --dex-file=/data/app/com.yeapao.andorid-1/split_lib_slice_8_apk.apk --oat-file=/data/dalvik-cache/arm64/data@app@com.yeapao.andorid-1@split_lib_slice_8_apk.apk@classes.dex) because non-0 exit status
08-02 17:08:15.631 14774 14774 E dex2oat : Failed to create oat file: /data/dalvik-cache/arm64/data@app@com.yeapao.andorid-1@split_lib_slice_9_apk.apk@classes.dex: Permission denied
08-02 17:08:15.631 14774 14774 I dex2oat : dex2oat took 667.500us (threads: 4) 
08-02 17:08:15.634 14709 14709 W art     : Failed execv(/system/bin/dex2oat --runtime-arg -classpath --runtime-arg  --debuggable --instruction-set=arm64 --instruction-set-features=smp,a53 --runtime-arg -Xrelocate --boot-image=/system/framework/boot.art --runtime-arg -Xms64m --runtime-arg -Xmx512m --instruction-set-variant=generic --instruction-set-features=default --dex-file=/data/app/com.yeapao.andorid-1/split_lib_slice_9_apk.apk --oat-file=/data/dalvik-cache/arm64/data@app@com.yeapao.andorid-1@split_lib_slice_9_apk.apk@classes.dex) because non-0 exit status
08-02 17:08:15.683  3507  4522 I HwActivityManagerService: ProcessRecord ProcessRecord{8e6730 14709:com.yeapao.andorid/u0a805} is not a cloned process
08-02 17:08:15.686  3507  4551 W ActivityManager: getRunningAppProcesses: caller 10805 does not hold REAL_GET_TASKS; limiting output
08-02 17:08:15.687 14709 14709 I InstantRun: starting instant run server: is main process
08-02 17:08:15.800 14451 14451 D zzz     : 88888
08-02 17:08:15.800 14451 14451 D zzz     : 99999
08-02 17:08:15.800 14451 14451 D zzz     : 101010
08-02 17:08:15.800 14451 14451 D zzz     : 000000
08-02 17:08:15.832 14709 14709 V HwPolicyFactory: : success to get AllImpl object and return....
08-02 17:08:15.845 14709 14709 I HwCust  : Constructor found for class android.app.HwCustHwWallpaperManagerImpl
08-02 17:08:15.845 14709 14709 D HwCust  : Create obj success use class android.app.HwCustHwWallpaperManagerImpl
08-02 17:08:15.846 14709 14709 V HwWidgetFactory: : successes to get AllImpl object and return....
08-02 17:08:15.852 14709 14709 V ActivityThread: ActivityThread,callActivityOnCreate
08-02 17:08:15.877  3507  4188 D HwArpVerifier: ping: ping -c 1 -w 2 192.168.2.1
08-02 17:08:15.877  3507  4188 I System.out: [ping, -c, 1, -w, 2, 192.168.2.1]
08-02 17:08:15.877  3507  4188 I System.out: null
08-02 17:08:15.877  3507  4188 I System.out: null
08-02 17:08:15.881  3507  4188 I System.out: Calling by::className:com.android.server.wifi.HwArpVerifier  MethodName:ping
08-02 17:08:15.892 14709 14709 W art     : Before Android 4.1, method android.graphics.PorterDuffColorFilter android.support.graphics.drawable.VectorDrawableCompat.updateTintFilter(android.graphics.PorterDuffColorFilter, android.content.res.ColorStateList, android.graphics.PorterDuff$Mode) would have incorrectly overridden the package-private method in android.graphics.drawable.Drawable
08-02 17:08:15.926  3507  4142 D WifiHW  : wifi_send_command: cmd:'IFNAME=wlan0 SIGNAL_POLL'
08-02 17:08:15.926  4331  4331 D wpa_supplicant: wlan0: Control interface command 'SIGNAL_POLL'
08-02 17:08:15.933  3507  4142 E WifiConfigStore: updateConfiguration freq=2462 BSSID=30:fc:68:d1:10:23 RSSI=-70 "yepao"WPA_PSK
08-02 17:08:15.933  3507  4142 D WifiHW  : wifi_send_command: cmd:'IFNAME=wlan0 PKTCNT_POLL'
08-02 17:08:15.933  4331  4331 D wpa_supplicant: wlan0: Control interface command 'PKTCNT_POLL'
08-02 17:08:15.936  3507  4198 D HuaweiWifiWatchdogStateMachine: LM mrssi=-70
08-02 17:08:15.937  3507  4198 I HuaweiWifiWatchdogStateMachine: spd good count:0, add sc:0.0, rate:1.0
08-02 17:08:15.938  3507  4198 D HuaweiWifiWatchdogStateMachine: high data flow: protection_counter = 0,  not_detect_counter = 74
08-02 17:08:15.938  3507  4198 D HuaweiWifiWatchdogStateMachine: high data flow scenario: 0 --> 0 rx bytes =47KB
08-02 17:08:15.938  3507  4198 I HuaweiWifiWatchdogStateMachine: current mHighDataFlowRate = 1.0
08-02 17:08:15.938  3507  4198 I HuaweiWifiWatchdogStateMachine: POta txb txg rxg:3, 103, 0. Lr =2.83% Totpkt=106
08-02 17:08:15.938  3507  3507 I WifiProJNI: ######### CMD_QUERY_PKTS ########
08-02 17:08:15.939  3507  3507 D WifiProJNI: send_cmd_kernel: cmd=1
08-02 17:08:15.939  3507  4196 D WifiProJNI: Received kernel message payload: event 0
08-02 17:08:15.939  3507  4196 I QosMonitor: postEventFromNative: msg=100,arg1=0,arg2=9
08-02 17:08:15.940  3507  4196 W WifiProJNI: poll before: g_monitor_fd =166
08-02 17:08:15.940  3507  3507 I MQoS    : rtt=6760,tcp_tx_pkts=363351,tcp_rx_pkts=395907
08-02 17:08:15.940  3507  4195 I MQoS    : QOS_level:0(0),DataDisable;use level-0
08-02 17:08:15.941  3507  4198 D HuaweiWifiWatchdogStateMachine: dumpTcpResult: len=9,rtt=6760,rttPkt=15,rttWn=0,cgt=20,cgtWn=6520170
08-02 17:08:15.941  3507  4198 I HuaweiWifiWatchdogStateMachine: PTcp RTT:6760, rtt pkt=15, tcp_rx=62, tcp_tx=87, tcp_reTran=9, rtRate=0.1
08-02 17:08:15.941  3507  4198 D HuaweiWifiWatchdogStateMachine: mRssiBadCount =0, RSSI not bad.
08-02 17:08:15.941  3507  4198 I HuaweiWifiWatchdogStateMachine:  pkt chk not bad, reset sc to 0.
08-02 17:08:15.941  3507  4198 I HuaweiWifiWatchdogStateMachine: net speed good
08-02 17:08:15.941  3507  4198 D HuaweiWifiWatchdogStateMachine: goodperiod count=1, rb rttg sg =false, false, true
08-02 17:08:15.941  3507  4198 D HuaweiWifiWatchdogStateMachine: bqeLevel = 1 rtt=6760,rtt_pkts=15 speed=8717
08-02 17:08:15.941  3507  4198 D HuaweiWifiWatchdogStateMachine: Enter updateQoeLevel level = 1
08-02 17:08:15.941  3507  4198 D HuaweiWifiWatchdogStateMachine: Leave updateQoeLevel level = 1
08-02 17:08:15.941  3507  4198 D HuaweiWifiWatchdogStateMachine: ### mPktChkBadCnt=0
08-02 17:08:15.941  3507  3507 D WiFi_PRO: get MSG_BQE_DETECTION_RESULT,level = 1
08-02 17:08:15.941  3507  3507 D WiFi_PRO_WifiProStateMachine: onWifiBqeDetectionResult =  1
08-02 17:08:15.942  3507  4189 D WiFi_PRO_WifiProStateMachine: "yepao"  TCPRTT  level = 1
08-02 17:08:15.942  3507  4189 W WiFi_PRO_EvaluateController: internetAccessType not change, can not update
08-02 17:08:15.942  3507  4189 D WiFi_PRO_ScoreInfo: properties.rssi = -75, newSignalLevel = 3
08-02 17:08:15.942  3507  4189 D WiFi_PRO_EvaluateController: updateEvaluate Level  succeed!.new Level = 1
08-02 17:08:15.955  3507  4189 D WiFi_PRO_WifiProStateMachine: type = 4, level = 1
08-02 17:08:15.996  3507  4551 W ActivityManager: getRunningAppProcesses: caller 10140 does not hold REAL_GET_TASKS; limiting output
08-02 17:08:16.032 14451 14451 W CfgFilePolicy: No config file found for:jars/hwpush.jar
08-02 17:08:16.034 14451 14451 I PushLog : [main-1]framework push exist, use framework push first(/null:-1)
08-02 17:08:16.035 14451 14451 I SendBroadcastPermission: action:com.huawei.android.push.intent.REGISTER, mPermissionType:0
08-02 17:08:16.036  3507  4522 I ActivityManager: collectReceiverComponents for intent: Intent { act=com.huawei.android.push.intent.REGISTER flg=0x30 pkg=android (has extras) }, receivers: null
08-02 17:08:16.037  3507  4867 W ActivityManager: getRunningAppProcesses: caller 10140 does not hold REAL_GET_TASKS; limiting output
08-02 17:08:16.038 13020 13020 I PushLog2616: [main-1]action is com.huawei.android.push.intent.REGISTER(android/null:-1)
08-02 17:08:16.042  3507  4864 V SMCSAMSHelper: SMCSAMSHelper.addSTPEvent: cost 0 ms end.
08-02 17:08:16.042  3507  4864 V SMCSAMSHelper: SMCSAMSHelper.smartTrimAddProcessRelation: cost 0 ms end.
08-02 17:08:16.043  3507  4630 I HwActivityManagerService: ProcessRecord ProcessRecord{ee3308f 13020:com.huawei.android.pushagent.PushService/1000} is not a cloned process
08-02 17:08:16.043  3507  4630 I HwActivityManagerService: PackageName for pid 13020 is android
08-02 17:08:16.132  3507  4522 W ActivityManager: getRunningAppProcesses: caller 10140 does not hold REAL_GET_TASKS; limiting output
08-02 17:08:16.133 14451 14451 I SendBroadcastPermission: action:com.dianping.action.PUSH_START, mPermissionType:0
08-02 17:08:16.133  3507  4314 I HwActivityManagerService: collectReceiverComponents, callerApp: ProcessRecord{450ca70 14451:com.sankuai.meituan/u0a140}, flags: 400
08-02 17:08:16.134  3507  4314 I ActivityManager: collectReceiverComponents for intent: Intent { act=com.dianping.action.PUSH_START flg=0x30 (has extras) }, receivers: [ResolveInfo{fcbec48 com.sankuai.movie/com.dianping.base.push.pushservice.PushStartReceiver m=0x108000 euid=0}, ResolveInfo{381bae1 com.sankuai.meituan/com.dianping.base.push.pushservice.PushStartReceiver m=0x108000 euid=0}]
08-02 17:08:16.142  3507  3507 I TrafficMonitor: update:rxPkts:14,txPkts:16,rxBytes:6727,txBytes:2024
08-02 17:08:16.142  3507  3507 I TrafficMonitor: start expired. level:-1
08-02 17:08:16.142  3507  3507 I TrafficMonitor: gettimer:interval=2000
08-02 17:08:16.147  3507  4926 W ActivityManager: getRunningAppProcesses: caller 10140 does not hold REAL_GET_TASKS; limiting output
08-02 17:08:16.169 13020 13099 I PushLog2616: [ReceiverDispatcher-397]isSupportsMultipleUsers: false(android/null:-1)
08-02 17:08:16.171 13020 13099 W ContextImpl: Calling a method in the system process without a qualified user: android.app.ContextImpl.sendBroadcast:848 android.content.ContextWrapper.sendBroadcast:396 aq.a:-1 aq.f:-1 aq.e:-1 
08-02 17:08:16.171 13020 13099 I SendBroadcastPermission: action:com.huawei.android.push.intent.REGISTRATION, mPermissionType:0
08-02 17:08:16.172  3507  4909 I HwActivityManagerService: collectReceiverComponents, callerApp: ProcessRecord{ee3308f 13020:com.huawei.android.pushagent.PushService/1000}, flags: 400
08-02 17:08:16.172  3507  4909 I ActivityManager: collectReceiverComponents for intent: Intent { act=com.huawei.android.push.intent.REGISTRATION flg=0x30 pkg=com.sankuai.meituan (has extras) }, receivers: [ResolveInfo{335006 com.sankuai.meituan/com.dianping.base.push.pushservice.HWPushMessageReceiver m=0x108000 euid=0}]
08-02 17:08:16.184 14451 14451 I PushLog : [main-1]push client begin to receive the token(/null:-1)
08-02 17:08:16.214  3507  4552 V SMCSAMSHelper: SMCSAMSHelper.addSTPEvent: cost 0 ms end.
08-02 17:08:16.214  3507  4552 V SMCSAMSHelper: SMCSAMSHelper.smartTrimAddProcessRelation: cost 0 ms end.
08-02 17:08:16.229  4927  5164 I HwLauncher: DynamicUpdater updateBitmap end and send update message
08-02 17:08:16.255  4269  4328 D HwCustPhoneStatusBar: mVsimId is -1
08-02 17:08:16.304  3507  4926 I ActivityManager: startActivityMayWait, callerApp: ProcessRecord{8e6730 14709:com.yeapao.andorid/u0a805}, intent: Intent { act=android.content.pm.action.REQUEST_PERMISSIONS pkg=com.android.packageinstaller (has extras) }
08-02 17:08:16.305  3507  4926 I ActivityManager: resolve info: ResolveInfo{2df16c7 com.android.packageinstaller/.permission.ui.GrantPermissionsActivity m=0x108000 euid=0}, euid: 0
08-02 17:08:16.306  3507  4926 I ActivityManager: START u0 {act=android.content.pm.action.REQUEST_PERMISSIONS pkg=com.android.packageinstaller cmp=com.android.packageinstaller/.permission.ui.GrantPermissionsActivity (has extras)} from uid 10805 on display 0
08-02 17:08:16.307  3507  4926 I ActivityManager: ActivityRecord info: ActivityInfo{f48588a com.android.packageinstaller.permission.ui.GrantPermissionsActivity}, euid=0
08-02 17:08:16.310  4872  4872 I K3V3CpuGovernorPolicy: set scene Hmp policy : 300 , 150
08-02 17:08:16.312  3507  4926 V HwWindowManagerService: moveTaskToTop mTaskChanged:true
08-02 17:08:16.320  3507  4926 V HwWindowManagerService: moveTaskToTop mTaskChanged:true
08-02 17:08:16.321  3507  4926 V HwWindowManagerService: setFocusedApp update app ops, mTaskChanged set to:false
08-02 17:08:16.424 14709 14784 D OpenGLRenderer: Use EGL_SWAP_BEHAVIOR_PRESERVED: false
08-02 17:08:16.438  3507  3518 V HwPhoneWindowManager: updateSystemUiColorLw window=Window{59e59de u0 com.yeapao.andorid/com.yeapao.andorid.MainActivity},EmuiStyle=0,StatusBarColor=0xfffece00,NavigationBarColor=0xff000000
08-02 17:08:16.438  3507  3528 D HwPhoneWindowManager: Transact:setSystemUIColor to status bar service
08-02 17:08:16.438  4269  4281 D CommandQueue: CommandQueue, onTransaction
08-02 17:08:16.438  4269  4281 D CommandQueue: CommandQueue, setBarBackgroundColor
08-02 17:08:16.438  4269  4269 D TintManager: isEmuiStyle=0, statusBarColor=fffece00, navigationColor=ff000000
08-02 17:08:16.439  4269  4269 D TintManager: updateBarBgColor:emuiStyle=0,statusBarColor=#FFFECE00,navigationBarColor=#FF000000
08-02 17:08:16.439  4269  4269 D BarTransitions.PhoneStatusBarView: setUseGradientBackground: true
08-02 17:08:16.439  4269  4269 D BarTransitions.NavigationBarView: setUseGradientBackground: true
08-02 17:08:16.440  4269  4269 D TintManager: statusBarIconTint=#FFFFFFFF,navigationBarIconTint=#FF000000
08-02 17:08:16.440  4269  4269 D TintManager: updateBarTint
08-02 17:08:16.482 14709 14709 E lessonFragmentView: onCreate
08-02 17:08:16.485 14709 14709 E lessonFragmentView: onCreateView
08-02 17:08:16.589 14709 14709 D CubicBezierInterpolator: CubicBezierInterpolator  mControlPoint1x = 0.15, mControlPoint1y = 0.7, mControlPoint2x = 0.2, mControlPoint2y = 0.98
08-02 17:08:16.590 14709 14709 D CubicBezierInterpolator: CubicBezierInterpolator  mControlPoint1x = 0.6, mControlPoint1y = 0.9, mControlPoint2x = 0.8, mControlPoint2y = 1.0
08-02 17:08:16.590 14709 14709 D CubicBezierInterpolator: CubicBezierInterpolator  mControlPoint1x = 0.15, mControlPoint1y = 0.7, mControlPoint2x = 0.2, mControlPoint2y = 0.98
08-02 17:08:16.590 14709 14709 D CubicBezierInterpolator: CubicBezierInterpolator  mControlPoint1x = 0.6, mControlPoint1y = 0.9, mControlPoint2x = 0.8, mControlPoint2y = 1.0
08-02 17:08:16.641  3507  4188 D HwArpVerifier: execute cmd=ping -c 1 -w 2 192.168.2.1,ret=true
08-02 17:08:16.641  3507  4188 D HwArpVerifier: from HEART_CHECK transmit to state:HEART_CHECK
08-02 17:08:16.641  3507  4188 D HwArpVerifier: msg what=124 arg1(token)=106 arg2(mode)=0 delay=30000
08-02 17:08:16.641  3507  4188 D HwArpVerifier: performPollAndLog:
08-02 17:08:16.658  3507  4188 D hw_netstat: total/33360/12462,com.sankuai.meituan/29837/8477,com.baidu.map.location/2028/3006,unknown:0/1495/775,com.facebook.katana/0/120,android.uid.system:1000/0/84
08-02 17:08:16.658  3507  4926 I HwActivityManagerService: ProcessRecord ProcessRecord{8d3840e 30149:com.tencent.android.qqdownloader:daemon/u0a160} is not a cloned process
08-02 17:08:16.661  3507  4188 E HwCHRWebMonitor: running processNamecom.yeapao.andorid
08-02 17:08:16.662  3507  4188 E HwCHRWebMonitor: HwCHRWifiUIDWebSpeed [appName=com.tencent.android.qqdownloader UID=10160  WEBSENDSEGS=0  WEBRESENDSEGS=0  WEBRECVSEGS=2  WEBERRSEGS=0  WEBOUTRSTS=0  WEBESTABLISRST=0  WEBRTTDURATION=0  WEBRTTSEGS=0  WEBSNDDUPACKS=0  suckTimes=0 recovage_times=0]
08-02 17:08:16.663  3507  4188 E HwCHRWebMonitor: HwCHRWifiUIDWebSpeed [appName=com.google.uid.shared:10008 UID=10008  WEBSENDSEGS=6  WEBRESENDSEGS=5  WEBRECVSEGS=0  WEBERRSEGS=0  WEBOUTRSTS=0  WEBESTABLISRST=0  WEBRTTDURATION=0  WEBRTTSEGS=0  WEBSNDDUPACKS=0  suckTimes=0 recovage_times=0]
08-02 17:08:16.663  3507  4314 I HwActivityManagerService: ProcessRecord ProcessRecord{8d3840e 30149:com.tencent.android.qqdownloader:daemon/u0a160} is not a cloned process
08-02 17:08:16.663  3507  4188 E HwCHRWebMonitor: HwCHRWifiUIDWebSpeed [appName=com.facebook.katana UID=10711  WEBSENDSEGS=13  WEBRESENDSEGS=11  WEBRECVSEGS=0  WEBERRSEGS=0  WEBOUTRSTS=0  WEBESTABLISRST=0  WEBRTTDURATION=0  WEBRTTSEGS=0  WEBSNDDUPACKS=0  suckTimes=0 recovage_times=0]
08-02 17:08:16.664  3507  4188 E HwCHRWebMonitor: HwCHRWifiUIDWebSpeed [appName=com.tencent.mm UID=10111  WEBSENDSEGS=6  WEBRESENDSEGS=0  WEBRECVSEGS=5  WEBERRSEGS=0  WEBOUTRSTS=0  WEBESTABLISRST=0  WEBRTTDURATION=96  WEBRTTSEGS=3  WEBSNDDUPACKS=0  suckTimes=0 recovage_times=0]
08-02 17:08:16.665  3507  4188 E HwCHRWebMonitor: HwCHRWifiUIDWebSpeed [appName=com.huawei.android.totemweather UID=10070  WEBSENDSEGS=35  WEBRESENDSEGS=0  WEBRECVSEGS=31  WEBERRSEGS=0  WEBOUTRSTS=0  WEBESTABLISRST=0  WEBRTTDURATION=1050  WEBRTTSEGS=14  WEBSNDDUPACKS=0  suckTimes=0 recovage_times=0]
08-02 17:08:16.665  3507  4188 E HwCHRWebMonitor: HwCHRWifiUIDWebSpeed [appName=com.sankuai.meituan UID=10140  WEBSENDSEGS=71  WEBRESENDSEGS=6  WEBRECVSEGS=59  WEBERRSEGS=0  WEBOUTRSTS=0  WEBESTABLISRST=0  WEBRTTDURATION=1299  WEBRTTSEGS=13  WEBSNDDUPACKS=0  suckTimes=0 recovage_times=0]
08-02 17:08:16.666  3507  4188 E HwCHRWebMonitor: HwCHRWifiUIDWebSpeed [appName=com.baidu.map.location UID=10019  WEBSENDSEGS=11  WEBRESENDSEGS=1  WEBRECVSEGS=9  WEBERRSEGS=0  WEBOUTRSTS=0  WEBESTABLISRST=0  WEBRTTDURATION=267  WEBRTTSEGS=3  WEBSNDDUPACKS=0  suckTimes=0 recovage_times=0]
08-02 17:08:16.667  3507  4188 E HwCHRWebMonitor: WebMonitor [mNetWorkIsSuck=false mUIDIsSuck=]  WebSpeed [WEBSENDSEGS=191  WEBRESENDSEGS=41  WEBRECVSEGS=128  WEBERRSEGS=0  WEBOUTRSTS=0  WEBESTABLISRST=0  WEBRTTDURATION=3416  WEBRTTSEGS=46  WEBSRTT=7380  WEBSNDDUPACKS=0  SENDSEGS=0  RESENDSEGS=0  RECVSEGS=0  ERRSEGS=0  OUTRSTS=0  ESTABLISRST=0  RTTDURATION=0  RTTSEGS=0  SNDDUPACKS=0  suckTimes=0 recovage_times=0]
08-02 17:08:16.707 14709 14788 I System  : core_booster, getBoosterConfig = true
08-02 17:08:16.721  3507  4869 W ActivityManager: getRunningAppProcesses: caller 10140 does not hold REAL_GET_TASKS; limiting output
08-02 17:08:16.740  3507  4870 W ActivityManager: getRunningAppProcesses: caller 10140 does not hold REAL_GET_TASKS; limiting output
08-02 17:08:16.744  3507  4908 W ActivityManager: getRunningAppProcesses: caller 10140 does not hold REAL_GET_TASKS; limiting output
08-02 17:08:16.748 14709 14709 E lessonFragmentView: onResume
08-02 17:08:16.771 14709 14709 D CubicBezierInterpolator: CubicBezierInterpolator  mControlPoint1x = 0.15, mControlPoint1y = 0.7, mControlPoint2x = 0.2, mControlPoint2y = 0.98
08-02 17:08:16.771 14709 14709 D CubicBezierInterpolator: CubicBezierInterpolator  mControlPoint1x = 0.6, mControlPoint1y = 0.9, mControlPoint2x = 0.8, mControlPoint2y = 1.0
08-02 17:08:16.771 14709 14709 D CubicBezierInterpolator: CubicBezierInterpolator  mControlPoint1x = 0.15, mControlPoint1y = 0.7, mControlPoint2x = 0.2, mControlPoint2y = 0.98
08-02 17:08:16.771 14709 14709 D CubicBezierInterpolator: CubicBezierInterpolator  mControlPoint1x = 0.6, mControlPoint1y = 0.9, mControlPoint2x = 0.8, mControlPoint2y = 1.0
08-02 17:08:16.787 14709 14787 I System  : core_booster, getBoosterConfig = true
08-02 17:08:16.819  3507  3527 W ActivityManager: Activity pause timeout for ActivityRecord{378e556 u0 com.yeapao.andorid/.MainActivity t2889}
08-02 17:08:16.820  3507  3527 I ActivityManager: mService.startProcessLocked for activity: ActivityRecord{6d784f4 u0 com.android.packageinstaller/.permission.ui.GrantPermissionsActivity t2889}, appinfo euid: 0
08-02 17:08:16.820  3507  3527 I ActivityManager: new Process app=ProcessRecord{38217bf 0:com.android.packageinstaller/u0a66}, name: com.android.packageinstaller, euid: 0
08-02 17:08:16.902  3507  3527 I ActivityManager: Start proc 14793:com.android.packageinstaller/u0a66 for activity com.android.packageinstaller/.permission.ui.GrantPermissionsActivity
08-02 17:08:16.905 14645 14652 W CursorWrapperInner: Cursor finalized without prior close()
08-02 17:08:16.906 14709 14784 E HAL     : load: id=gralloc != hmi->id=gralloc
08-02 17:08:16.906 14709 14784 I OpenGLRenderer: Initialized EGL, version 1.4
08-02 17:08:16.917 14709 14784 D OpenGLRenderer: loaded so path=/system/lib64/libhwuibp.so handle=0x7f9d4715d8
08-02 17:08:16.921 14709 14784 D mali_winsys: new_window_surface returns 0x3000
08-02 17:08:16.921  2949 19775 I [Gralloc]: alloc w[1080] h[1920] format[1] usage[2816]
08-02 17:08:16.925 14709 14709 E RecyclerView: No adapter attached; skipping layout
08-02 17:08:16.926  2949 19775 I [Gralloc]: alloc succ handle[0x5563f48d30] stride[1120]
08-02 17:08:16.926  2949 19775 I [Gralloc]: alloc w[1080] h[1920] format[1] usage[2816]
08-02 17:08:16.927 14709 14709 E RecyclerView: No adapter attached; skipping layout
08-02 17:08:16.931  2949 19775 I [Gralloc]: alloc succ handle[0x5563f0db40] stride[1120]
08-02 17:08:16.931  2949 19775 I [Gralloc]: alloc w[1080] h[1920] format[1] usage[2816]
08-02 17:08:16.936  2949 19775 I [Gralloc]: alloc succ handle[0x5563d91640] stride[1120]
08-02 17:08:16.947 14793 14793 D ActivityThread: ActivityThread,attachApplication
08-02 17:08:16.948  3507  4551 D ActivityManager: ActivityManagerService,attachApplication,callingPid = 14793
08-02 17:08:16.950  3507  4551 V ActivityManager: New app record ProcessRecord{38217bf 14793:com.android.packageinstaller/u0a66} thread=android.os.BinderProxy@e5a7e8c pid=14793
08-02 17:08:16.954  3507  4551 I ActivityManager: launch r: ActivityRecord{6d784f4 u0 com.android.packageinstaller/.permission.ui.GrantPermissionsActivity t2889}, uid = 10066, r.info.applicationInfo.euid  = 0
08-02 17:08:16.954  3507  4551 D ActivityManager: className: com.android.packageinstaller.permission.ui.GrantPermissionsActivity
08-02 17:08:16.954  3507  4551 D HwWindowManagerService: send UpdateStateSuspensionWindow, visible: false
08-02 17:08:16.955  3507  4551 V SMCSAMSHelper: SMCSAMSHelper.addSTPEvent: cost 0 ms end.
08-02 17:08:16.955  3507  4551 V SMCSAMSHelper: SMCSAMSHelper.smartTrimProcessPackageResume: cost time 0 ms end.
08-02 17:08:16.957  4872  5875 W PGApi_client: recv actoionId = 10000, action = com.huawei.pgmng.PGAction@ab2940c actionId =10000 pkg =com.android.packageinstaller extend1 =9979 extend2 = flag =3 type =1
08-02 17:08:16.957  4872  5875 W PGMiddleWare: in handleAction method, action = 10000
08-02 17:08:16.957  4872  5875 W PGMiddleWare: in handleAction, invoke client = com.huawei.pgmng.middleware.AudioEffectLowPowerImpl@aef70a8, action = com.huawei.pgmng.PGAction@ab2940c actionId =10000 pkg =com.android.packageinstaller extend1 =9979 extend2 = flag =3 type =1
08-02 17:08:16.957  4872  5875 V AudioManager: isMusicActive...
08-02 17:08:16.968  4332  5577 I HwSystemManager: NotificationGuideService:handle MSG_ACTIVIY_FOREGROUND, uid:10066
08-02 17:08:16.970  2949  3026 I [Gralloc]: alloc w[16] h[16] format[1] usage[256]
08-02 17:08:16.970  2949  3026 I [Gralloc]: alloc succ handle[0x5563efb220] stride[32]
08-02 17:08:16.972 14793 14821 E linker  : readlink('/proc/self/fd/21') failed: Permission denied [fd=21]
08-02 17:08:16.972 14793 14821 E linker  : warning: unable to get realpath for the library "/system/lib64/hw/gralloc.hi3635.so". Will use given name.
08-02 17:08:16.974 14793 14821 E linker  : readlink('/proc/self/fd/21') failed: Permission denied [fd=21]
08-02 17:08:16.974 14793 14821 E linker  : warning: unable to get realpath for the library "libion.so". Will use given name.
08-02 17:08:16.975 14793 14821 E HAL     : load: id=gralloc != hmi->id=gralloc
08-02 17:08:16.985 14793 14793 D HwCust  : Create obj success use class android.content.res.HwCustHwResourcesImpl
08-02 17:08:16.995 14709 14784 D HwuiUseBinaryProgram: Key: 5242944 has not found in mBinaryEntries, Compile it.
08-02 17:08:16.998 14793 14793 W System  : ClassLoader referenced unknown path: /system/priv-app/PackageInstaller/lib/arm64
08-02 17:08:17.012 14709 14709 E RecyclerView: No adapter attached; skipping layout
08-02 17:08:17.012 14709 14709 E RecyclerView: No adapter attached; skipping layout
08-02 17:08:17.048 14793 14793 V HwPolicyFactory: : success to get AllImpl object and return....
08-02 17:08:17.053 14793 14793 I HwCust  : Constructor found for class android.app.HwCustHwWallpaperManagerImpl
08-02 17:08:17.053 14793 14793 D HwCust  : Create obj success use class android.app.HwCustHwWallpaperManagerImpl
08-02 17:08:17.053 14793 14793 V HwWidgetFactory: : successes to get AllImpl object and return....
08-02 17:08:17.058 14793 14793 V ActivityThread: ActivityThread,callActivityOnCreate
08-02 17:08:17.068 14793 14793 D HwCust  : Create obj success use class android.content.res.HwCustHwResourcesImpl
08-02 17:08:17.081 14793 14793 D HwCust  : Create obj success use class android.content.res.HwCustHwResourcesImpl
08-02 17:08:17.113 14793 14793 I GraPermsActivity: callingPackageName:com.yeapao.andorid,mRequestedPermissions:android.permission.MANAGE_DOCUMENTS
08-02 17:08:17.118  3507  4926 V HwWindowManagerService: moveTaskToTop mTaskChanged:true
08-02 17:08:17.120  3507  4926 V HwWindowManagerService: setFocusedApp update app ops, mTaskChanged set to:false
08-02 17:08:17.121  3507  4926 D ActivityManager: className: com.android.packageinstaller.permission.ui.GrantPermissionsActivity
08-02 17:08:17.121  3507  4926 D HwWindowManagerService: send UpdateStateSuspensionWindow, visible: true
08-02 17:08:17.140  3507  3507 I TrafficMonitor: expired arrive. level:-1
08-02 17:08:17.140  3507  3507 I TrafficMonitor: during_ms:2001,period_ms:2000
08-02 17:08:17.140  3507  3507 I TrafficMonitor: count:849,rx_sum:14,tx_sum:16,rxBytes:6727,during_ms:2001,rx_speed:3361.819090454773,tx_speed:1011.4942528735633,rto:0.875
08-02 17:08:17.140  3507  3507 D HuaweiWifiWatchdogStateMachine: speed: rxpkt:14, rxSpd:3361B/s, txpkt:16, txSpd:1011
08-02 17:08:17.142  3507  4314 V WindowManager: Skipping AppWindowToken{2a46692 token=Token{cfe241d ActivityRecord{6d784f4 u0 com.android.packageinstaller/.permission.ui.GrantPermissionsActivity t2889}}} -- going to hide
08-02 17:08:17.143  3507  4630 D HwSecImmHelper: isPasswordInputType = false, inputType = 131073
08-02 17:08:17.143  3507  4314 V SMCSAMSHelper: SMCSAMSHelper.addSTPEvent: cost 0 ms end.
08-02 17:08:17.143  3507  4314 V SMCSAMSHelper: SMCSAMSHelper.smartTrimProcessPackageResume: cost time 0 ms end.
08-02 17:08:17.144  4872  5875 W PGApi_client: recv actoionId = 10000, action = com.huawei.pgmng.PGAction@46ce155 actionId =10000 pkg =com.yeapao.andorid extend1 =9979 extend2 = flag =3 type =1
08-02 17:08:17.144  4872  5875 W PGMiddleWare: in handleAction method, action = 10000
08-02 17:08:17.145  4872  5875 W PGMiddleWare: in handleAction, invoke client = com.huawei.pgmng.middleware.AudioEffectLowPowerImpl@aef70a8, action = com.huawei.pgmng.PGAction@46ce155 actionId =10000 pkg =com.yeapao.andorid extend1 =9979 extend2 = flag =3 type =1
08-02 17:08:17.145  4872  5875 V AudioManager: isMusicActive...
08-02 17:08:17.153  3507  4314 D CubicBezierInterpolator: CubicBezierInterpolator  mControlPoint1x = 0.44, mControlPoint1y = 0.1, mControlPoint2x = 0.07, mControlPoint2y = 1.0
08-02 17:08:17.182 14709 14709 E lessonFragmentView: onResume
08-02 17:08:17.229  4927  5164 I HwLauncher: DynamicUpdater updateBitmap end and send update message
08-02 17:08:17.240 14709 14784 D mali_winsys: new_window_surface returns 0x3000
08-02 17:08:17.240  2949  4585 I [Gralloc]: alloc w[960] h[212] format[1] usage[2816]
08-02 17:08:17.242  2949  4585 I [Gralloc]: alloc succ handle[0x5563e4d430] stride[992]
08-02 17:08:17.242  2949  4585 I [Gralloc]: alloc w[960] h[212] format[1] usage[2816]
08-02 17:08:17.243  2949  4585 I [Gralloc]: alloc succ handle[0x5563f6fb60] stride[992]
08-02 17:08:17.243  2949  4585 I [Gralloc]: alloc w[960] h[212] format[1] usage[2816]
08-02 17:08:17.244  2949  4585 I [Gralloc]: alloc succ handle[0x5563f6fd30] stride[992]
08-02 17:08:17.316  3507  4314 W ActivityManager: getRunningAppProcesses: caller 10140 does not hold REAL_GET_TASKS; limiting output
08-02 17:08:17.374  3507  4909 W ActivityManager: getRunningAppProcesses: caller 10140 does not hold REAL_GET_TASKS; limiting output
08-02 17:08:17.421  3507  4142 D WifiHW  : wifi_send_command: cmd:'IFNAME=wlan0 SIGNAL_POLL'
08-02 17:08:17.421  4331  4331 D wpa_supplicant: wlan0: Control interface command 'SIGNAL_POLL'
08-02 17:08:17.427  3507  4142 E WifiConfigStore: updateConfiguration freq=2462 BSSID=30:fc:68:d1:10:23 RSSI=-70 "yepao"WPA_PSK
08-02 17:08:17.641 14709 14709 D NSD     : curPkgName is not in list
08-02 17:08:17.663  4872  4872 I K3V3CpuGovernorPolicy: close previously scene Hmp policy : 300 , 150
08-02 17:08:17.964  3507  4551 W ActivityManager: getRunningAppProcesses: caller 10711 does not hold REAL_GET_TASKS; limiting output
