08-02 17:07:05.330  3507  4864 I ActivityManager: cleanUpApplicationRecordLocked, reset pid: 11134, euid: 0
08-02 17:07:05.806  3507  4869 I ActivityManager: new Process app=ProcessRecord{d5e1897 0:com.android.contacts/u0a3}, name: com.android.contacts, euid: 0
08-02 17:07:05.825  3507  4869 I ActivityManager: Start proc 12314:com.android.contacts/u0a3 for broadcast com.android.contacts/.compatibility.ContactsProviderReceiver
08-02 17:07:05.882 12314 12314 D ActivityThread: ActivityThread,attachApplication
08-02 17:07:05.885  3507  4551 D ActivityManager: ActivityManagerService,attachApplication,callingPid = 12314
08-02 17:07:05.888  3507  4551 V ActivityManager: New app record ProcessRecord{d5e1897 12314:com.android.contacts/u0a3} thread=android.os.BinderProxy@d61a733 pid=12314
08-02 17:07:05.908  3507  4909 I ActivityManager: Process com.google.process.gapps (pid 10536) has died
08-02 17:07:05.908  3507  4909 D ActivityManager: cleanUpApplicationRecord -- 10536
08-02 17:07:05.909  3507  4909 I ActivityManager: cleanUpApplicationRecordLocked, reset pid: 10536, euid: 0
08-02 17:07:05.925  3507  4908 D WifiService: getWifiServiceMessenger, pid:12259, uid:10014
08-02 17:07:05.932  3507  4143 D WifiService: New client listening to asynchronous messages
08-02 17:07:06.001  3507  4870 W ActivityManager: getRunningAppProcesses: caller 10140 does not hold REAL_GET_TASKS; limiting output
08-02 17:07:06.002  3507  3519 I HwMtmBroadcastResourceManager: removeReceiver mtm Broadcast
08-02 17:07:06.015  3507  4278 I HwActivityManagerService: collectReceiverComponents, callerApp: ProcessRecord{73c0036 11560:com.sankuai.meituan:pushservice/u0a140}, flags: 400
08-02 17:07:06.016  3507  4278 I ActivityManager: collectReceiverComponents for intent: Intent { act=com.dianping.action.PUSH_START flg=0x30 (has extras) }, receivers: [ResolveInfo{7f7eaf0 com.sankuai.movie/com.dianping.base.push.pushservice.PushStartReceiver m=0x108000 euid=0}, ResolveInfo{3c45869 com.sankuai.meituan/com.dianping.base.push.pushservice.PushStartReceiver m=0x108000 euid=0}]
08-02 17:07:06.033  3507  4870 W ActivityManager: getRunningAppProcesses: caller 10140 does not hold REAL_GET_TASKS; limiting output
08-02 17:07:06.168  3507  4926 I ActivityManager: Process com.sankuai.meituan:pushservice (pid 11560) has died
08-02 17:07:06.169  3507  4926 D ActivityManager: cleanUpApplicationRecord -- 11560
08-02 17:07:06.169  3507  4926 I ActivityManager: cleanUpApplicationRecordLocked, reset pid: 11560, euid: 0
08-02 17:07:06.175  3507  4278 I HwActivityManagerService: ProcessRecord ProcessRecord{d5e1897 12314:com.android.contacts/u0a3} is not a cloned process
08-02 17:07:06.187  3507  4522 I HwActivityManagerService: ProcessRecord ProcessRecord{8d3840e 30149:com.tencent.android.qqdownloader:daemon/u0a160} is not a cloned process
08-02 17:07:06.191  3507  4870 I HwActivityManagerService: ProcessRecord ProcessRecord{8d3840e 30149:com.tencent.android.qqdownloader:daemon/u0a160} is not a cloned process
08-02 17:07:06.383  3507  4864 I ActivityManager: retrieveServiceLocked, callerApp: ProcessRecord{c072a6b 4332:com.huawei.systemmanager:service/1000}, flags: 400
08-02 17:07:06.384  3507  4864 I ActivityManager: bindServiceLocked, r: ServiceRecord{ec11225 u0 euid: 0 com.huawei.systemmanager/.util.content.HsmIntentService_bg}, euid: 0
08-02 17:07:06.388  3507  4522 I ActivityManager: new Process app=ProcessRecord{95a2ffa 0:com.huawei.systemmanager/1000}, name: com.huawei.systemmanager, euid: 0
08-02 17:07:06.404  3507  4522 I ActivityManager: Start proc 12347:com.huawei.systemmanager/1000 for broadcast com.huawei.systemmanager/com.huawei.permissionmanager.ui.AppInstallationReceiver
08-02 17:07:06.449  3507  4143 D WifiService: Client connection lost with reason: 4
08-02 17:07:06.449  3507  4870 I ActivityManager: Process com.tencent.mobileqq:tool (pid 11271) has died
08-02 17:07:06.449  3507  4870 D ActivityManager: cleanUpApplicationRecord -- 11271
08-02 17:07:06.450  3507  4870 I ActivityManager: cleanUpApplicationRecordLocked, reset pid: 11271, euid: 0
08-02 17:07:06.488 12347 12347 D ActivityThread: ActivityThread,attachApplication
08-02 17:07:06.489  3507  4314 D ActivityManager: ActivityManagerService,attachApplication,callingPid = 12347
08-02 17:07:06.491  3507  4314 V ActivityManager: New app record ProcessRecord{95a2ffa 12347:com.huawei.systemmanager/1000} thread=android.os.BinderProxy@7c060dd pid=12347
08-02 17:07:06.628  3507  4143 D WifiService: Client connection lost with reason: 4
08-02 17:07:06.628  3507  4926 I ActivityManager: Process com.sankuai.movie:pushservice (pid 11446) has died
08-02 17:07:06.629  3507  4926 D ActivityManager: cleanUpApplicationRecord -- 11446
08-02 17:07:06.629  3507  4926 I ActivityManager: cleanUpApplicationRecordLocked, reset pid: 11446, euid: 0
08-02 17:07:06.668  3507  4552 I ActivityManager: Process com.tencent.android.qqdownloader:pushservice (pid 11909) has died
08-02 17:07:06.669  3507  4552 D ActivityManager: cleanUpApplicationRecord -- 11909
08-02 17:07:06.669  3507  4552 I ActivityManager: cleanUpApplicationRecordLocked, reset pid: 11909, euid: 0
08-02 17:07:06.699  3507  3519 I ActivityManager: retrieveServiceLocked, callerApp: ProcessRecord{ca1b3a9 5970:com.google.android.gms.persistent/u0a8}, flags: 400
08-02 17:07:06.701  3507  3519 I ActivityManager: bindServiceLocked, r: ServiceRecord{513f020 u0 euid: 0 com.google.android.gms/.lockbox.service.LockboxBrokerService}, euid: 0
08-02 17:07:06.769  3507  4551 I ActivityManager: collectReceiverComponents for intent: Intent { act=com.facebook.common.appstate.peers flg=0x10 pkg=com.facebook.katana (has extras) }, receivers: null
08-02 17:07:06.793 12347 12347 W ContextImpl: Calling a method in the system process without a qualified user: android.app.ContextImpl.startService:1378 android.content.ContextWrapper.startService:581 com.huawei.systemmanager.SystemManagerApplication.startMainService:208 com.huawei.systemmanager.SystemManagerApplication.startServices:102 com.huawei.systemmanager.SystemManagerApplication.onCreate:85 
08-02 17:07:06.797 12347 12347 W ContextImpl: Calling a method in the system process without a qualified user: android.app.ContextImpl.startService:1378 android.content.ContextWrapper.startService:581 com.huawei.systemmanager.SystemManagerApplication.startPreventModeService:151 com.huawei.systemmanager.SystemManagerApplication.startServices:103 com.huawei.systemmanager.SystemManagerApplication.onCreate:85 
08-02 17:07:06.799 12347 12347 W ContextImpl: Calling a method in the system process without a qualified user: android.app.ContextImpl.startService:1378 android.content.ContextWrapper.startService:581 com.huawei.systemmanager.SystemManagerApplication.startPermissionService:156 com.huawei.systemmanager.SystemManagerApplication.startServices:104 com.huawei.systemmanager.SystemManagerApplication.onCreate:85 
08-02 17:07:06.806 12347 12347 W ContextImpl: Calling a method in the system process without a qualified user: android.app.ContextImpl.startService:1378 android.content.ContextWrapper.startService:581 com.huawei.systemmanager.SystemManagerApplication.startBgStaticsService:167 com.huawei.systemmanager.SystemManagerApplication.startServices:106 com.huawei.systemmanager.SystemManagerApplication.onCreate:85 
08-02 17:07:06.808 12347 12347 W ContextImpl: Calling a method in the system process without a qualified user: android.app.ContextImpl.startService:1378 android.content.ContextWrapper.startService:581 com.huawei.systemmanager.SystemManagerApplication.startNetControllService:174 com.huawei.systemmanager.SystemManagerApplication.startServices:107 com.huawei.systemmanager.SystemManagerApplication.onCreate:85 
08-02 17:07:06.811 12347 12347 W ContextImpl: Calling a method in the system process without a qualified user: android.app.ContextImpl.startService:1378 android.content.ContextWrapper.startService:581 com.huawei.systemmanager.SystemManagerApplication.startAppLockService:182 com.huawei.systemmanager.SystemManagerApplication.startServices:108 com.huawei.systemmanager.SystemManagerApplication.onCreate:85 
08-02 17:07:06.815 12347 12347 W ContextImpl: Calling a method in the system process without a qualified user: android.app.ContextImpl.startService:1378 android.content.ContextWrapper.startService:581 com.huawei.systemmanager.SystemManagerApplication.startDeviceStorageMonitorService:178 com.huawei.systemmanager.SystemManagerApplication.startServices:112 com.huawei.systemmanager.SystemManagerApplication.onCreate:85 
08-02 17:07:06.818 12347 12347 W ContextImpl: Calling a method in the system process without a qualified user: android.app.ContextImpl.startService:1378 android.content.ContextWrapper.startService:581 com.huawei.systemmanager.SystemManagerApplication.startSpaceCleanService:187 com.huawei.systemmanager.SystemManagerApplication.startServices:113 com.huawei.systemmanager.SystemManagerApplication.onCreate:85 
08-02 17:07:06.821 12347 12347 W ContextImpl: Calling a method in the system process without a qualified user: android.app.ContextImpl.startService:1378 android.content.ContextWrapper.startService:581 com.huawei.systemmanager.SystemManagerApplication.startStarupService:192 com.huawei.systemmanager.SystemManagerApplication.startServices:114 com.huawei.systemmanager.SystemManagerApplication.onCreate:85 
08-02 17:07:06.824 12347 12347 W ContextImpl: Calling a method in the system process without a qualified user: android.app.ContextImpl.startService:1378 android.content.ContextWrapper.startService:581 com.huawei.systemmanager.SystemManagerApplication.startAntivirusService:197 com.huawei.systemmanager.SystemManagerApplication.startServices:115 com.huawei.systemmanager.SystemManagerApplication.onCreate:85 
08-02 17:07:07.081  3507  4870 I HwActivityManagerService: ProcessRecord ProcessRecord{691f840 11986:com.facebook.katana/u0a711} is not a cloned process
08-02 17:07:07.081  3507  4870 I HwActivityManagerService: PackageName for pid 11986 is com.facebook.katana
08-02 17:07:07.098 12347 12347 W ContextImpl: Calling a method in the system process without a qualified user: android.app.ContextImpl.startService:1378 android.content.ContextWrapper.startService:581 tmsdk.common.TMSDKContext.start:-1 tmsdk.common.TMSDKContext.init:-1 com.huawei.systemmanager.sdk.tmsdk.TMSdkEngine.init:44 
08-02 17:07:07.164  3507  4314 I ActivityManager: retrieveServiceLocked, callerApp: ProcessRecord{95a2ffa 12347:com.huawei.systemmanager/1000}, flags: 400
08-02 17:07:07.165  3507  4314 I ActivityManager: bindServiceLocked, r: ServiceRecord{d93a150 u0 euid: 0 com.huawei.systemmanager/.util.content.HsmIntentService_ui}, euid: 0
08-02 17:07:07.230 12347 12347 W ContextImpl: Calling a method in the system process without a qualified user: android.app.ContextImpl.startService:1378 android.content.ContextWrapper.startService:581 android.content.ContextWrapper.startService:581 com.huawei.systemmanager.antivirus.utils.AntiVirusTools.checkVirusForNewInstalledApk:563 com.huawei.systemmanager.antivirus.AntiVirusReceiver.onReceive:35 
08-02 17:07:07.231  3507  3518 I ActivityManager: retrieveServiceLocked, callerApp: ProcessRecord{95a2ffa 12347:com.huawei.systemmanager/1000}, flags: 400
08-02 17:07:07.367  3507  4869 I ActivityManager: retrieveServiceLocked, callerApp: ProcessRecord{bc1f7be 31168:com.huawei.hwmwlauncher/u0a82}, flags: 400
08-02 17:07:07.367  3507  4869 I ActivityManager: bindServiceLocked, r: ServiceRecord{219827c u0 euid: 0 com.huawei.hwmwlauncher/.HwMwLauncherService}, euid: 0
08-02 17:07:07.368  3507  4867 I HwActivityManagerService: ProcessRecord ProcessRecord{d5e1897 12314:com.android.contacts/u0a3} is not a cloned process
08-02 17:07:07.368  3507  4867 I HwActivityManagerService: PackageName for pid 12314 is com.android.contacts
08-02 17:07:07.371  3507  3518 I ActivityManager: new Process app=ProcessRecord{2868705 0:com.huawei.android.karaokeeffect/1000}, name: com.huawei.android.karaokeeffect, euid: 0
08-02 17:07:07.375  3507  4864 I HwActivityManagerService: ProcessRecord ProcessRecord{d5e1897 12314:com.android.contacts/u0a3} is not a cloned process
08-02 17:07:07.375  3507  4864 I HwActivityManagerService: PackageName for pid 12314 is com.android.contacts
08-02 17:07:07.395 12347 12452 W ContextImpl: Calling a method in the system process without a qualified user: android.app.ContextImpl.startService:1378 android.content.ContextWrapper.startService:581 com.huawei.systemmanager.spacecleanner.receiver.SpaceCleanReceiver.checkRarelyUsedApp:132 com.huawei.systemmanager.spacecleanner.receiver.SpaceCleanReceiver.doInBackground:60 java.lang.reflect.Method.invoke:-2 
08-02 17:07:07.401  3507  3518 I ActivityManager: Start proc 12453:com.huawei.android.karaokeeffect/1000 for broadcast com.huawei.android.karaokeeffect/.IntentReceiver
08-02 17:07:07.481  3507  3519 I ActivityManager: collectReceiverComponents for intent: Intent { act=com.huawei.systemmanager.action.found_virusscan_app flg=0x10 pkg=com.huawei.systemmanager (has extras) }, receivers: null
08-02 17:07:07.491  3507  4632 I HwActivityManagerService: ProcessRecord ProcessRecord{d5e1897 12314:com.android.contacts/u0a3} is not a cloned process
08-02 17:07:07.491  3507  4632 I HwActivityManagerService: PackageName for pid 12314 is com.android.contacts
08-02 17:07:07.507  3507  4314 I ActivityManager: collectReceiverComponents for intent: Intent { act=com.huawei.multiwindow.launcher.action.REFRESH_MW_LAUNCHER flg=0x10 }, receivers: null
08-02 17:07:07.511 12453 12453 D ActivityThread: ActivityThread,attachApplication
08-02 17:07:07.521  3507  4630 D ActivityManager: ActivityManagerService,attachApplication,callingPid = 12453
08-02 17:07:07.524  3507  4630 V ActivityManager: New app record ProcessRecord{2868705 12453:com.huawei.android.karaokeeffect/1000} thread=android.os.BinderProxy@349335a pid=12453
08-02 17:07:07.684  3507  4278 I HwActivityManagerService: ProcessRecord ProcessRecord{8d3840e 30149:com.tencent.android.qqdownloader:daemon/u0a160} is not a cloned process
08-02 17:07:07.689  3507  4926 I HwActivityManagerService: ProcessRecord ProcessRecord{8d3840e 30149:com.tencent.android.qqdownloader:daemon/u0a160} is not a cloned process
08-02 17:07:07.786  3507  4867 I ActivityManager: collectReceiverComponents for intent: Intent { act=com.facebook.common.appstate.peers flg=0x10 pkg=com.facebook.katana (has extras) }, receivers: null
08-02 17:07:07.851  3507  4908 I ActivityManager: collectReceiverComponents for intent: Intent { act=android.intent.action.SIG_STR flg=0x20000010 (has extras) }, receivers: null
08-02 17:07:07.854  3507  3518 I ActivityManager: new Process app=ProcessRecord{6272367 0:com.huawei.android.pushagent/u0a51}, name: com.huawei.android.pushagent, euid: 0
08-02 17:07:07.855  3507  4870 W ActivityManager: getRunningAppProcesses: caller 10733 does not hold REAL_GET_TASKS; limiting output
08-02 17:07:07.873  3507  3518 I ActivityManager: Start proc 12479:com.huawei.android.pushagent/u0a51 for broadcast com.huawei.android.pushagent/.PushEventReceiver
08-02 17:07:07.936 12479 12479 D ActivityThread: ActivityThread,attachApplication
08-02 17:07:07.937  3507  4909 D ActivityManager: ActivityManagerService,attachApplication,callingPid = 12479
08-02 17:07:07.939  3507  4909 V ActivityManager: New app record ProcessRecord{6272367 12479:com.huawei.android.pushagent/u0a51} thread=android.os.BinderProxy@41da514 pid=12479
08-02 17:07:08.182  3507  3519 I HwActivityManagerService: ProcessRecord ProcessRecord{6272367 12479:com.huawei.android.pushagent/u0a51} is not a cloned process
08-02 17:07:08.263  3507  4926 I ActivityManager: new Process app=ProcessRecord{a6391bd 0:com.svox.pico/u0a20}, name: com.svox.pico, euid: 0
08-02 17:07:08.283  3507  4864 I HwActivityManagerService: ProcessRecord ProcessRecord{55cd4fa 10857:com.huawei.skytone:pushservice/1001} is not a cloned process
08-02 17:07:08.297  3507  4926 I ActivityManager: Start proc 12521:com.svox.pico/u0a20 for broadcast com.svox.pico/.VoiceDataInstallerReceiver
08-02 17:07:08.357 12521 12521 D ActivityThread: ActivityThread,attachApplication
08-02 17:07:08.359  3507  3519 D ActivityManager: ActivityManagerService,attachApplication,callingPid = 12521
08-02 17:07:08.360  3507  3519 V ActivityManager: New app record ProcessRecord{a6391bd 12521:com.svox.pico/u0a20} thread=android.os.BinderProxy@7fad3b2 pid=12521
08-02 17:07:08.425  3507  4314 I ActivityManager: new Process app=ProcessRecord{f3e78fe 0:com.huawei.hwid:pushservice/u0a47}, name: com.huawei.hwid:pushservice, euid: 0
08-02 17:07:08.443  3507  4314 I ActivityManager: Start proc 12538:com.huawei.hwid:pushservice/u0a47 for broadcast com.huawei.hwid/com.huawei.android.pushagent.PushEventReceiver
08-02 17:07:08.491 12538 12538 D ActivityThread: ActivityThread,attachApplication
08-02 17:07:08.492  3507  4278 D ActivityManager: ActivityManagerService,attachApplication,callingPid = 12538
08-02 17:07:08.494  3507  4278 V ActivityManager: New app record ProcessRecord{f3e78fe 12538:com.huawei.hwid:pushservice/u0a47} thread=android.os.BinderProxy@60082ac pid=12538
08-02 17:07:08.839 12347 12347 W ContextImpl: Calling a method in the system process without a qualified user: android.app.ContextImpl.bindService:1442 android.content.ContextWrapper.bindService:604 com.huawei.systemmanager.hsmstat.HsmStatProxy.bindService:265 com.huawei.systemmanager.hsmstat.HsmStatProxy.access$000:31 com.huawei.systemmanager.hsmstat.HsmStatProxy$1.handleMessage:65 
08-02 17:07:08.896  3507  4926 W ActivityManager: getRunningAppProcesses: caller 10047 does not hold REAL_GET_TASKS; limiting output
08-02 17:07:08.936  3507  4630 I ActivityManager: collectReceiverComponents for intent: Intent { act=com.facebook.messages.ipc.peersPROD flg=0x10 (has extras) }, receivers: null
08-02 17:07:09.023  3507  4522 I ActivityManager: new Process app=ProcessRecord{352db7b 0:com.huawei.android.ds:pushservice/1001}, name: com.huawei.android.ds:pushservice, euid: 0
08-02 17:07:09.069  3507  4522 I ActivityManager: Start proc 12591:com.huawei.android.ds:pushservice/1001 for broadcast com.huawei.android.ds/com.huawei.android.pushagent.PushEventReceiver
08-02 17:07:09.124 12591 12591 D ActivityThread: ActivityThread,attachApplication
08-02 17:07:09.125  3507  4552 D ActivityManager: ActivityManagerService,attachApplication,callingPid = 12591
08-02 17:07:09.127  3507  4552 V ActivityManager: New app record ProcessRecord{352db7b 12591:com.huawei.android.ds:pushservice/1001} thread=android.os.BinderProxy@5491d98 pid=12591
08-02 17:07:09.186  3507  4908 I HwActivityManagerService: ProcessRecord ProcessRecord{8d3840e 30149:com.tencent.android.qqdownloader:daemon/u0a160} is not a cloned process
08-02 17:07:09.191  3507  4630 I HwActivityManagerService: ProcessRecord ProcessRecord{8d3840e 30149:com.tencent.android.qqdownloader:daemon/u0a160} is not a cloned process
08-02 17:07:09.223  3507  4551 I HwActivityManagerService: ProcessRecord ProcessRecord{691f840 11986:com.facebook.katana/u0a711} is not a cloned process
08-02 17:07:09.223  3507  4551 I HwActivityManagerService: PackageName for pid 11986 is com.facebook.katana
08-02 17:07:09.343  3507  4869 I ActivityManager: retrieveServiceLocked, callerApp: ProcessRecord{d5e1897 12314:com.android.contacts/u0a3}, flags: 400
08-02 17:07:09.344  3507  4869 I ActivityManager: bindServiceLocked, r: ServiceRecord{8a9b457 u0 euid: 0 com.android.providers.contacts/.hap.birthday.BirthdayService}, euid: 0
08-02 17:07:09.360  3507  4908 I ActivityManager: Process com.facebook.katana (pid 11986) has died
08-02 17:07:09.360  3507  4143 D WifiService: Client connection lost with reason: 4
08-02 17:07:09.360  3507  4908 D ActivityManager: cleanUpApplicationRecord -- 11986
08-02 17:07:09.361  3507  4908 I ActivityManager: cleanUpApplicationRecordLocked, reset pid: 11986, euid: 0
08-02 17:07:09.381  3507  4870 I ActivityManager: new Process app=ProcessRecord{77e7b44 0:com.android.providers.calendar/u0a29}, name: com.android.providers.calendar, euid: 0
08-02 17:07:09.426  3507  4870 I ActivityManager: Start proc 12630:com.android.providers.calendar/u0a29 for content provider com.android.providers.calendar/.CalendarProvider2
08-02 17:07:09.426  3507  4870 V ActivityManager_MU: Waiting to start provider ContentProviderRecord{501642d u0 euid:0 com.android.providers.calendar/.CalendarProvider2} launchingApp=ProcessRecord{77e7b44 12630:com.android.providers.calendar/u0a29} caller pid= 704
08-02 17:07:09.454  3507  4552 I HwActivityManagerService: ProcessRecord ProcessRecord{352db7b 12591:com.huawei.android.ds:pushservice/1001} is not a cloned process
08-02 17:07:09.456  3507  4632 I ActivityManager: new Process app=ProcessRecord{5eb8d62 0:com.huawei.android.remotecontrol:pushservice/u0a128}, name: com.huawei.android.remotecontrol:pushservice, euid: 0
08-02 17:07:09.472  3507  4632 I ActivityManager: Start proc 12647:com.huawei.android.remotecontrol:pushservice/u0a128 for broadcast com.huawei.android.remotecontrol/com.huawei.android.pushagent.PushEventReceiver
08-02 17:07:09.485 12630 12630 D ActivityThread: ActivityThread,attachApplication
08-02 17:07:09.487  3507  4909 D ActivityManager: ActivityManagerService,attachApplication,callingPid = 12630
08-02 17:07:09.489  3507  4909 V ActivityManager: New app record ProcessRecord{77e7b44 12630:com.android.providers.calendar/u0a29} thread=android.os.BinderProxy@62b3ef3 pid=12630
08-02 17:07:09.538 12647 12647 D ActivityThread: ActivityThread,attachApplication
08-02 17:07:09.539  3507  4908 D ActivityManager: ActivityManagerService,attachApplication,callingPid = 12647
08-02 17:07:09.541  3507  4908 V ActivityManager: New app record ProcessRecord{5eb8d62 12647:com.huawei.android.remotecontrol:pushservice/u0a128} thread=android.os.BinderProxy@8a07b0 pid=12647
08-02 17:07:09.621  3507  4869 I ActivityManager: Process com.android.gallery3d (pid 4478) has died
08-02 17:07:09.622  3507  4869 D ActivityManager: cleanUpApplicationRecord -- 4478
08-02 17:07:09.625  3507  4869 W ActivityManager: Scheduling restart of crashed service com.android.gallery3d/com.huawei.gallery.app.GalleryAppSerivce in 1000ms
08-02 17:07:09.625  3507  4869 I ActivityManager: cleanUpApplicationRecordLocked, reset pid: 4478, euid: 0
08-02 17:07:09.648  3507  4870 V ActivityManager: Successfully start provider ContentProviderRecord{501642d u0 euid:0 com.android.providers.calendar/.CalendarProvider2} launchingApp=ProcessRecord{77e7b44 12630:com.android.providers.calendar/u0a29} caller pid= 704
08-02 17:07:09.649  3507  4908 I HwMtmBroadcastResourceManager: removeReceiver mtm Broadcast
08-02 17:07:09.650  3507  4632 I HwMtmBroadcastResourceManager: removeReceiver mtm Broadcast
08-02 17:07:09.653  3507  4314 I HwMtmBroadcastResourceManager: removeReceiver mtm Broadcast
08-02 17:07:09.686  3507  4314 I ActivityManager: retrieveServiceLocked, callerApp: ProcessRecord{77e7b44 12630:com.android.providers.calendar/u0a29}, flags: 400
08-02 17:07:09.686  3507  4314 I ActivityManager: bindServiceLocked, r: ServiceRecord{94d996b u0 euid: 0 com.android.providers.calendar/.EmptyService}, euid: 0
08-02 17:07:09.779  3507  3519 I ActivityManager: retrieveServiceLocked, callerApp: ProcessRecord{352db7b 12591:com.huawei.android.ds:pushservice/1001}, flags: 400
08-02 17:07:09.798  3507  4630 W ActivityManager: getRunningAppProcesses: caller 10733 does not hold REAL_GET_TASKS; limiting output
08-02 17:07:10.543  3507  4278 W ActivityManager: getRunningAppProcesses: caller 10160 does not hold REAL_GET_TASKS; limiting output
08-02 17:07:10.625  3507  3527 I ActivityManager: bindServiceLocked, r: ServiceRecord{96db5b0 u0 euid: 0 com.android.gallery3d/com.huawei.gallery.app.GalleryAppSerivce}, euid: 0
08-02 17:07:10.625  3507  3527 I ActivityManager: mAm.startProcessLocked for service: ServiceRecord{96db5b0 u0 euid: 0 com.android.gallery3d/com.huawei.gallery.app.GalleryAppSerivce}, appinfo euid: 0
08-02 17:07:10.625  3507  3527 I ActivityManager: new Process app=ProcessRecord{e8b1cc8 0:com.android.gallery3d/u0a13}, name: com.android.gallery3d, euid: 0
08-02 17:07:10.652  3507  3527 I ActivityManager: Start proc 12679:com.android.gallery3d/u0a13 for service com.android.gallery3d/com.huawei.gallery.app.GalleryAppSerivce
08-02 17:07:10.683  3507  3518 I HwActivityManagerService: ProcessRecord ProcessRecord{8d3840e 30149:com.tencent.android.qqdownloader:daemon/u0a160} is not a cloned process
08-02 17:07:10.689  3507  4908 I HwActivityManagerService: ProcessRecord ProcessRecord{8d3840e 30149:com.tencent.android.qqdownloader:daemon/u0a160} is not a cloned process
08-02 17:07:10.701 12679 12679 D ActivityThread: ActivityThread,attachApplication
08-02 17:07:10.702  3507  4632 D ActivityManager: ActivityManagerService,attachApplication,callingPid = 12679
08-02 17:07:10.705  3507  4632 V ActivityManager: New app record ProcessRecord{e8b1cc8 12679:com.android.gallery3d/u0a13} thread=android.os.BinderProxy@eb06161 pid=12679
08-02 17:07:10.716  3507  4552 I HwActivityManagerService: collectReceiverComponents, callerApp: ProcessRecord{77e7b44 12630:com.android.providers.calendar/u0a29}, flags: 400
08-02 17:07:10.716  3507  4552 I ActivityManager: collectReceiverComponents for intent: Intent { act=android.intent.action.PROVIDER_CHANGED dat=content://com.android.calendar flg=0x10 }, receivers: [ResolveInfo{cb3486 com.android.calendar/.alerts.AlertReceiver m=0x308000 euid=0}, ResolveInfo{62a6147 com.android.calendar/.widget.CalendarAppWidgetService$CalendarFactory m=0x308000 euid=0}, ResolveInfo{d993d74 com.android.calendar/.simpleui.CalendarSimpleUiPRovider m=0x308000 euid=0}, ResolveInfo{6b0b29d com.android.calendar/.mycalendar.CalendarAppWidgetProvider m=0x308000 euid=0}]
08-02 17:07:11.047  3507  4632 I HwActivityManagerService: ProcessRecord ProcessRecord{e8b1cc8 12679:com.android.gallery3d/u0a13} is not a cloned process
08-02 17:07:11.048  3507  4632 I HwActivityManagerService: PackageName for pid 12679 is com.android.gallery3d
08-02 17:07:11.156  3507  3519 I ActivityManager: collectReceiverComponents for intent: Intent { act=com.huawei.appmarket.service.downloadservice.Receiver flg=0x10 }, receivers: null
08-02 17:07:11.202  3507  3519 I ActivityManager: collectReceiverComponents for intent: Intent { act=com.huawei.appmarket.service.downloadservice.Receiver flg=0x10 }, receivers: null
08-02 17:07:11.213  3507  3518 I HwActivityManagerService: ProcessRecord ProcessRecord{e8b1cc8 12679:com.android.gallery3d/u0a13} is not a cloned process
08-02 17:07:11.218  3507  4867 I HwActivityManagerService: ProcessRecord ProcessRecord{e8b1cc8 12679:com.android.gallery3d/u0a13} is not a cloned process
08-02 17:07:11.222  3507  4869 I HwActivityManagerService: ProcessRecord ProcessRecord{e8b1cc8 12679:com.android.gallery3d/u0a13} is not a cloned process
08-02 17:07:11.229  3507  4630 I HwActivityManagerService: ProcessRecord ProcessRecord{e8b1cc8 12679:com.android.gallery3d/u0a13} is not a cloned process
08-02 17:07:11.234  3507  4867 I HwActivityManagerService: ProcessRecord ProcessRecord{e8b1cc8 12679:com.android.gallery3d/u0a13} is not a cloned process
08-02 17:07:11.260  3507  4314 I ActivityManager: retrieveServiceLocked, callerApp: ProcessRecord{e8b1cc8 12679:com.android.gallery3d/u0a13}, flags: 400
08-02 17:07:11.261  3507  4314 I ActivityManager: bindServiceLocked, r: ServiceRecord{32bb35b u0 euid: 0 com.huawei.android.ds/com.huawei.android.cg.CloudGallaryService}, euid: 0
08-02 17:07:11.308  3507  4926 I ActivityManager: new Process app=ProcessRecord{da347f8 0:com.huawei.hwid/u0a47}, name: com.huawei.hwid, euid: 0
08-02 17:07:11.339  3507  4926 I ActivityManager: Start proc 12703:com.huawei.hwid/u0a47 for content provider com.huawei.hwid/.fingerprint.provider.HwIDProvider
08-02 17:07:11.340  3507  4926 V ActivityManager_MU: Waiting to start provider ContentProviderRecord{4364d1 u0 euid:0 com.huawei.hwid/.fingerprint.provider.HwIDProvider} launchingApp=ProcessRecord{da347f8 12703:com.huawei.hwid/u0a47} caller pid= 12259
08-02 17:07:11.358  3507  4551 I ActivityManager: new Process app=ProcessRecord{ec0eba4 0:com.huawei.health:pushservice/u0a106}, name: com.huawei.health:pushservice, euid: 0
08-02 17:07:11.359  3507  4552 I HwActivityManagerService: ProcessRecord ProcessRecord{1b82d4e 27363:com.huawei.android.ds/1001} is not a cloned process
08-02 17:07:11.380  3507  4522 I HwActivityManagerService: ProcessRecord ProcessRecord{5eb8d62 12647:com.huawei.android.remotecontrol:pushservice/u0a128} is not a cloned process
08-02 17:07:11.381  3507  4551 I ActivityManager: Start proc 12718:com.huawei.health:pushservice/u0a106 for broadcast com.huawei.health/com.huawei.android.pushagent.PushEventReceiver
08-02 17:07:11.396  3507  3527 W BroadcastQueue: Permission Denial: broadcasting Intent { act=android.net.conn.CONNECTIVITY_CHANGE flg=0x4000010 (has extras) } from null (pid=-1, uid=-1) requires com.huawei.cg.permission.SERVICE due to registered receiver BroadcastFilter{8c90b0e u0 ReceiverList{20cdd09 27363 com.huawei.android.ds/1001/u0 remote:3f31e10}}
08-02 17:07:11.397  3507  3527 W BroadcastQueue: Permission Denial: broadcasting Intent { act=android.intent.action.BATTERY_CHANGED flg=0x60000010 (has extras) } from null (pid=-1, uid=-1) requires com.huawei.cg.permission.SERVICE due to registered receiver BroadcastFilter{8c90b0e u0 ReceiverList{20cdd09 27363 com.huawei.android.ds/1001/u0 remote:3f31e10}}
08-02 17:07:11.407 12703 12703 D ActivityThread: ActivityThread,attachApplication
08-02 17:07:11.409  3507  4632 D ActivityManager: ActivityManagerService,attachApplication,callingPid = 12703
08-02 17:07:11.411  3507  4632 V ActivityManager: New app record ProcessRecord{da347f8 12703:com.huawei.hwid/u0a47} thread=android.os.BinderProxy@e8eca1a pid=12703
08-02 17:07:11.432 12718 12718 D ActivityThread: ActivityThread,attachApplication
08-02 17:07:11.433  3507  3518 D ActivityManager: ActivityManagerService,attachApplication,callingPid = 12718
08-02 17:07:11.435  3507  3518 V ActivityManager: New app record ProcessRecord{ec0eba4 12718:com.huawei.health:pushservice/u0a106} thread=android.os.BinderProxy@e7c294b pid=12718
08-02 17:07:11.457  3507  4864 I HwActivityManagerService: ProcessRecord ProcessRecord{e8b1cc8 12679:com.android.gallery3d/u0a13} is not a cloned process
08-02 17:07:11.465  3507  4314 I HwActivityManagerService: ProcessRecord ProcessRecord{e8b1cc8 12679:com.android.gallery3d/u0a13} is not a cloned process
08-02 17:07:11.470  3507  3519 I HwActivityManagerService: ProcessRecord ProcessRecord{e8b1cc8 12679:com.android.gallery3d/u0a13} is not a cloned process
08-02 17:07:11.652  3507  4926 V ActivityManager: Successfully start provider ContentProviderRecord{4364d1 u0 euid:0 com.huawei.hwid/.fingerprint.provider.HwIDProvider} launchingApp=ProcessRecord{da347f8 12703:com.huawei.hwid/u0a47} caller pid= 12259
08-02 17:07:11.738  3507  4908 W ActivityManager: getRunningAppProcesses: caller 10047 does not hold REAL_GET_TASKS; limiting output
08-02 17:07:11.957  3507  4522 I HwActivityManagerService: ProcessRecord ProcessRecord{ec0eba4 12718:com.huawei.health:pushservice/u0a106} is not a cloned process
08-02 17:07:11.992  3507  4630 W ActivityManager: getRunningAppProcesses: caller 10106 does not hold REAL_GET_TASKS; limiting output
08-02 17:07:11.999  3507  4926 I HwActivityManagerService: ProcessRecord ProcessRecord{ec0eba4 12718:com.huawei.health:pushservice/u0a106} is not a cloned process
08-02 17:07:12.006  3507  4552 I HwActivityManagerService: ProcessRecord ProcessRecord{ec0eba4 12718:com.huawei.health:pushservice/u0a106} is not a cloned process
08-02 17:07:12.064  3507  3519 I ActivityManager: new Process app=ProcessRecord{6e20f27 0:com.huawei.appmarket:pushservice/u0a14}, name: com.huawei.appmarket:pushservice, euid: 0
08-02 17:07:12.077  3507  4869 I HwActivityManagerService: ProcessRecord ProcessRecord{ec0eba4 12718:com.huawei.health:pushservice/u0a106} is not a cloned process
08-02 17:07:12.089  3507  3519 I ActivityManager: Start proc 12809:com.huawei.appmarket:pushservice/u0a14 for broadcast com.huawei.appmarket/com.huawei.android.pushagent.PushEventReceiver
08-02 17:07:12.175 12809 12809 D ActivityThread: ActivityThread,attachApplication
08-02 17:07:12.177  3507  4522 D ActivityManager: ActivityManagerService,attachApplication,callingPid = 12809
08-02 17:07:12.184  3507  4522 V ActivityManager: New app record ProcessRecord{6e20f27 12809:com.huawei.appmarket:pushservice/u0a14} thread=android.os.BinderProxy@e0885d4 pid=12809
08-02 17:07:12.196  3507  4864 I HwActivityManagerService: ProcessRecord ProcessRecord{8d3840e 30149:com.tencent.android.qqdownloader:daemon/u0a160} is not a cloned process
08-02 17:07:12.202  3507  4551 I HwActivityManagerService: ProcessRecord ProcessRecord{8d3840e 30149:com.tencent.android.qqdownloader:daemon/u0a160} is not a cloned process
08-02 17:07:12.302  3507  3518 I ActivityManager: Killing 12113:com.hpbr.bosszhipin/u0a136 (adj 15): empty #17
08-02 17:07:12.310  3507  4908 I ActivityManager: retrieveServiceLocked, callerApp: ProcessRecord{ca1b3a9 5970:com.google.android.gms.persistent/u0a8}, flags: 400
08-02 17:07:12.311  3507  4908 I ActivityManager: bindServiceLocked, r: ServiceRecord{85fc37d u0 euid: 0 com.google.android.gms/.chimera.GmsIntentOperationService}, euid: 0
08-02 17:07:12.315  3507  4870 I ActivityManager: retrieveServiceLocked, callerApp: ProcessRecord{ca1b3a9 5970:com.google.android.gms.persistent/u0a8}, flags: 400
08-02 17:07:12.315  3507  4870 I ActivityManager: bindServiceLocked, r: ServiceRecord{e048272 u0 euid: 0 com.google.android.gms/.chimera.PersistentIntentOperationService}, euid: 0
08-02 17:07:12.323  3507  3519 I HwActivityManagerService: ProcessRecord ProcessRecord{6e20f27 12809:com.huawei.appmarket:pushservice/u0a14} is not a cloned process
08-02 17:07:12.344  3507  4143 D WifiService: Client connection lost with reason: 4
08-02 17:07:12.344  3507  4522 D ActivityManager: cleanUpApplicationRecord -- 12113
08-02 17:07:12.345  3507  4522 I ActivityManager: cleanUpApplicationRecordLocked, reset pid: 12113, euid: 0
08-02 17:07:12.371  3507  4867 I ActivityManager: new Process app=ProcessRecord{dd676c3 0:com.google.process.gapps/u0a8}, name: com.google.process.gapps, euid: 0
08-02 17:07:12.391  3507  4867 I ActivityManager: Start proc 12883:com.google.process.gapps/u0a8 for content provider com.google.android.gsf/.gservices.GservicesProvider
08-02 17:07:12.392  3507  4867 V ActivityManager_MU: Waiting to start provider ContentProviderRecord{a522b40 u0 euid:0 com.google.android.gsf/.gservices.GservicesProvider} launchingApp=ProcessRecord{dd676c3 12883:com.google.process.gapps/u0a8} caller pid= 9628
08-02 17:07:12.392  3507  3519 I ActivityManager: new Process app=ProcessRecord{1aa1a79 0:com.tencent.mobileqq:tool/u0a733}, name: com.tencent.mobileqq:tool, euid: 0
08-02 17:07:12.416  3507  3519 I ActivityManager: Start proc 12900:com.tencent.mobileqq:tool/u0a733 for broadcast com.tencent.mobileqq/com.tencent.open.business.base.appreport.AppReportReceiver
08-02 17:07:12.423  3507  4551 I HwActivityManagerService: collectReceiverComponents, callerApp: ProcessRecord{229a16a 9628:com.google.android.gms/u0a8}, flags: 400
08-02 17:07:12.423  3507  4551 I ActivityManager: collectReceiverComponents for intent: Intent { act=com.google.android.gms.actions.HANDLE_PACKAGE_INSTALLED dat=package:com.yeapao.andorid flg=0x10 pkg=com.google.android.gms (has extras) }, receivers: [ResolveInfo{c1453be com.google.android.gms/.backup.RestoreCompleteReceiver m=0x208000 euid=0}]
08-02 17:07:12.425  3507  4522 I ActivityManager: collectReceiverComponents for intent: Intent { act=PACKAGE_ADDED_OR_REMOVED flg=0x10 pkg=com.huawei.systemmanager (has extras) }, receivers: null
08-02 17:07:12.456 12883 12883 D ActivityThread: ActivityThread,attachApplication
08-02 17:07:12.458  3507  4908 D ActivityManager: ActivityManagerService,attachApplication,callingPid = 12883
08-02 17:07:12.460  3507  4908 V ActivityManager: New app record ProcessRecord{dd676c3 12883:com.google.process.gapps/u0a8} thread=android.os.BinderProxy@91fbc1f pid=12883
08-02 17:07:12.481  3507  4926 I ActivityManager: Killing 11097:com.android.packageinstaller/u0a66 (adj 15): empty #17
08-02 17:07:12.487 12900 12900 D ActivityThread: ActivityThread,attachApplication
08-02 17:07:12.493  3507  4551 D ActivityManager: ActivityManagerService,attachApplication,callingPid = 12900
08-02 17:07:12.494  3507  4551 V ActivityManager: New app record ProcessRecord{1aa1a79 12900:com.tencent.mobileqq:tool/u0a733} thread=android.os.BinderProxy@ccebb6c pid=12900
08-02 17:07:12.529  3507  4869 D ActivityManager: cleanUpApplicationRecord -- 11097
08-02 17:07:12.529  3507  4869 I ActivityManager: cleanUpApplicationRecordLocked, reset pid: 11097, euid: 0
08-02 17:07:12.599  3507  4908 I ActivityManager: Process com.hpbr.bosszhipin:pushservice (pid 12183) has died
08-02 17:07:12.599  3507  4908 D ActivityManager: cleanUpApplicationRecord -- 12183
08-02 17:07:12.599  3507  4908 I ActivityManager: cleanUpApplicationRecordLocked, reset pid: 12183, euid: 0
08-02 17:07:12.622  3507  4314 W ActivityManager: getRunningAppProcesses: caller 10733 does not hold REAL_GET_TASKS; limiting output
08-02 17:07:12.634  3507  4926 I HwActivityManagerService: ProcessRecord ProcessRecord{1aa1a79 12900:com.tencent.mobileqq:tool/u0a733} is not a cloned process
08-02 17:07:12.643  3507  4632 I HwActivityManagerService: ProcessRecord ProcessRecord{1aa1a79 12900:com.tencent.mobileqq:tool/u0a733} is not a cloned process
08-02 17:07:12.647  3507  4870 I HwActivityManagerService: ProcessRecord ProcessRecord{1aa1a79 12900:com.tencent.mobileqq:tool/u0a733} is not a cloned process
08-02 17:07:12.654  3507  3518 W ActivityManager: getRunningAppProcesses: caller 10733 does not hold REAL_GET_TASKS; limiting output
08-02 17:07:12.681  3507  4867 V ActivityManager: Successfully start provider ContentProviderRecord{a522b40 u0 euid:0 com.google.android.gsf/.gservices.GservicesProvider} launchingApp=ProcessRecord{dd676c3 12883:com.google.process.gapps/u0a8} caller pid= 9628
08-02 17:07:12.714  3507  3519 I ActivityManager: retrieveServiceLocked, callerApp: ProcessRecord{229a16a 9628:com.google.android.gms/u0a8}, flags: 400
08-02 17:07:12.717  3507  3519 I ActivityManager: bindServiceLocked, r: ServiceRecord{db51c96 u0 euid: 0 com.google.android.gms/.clearcut.service.ClearcutLoggerService}, euid: 0
08-02 17:07:12.726  3507  4630 I ActivityManager: retrieveServiceLocked, callerApp: ProcessRecord{229a16a 9628:com.google.android.gms/u0a8}, flags: 400
08-02 17:07:12.727  3507  4630 I ActivityManager: bindServiceLocked, r: ServiceRecord{6d71017 u0 euid: 0 com.google.android.gms/.icing.service.IndexWorkerService}, euid: 0
08-02 17:07:12.751  3507  3518 E PowerManagerService: Exception when search wack lock :java.lang.IllegalArgumentException: Wake lock not active: android.os.BinderProxy@9430c04 from uid 10008
08-02 17:07:12.753  3507  4908 E PowerManagerService: Exception when search wack lock :java.lang.IllegalArgumentException: Wake lock not active: android.os.BinderProxy@9430c04 from uid 10008
08-02 17:07:12.757  3507  4522 E PowerManagerService: Exception when search wack lock :java.lang.IllegalArgumentException: Wake lock not active: android.os.BinderProxy@9430c04 from uid 10008
08-02 17:07:12.758  3507  4926 E PowerManagerService: Exception when search wack lock :java.lang.IllegalArgumentException: Wake lock not active: android.os.BinderProxy@9430c04 from uid 10008
08-02 17:07:12.776  3507  3518 I ActivityManager: retrieveServiceLocked, callerApp: ProcessRecord{229a16a 9628:com.google.android.gms/u0a8}, flags: 400
08-02 17:07:12.779  3507  3518 I ActivityManager: bindServiceLocked, r: ServiceRecord{e3296b3 u0 euid: 0 com.google.android.gms/.chimera.GmsInternalBoundBrokerService}, euid: 0
08-02 17:07:12.789  3507  4278 I ActivityManager: retrieveServiceLocked, callerApp: ProcessRecord{229a16a 9628:com.google.android.gms/u0a8}, flags: 400
08-02 17:07:12.824  3507  4278 I ActivityManager: bindServiceLocked, r: ServiceRecord{cdb286e u0 euid: 0 com.google.android.gms/.icing.service.IndexService}, euid: 0
08-02 17:07:12.827  3507  3519 I ActivityManager: Process com.google.android.googlequicksearchbox:search (pid 12230) has died
08-02 17:07:12.828  3507  3519 D ActivityManager: cleanUpApplicationRecord -- 12230
08-02 17:07:12.828  3507  3519 I ActivityManager: cleanUpApplicationRecordLocked, reset pid: 12230, euid: 0
08-02 17:07:12.899  3507  4522 I ActivityManager: retrieveServiceLocked, callerApp: ProcessRecord{229a16a 9628:com.google.android.gms/u0a8}, flags: 400
08-02 17:07:12.899  3507  4522 I ActivityManager: bindServiceLocked, r: ServiceRecord{2b5eb0f u0 euid: 0 com.google.android.gms/.wearable.service.WearableControlService}, euid: 0
08-02 17:07:12.913  3507  4551 I ActivityManager: retrieveServiceLocked, callerApp: ProcessRecord{229a16a 9628:com.google.android.gms/u0a8}, flags: 400
08-02 17:07:12.914  3507  4551 I ActivityManager: bindServiceLocked, r: ServiceRecord{1add79c u0 euid: 0 com.google.android.gms/.icing.service.IndexWorkerService}, euid: 0
08-02 17:07:12.939  3507  4870 I ActivityManager: retrieveServiceLocked, callerApp: ProcessRecord{229a16a 9628:com.google.android.gms/u0a8}, flags: 400
08-02 17:07:12.941  3507  4870 I ActivityManager: bindServiceLocked, r: ServiceRecord{870292b u0 euid: 0 com.google.android.gms/.icing.service.LightweightIndexService}, euid: 0
08-02 17:07:12.989  3507  4909 I ActivityManager: retrieveServiceLocked, callerApp: ProcessRecord{229a16a 9628:com.google.android.gms/u0a8}, flags: 400
08-02 17:07:12.992  3507  4909 I ActivityManager: bindServiceLocked, r: ServiceRecord{9037e34 u0 euid: 0 com.google.android.gms/.lockbox.service.LockboxBrokerService}, euid: 0
08-02 17:07:13.011  3507  4630 I HwActivityManagerService: collectReceiverComponents, callerApp: ProcessRecord{229a16a 9628:com.google.android.gms/u0a8}, flags: 400
08-02 17:07:13.011  3507  4630 I ActivityManager: collectReceiverComponents for intent: Intent { act=com.google.android.gms.icing.action.CONTACT_CHANGED flg=0x10 pkg=com.google.android.gms (has extras) }, receivers: [ResolveInfo{68e92a3 com.google.android.gms/.chimera.GmsIntentOperationService$PersistentInternalReceiver m=0x108000 euid=0}]
08-02 17:07:13.164  3507  4909 D WifiService: getWifiServiceMessenger, pid:12900, uid:10733
08-02 17:07:13.171  3507  4143 D WifiService: New client listening to asynchronous messages
08-02 17:07:13.172  3507  3518 W ActivityManager: getRunningAppProcesses: caller 10733 does not hold REAL_GET_TASKS; limiting output
08-02 17:07:13.265  3507  3519 I HwActivityManagerService: collectReceiverComponents, callerApp: ProcessRecord{1aa1a79 12900:com.tencent.mobileqq:tool/u0a733}, flags: 400
08-02 17:07:13.265  3507  3519 I ActivityManager: collectReceiverComponents for intent: Intent { act=com.tencent.mobileqq.msf.startmsf flg=0x10 }, receivers: [ResolveInfo{b8775ce com.tencent.mobileqq/.msf.core.NetConnInfoCenter m=0x108000 euid=0}]
08-02 17:07:13.266  3507  4864 I ActivityManager: collectReceiverComponents for intent: Intent { act=mqq.intent.action.LAUNCH_com.tencent.mobileqq:tool flg=0x10 }, receivers: null
08-02 17:07:13.281  3507  4864 I HwActivityManagerService: ProcessRecord ProcessRecord{1aa1a79 12900:com.tencent.mobileqq:tool/u0a733} is not a cloned process
08-02 17:07:13.367  3507  4864 I ActivityManager: new Process app=ProcessRecord{3a553fc 0:com.sankuai.movie:pushservice/u0a539}, name: com.sankuai.movie:pushservice, euid: 0
08-02 17:07:13.391  3507  4864 I ActivityManager: Start proc 13059:com.sankuai.movie:pushservice/u0a539 for broadcast com.sankuai.movie/com.huawei.android.pushagent.PushEventReceiver
08-02 17:07:13.443 13059 13059 D ActivityThread: ActivityThread,attachApplication
08-02 17:07:13.444  3507  4870 D ActivityManager: ActivityManagerService,attachApplication,callingPid = 13059
08-02 17:07:13.446  3507  4870 V ActivityManager: New app record ProcessRecord{3a553fc 13059:com.sankuai.movie:pushservice/u0a539} thread=android.os.BinderProxy@de3ba85 pid=13059
08-02 17:07:13.539  3507  4908 I ActivityManager: Process com.huawei.appmarket (pid 12259) has died
08-02 17:07:13.539  3507  4908 D ActivityManager: cleanUpApplicationRecord -- 12259
08-02 17:07:13.540  3507  4908 I ActivityManager: cleanUpApplicationRecordLocked, reset pid: 12259, euid: 0
08-02 17:07:13.547  3507  4143 D WifiService: Client connection lost with reason: 4
08-02 17:07:13.549  3507  4864 I HwActivityManagerService: ProcessRecord ProcessRecord{1aa1a79 12900:com.tencent.mobileqq:tool/u0a733} is not a cloned process
08-02 17:07:13.568  3507  4551 W ActivityManager: getRunningAppProcesses: caller 10733 does not hold REAL_GET_TASKS; limiting output
08-02 17:07:13.572  3507  4314 W ActivityManager: getRunningAppProcesses: caller 10733 does not hold REAL_GET_TASKS; limiting output
08-02 17:07:13.602  3507  4908 W ActivityManager: getRunningAppProcesses: caller 10733 does not hold REAL_GET_TASKS; limiting output
08-02 17:07:13.620  3507  4552 W ActivityManager: getRunningAppProcesses: caller 10733 does not hold REAL_GET_TASKS; limiting output
08-02 17:07:13.623  3507  4314 W ActivityManager: getRunningAppProcesses: caller 10733 does not hold REAL_GET_TASKS; limiting output
08-02 17:07:13.625  3507  4908 W ActivityManager: getRunningAppProcesses: caller 10733 does not hold REAL_GET_TASKS; limiting output
08-02 17:07:13.687  3507  4632 I HwActivityManagerService: ProcessRecord ProcessRecord{8d3840e 30149:com.tencent.android.qqdownloader:daemon/u0a160} is not a cloned process
08-02 17:07:13.695  3507  4864 I HwActivityManagerService: ProcessRecord ProcessRecord{8d3840e 30149:com.tencent.android.qqdownloader:daemon/u0a160} is not a cloned process
08-02 17:07:13.788  3507  4909 D WifiService: getWifiServiceMessenger, pid:13059, uid:10539
08-02 17:07:13.792  3507  4143 D WifiService: New client listening to asynchronous messages
08-02 17:07:13.793  3507  4552 W ActivityManager: getRunningAppProcesses: caller 10539 does not hold REAL_GET_TASKS; limiting output
08-02 17:07:13.830  3507  4278 W ActivityManager: getRunningAppProcesses: caller 10733 does not hold REAL_GET_TASKS; limiting output
08-02 17:07:13.856  3507  3519 I ActivityManager: collectReceiverComponents for intent: Intent { act=android.intent.action.SIG_STR flg=0x20000010 (has extras) }, receivers: null
08-02 17:07:13.860  3507  4314 W ActivityManager: getRunningAppProcesses: caller 10733 does not hold REAL_GET_TASKS; limiting output
08-02 17:07:13.866  3507  4869 W ActivityManager: getRunningAppProcesses: caller 10539 does not hold REAL_GET_TASKS; limiting output
08-02 17:07:13.934  3507  3519 I HwActivityManagerService: ProcessRecord ProcessRecord{3a553fc 13059:com.sankuai.movie:pushservice/u0a539} is not a cloned process
08-02 17:07:13.940  3507  4551 I ActivityManager: new Process app=ProcessRecord{12a7a01 0:com.sankuai.meituan:pushservice/u0a140}, name: com.sankuai.meituan:pushservice, euid: 0
08-02 17:07:13.991  3507  4551 I ActivityManager: Start proc 13187:com.sankuai.meituan:pushservice/u0a140 for broadcast com.sankuai.meituan/com.huawei.android.pushagent.PushEventReceiver
08-02 17:07:14.021  3507  4522 I HwActivityManagerService: ProcessRecord ProcessRecord{27ce1cb 4523:com.tencent.mobileqq:MSF/u0a733} is not a cloned process
08-02 17:07:14.051 13187 13187 D ActivityThread: ActivityThread,attachApplication
08-02 17:07:14.053  3507  3518 D ActivityManager: ActivityManagerService,attachApplication,callingPid = 13187
08-02 17:07:14.054  3507  3518 V ActivityManager: New app record ProcessRecord{12a7a01 13187:com.sankuai.meituan:pushservice/u0a140} thread=android.os.BinderProxy@e0870a6 pid=13187
08-02 17:07:14.098  3507  4869 I ActivityManager: Process com.android.contacts (pid 12314) has died
08-02 17:07:14.099  3507  4869 D ActivityManager: cleanUpApplicationRecord -- 12314
08-02 17:07:14.099  3507  4869 I ActivityManager: cleanUpApplicationRecordLocked, reset pid: 12314, euid: 0
08-02 17:07:14.295  3507  4908 I ActivityManager: collectReceiverComponents for intent: Intent { act=com.google.android.gms.icing.IME_NOTIFICATION flg=0x10 pkg=com.google.android.apps.inputmethod.cantonese (has extras) }, receivers: null
08-02 17:07:14.297  3507  4926 I ActivityManager: collectReceiverComponents for intent: Intent { act=com.google.android.gms.icing.IME_NOTIFICATION flg=0x10 pkg=com.google.android.apps.inputmethod.hindi (has extras) }, receivers: null
08-02 17:07:14.300  3507  4869 I ActivityManager: collectReceiverComponents for intent: Intent { act=com.google.android.gms.icing.IME_NOTIFICATION flg=0x10 pkg=com.google.android.apps.inputmethod.zhuyin (has extras) }, receivers: null
08-02 17:07:14.302  3507  4552 I ActivityManager: collectReceiverComponents for intent: Intent { act=com.google.android.gms.icing.IME_NOTIFICATION flg=0x10 pkg=com.android.inputmethod.latin (has extras) }, receivers: null
08-02 17:07:14.304  3507  4630 I ActivityManager: collectReceiverComponents for intent: Intent { act=com.google.android.gms.icing.IME_NOTIFICATION flg=0x10 pkg=com.google.android.inputmethod.korean (has extras) }, receivers: null
08-02 17:07:14.306  3507  4314 I ActivityManager: collectReceiverComponents for intent: Intent { act=com.google.android.gms.icing.IME_NOTIFICATION flg=0x10 pkg=com.google.android.inputmethod.pinyin (has extras) }, receivers: null
08-02 17:07:14.308  3507  4909 I ActivityManager: collectReceiverComponents for intent: Intent { act=com.google.android.gms.icing.IME_NOTIFICATION flg=0x10 pkg=com.google.android.inputmethod.japanese (has extras) }, receivers: null
08-02 17:07:14.310  3507  4870 I ActivityManager: collectReceiverComponents for intent: Intent { act=com.google.android.gms.icing.IME_NOTIFICATION flg=0x10 pkg=com.google.android.inputmethod.latin.dogfood (has extras) }, receivers: null
