08-02 17:07:14.312  3507  3519 I ActivityManager: collectReceiverComponents for intent: Intent { act=com.google.android.gms.icing.IME_NOTIFICATION flg=0x10 pkg=com.google.android.inputmethod.latin (has extras) }, receivers: null
08-02 17:07:14.581  3507  4107 D HwBatteryService: onUEvent fcp_values = 0
08-02 17:07:14.581  3507  4867 W ActivityManager: getRunningAppProcesses: caller 10140 does not hold REAL_GET_TASKS; limiting output
08-02 17:07:14.582  3383  3383 I gpsd_d  : CustomerModule::OnMessage, MSG_UEVENT_NOTIFY (cnt:34945)
08-02 17:07:14.584  3507  3507 D WifiService: onReceive, action:android.intent.action.BATTERY_CHANGED
08-02 17:07:14.584  3507  3507 D WifiService: ACTION_BATTERY_CHANGED pluggedType: 2
08-02 17:07:14.591  3507  4632 I HwActivityManagerService: ProcessRecord ProcessRecord{4461849 4269:com.android.systemui/u0a83} is not a cloned process
08-02 17:07:14.591  3507  4522 W ActivityManager: getRunningAppProcesses: caller 10140 does not hold REAL_GET_TASKS; limiting output
08-02 17:07:14.603  3507  4926 I HwActivityManagerService: ProcessRecord ProcessRecord{1b82d4e 27363:com.huawei.android.ds/1001} is not a cloned process
08-02 17:07:14.710  3507  4870 W ActivityManager: getRunningAppProcesses: caller 10140 does not hold REAL_GET_TASKS; limiting output
08-02 17:07:14.774  3507  4551 W ActivityManager: getRunningAppProcesses: caller 10140 does not hold REAL_GET_TASKS; limiting output
08-02 17:07:14.789  3507  4632 W ActivityManager: getRunningAppProcesses: caller 10140 does not hold REAL_GET_TASKS; limiting output
08-02 17:07:14.961  3507  3519 W ActivityManager: getRunningAppProcesses: caller 10140 does not hold REAL_GET_TASKS; limiting output
08-02 17:07:14.971  3507  4864 W ActivityManager: getRunningAppProcesses: caller 10140 does not hold REAL_GET_TASKS; limiting output
08-02 17:07:15.031  3507  3519 I ActivityManager: new Process app=ProcessRecord{24ebae7 0:com.tencent.android.qqdownloader:pushservice/u0a160}, name: com.tencent.android.qqdownloader:pushservice, euid: 0
08-02 17:07:15.060  3507  3519 I ActivityManager: Start proc 13461:com.tencent.android.qqdownloader:pushservice/u0a160 for broadcast com.tencent.android.qqdownloader/com.huawei.android.pushagent.PushEventReceiver
08-02 17:07:15.129 13461 13461 D ActivityThread: ActivityThread,attachApplication
08-02 17:07:15.130  3507  4869 D ActivityManager: ActivityManagerService,attachApplication,callingPid = 13461
08-02 17:07:15.132  3507  4869 V ActivityManager: New app record ProcessRecord{24ebae7 13461:com.tencent.android.qqdownloader:pushservice/u0a160} thread=android.os.BinderProxy@e222694 pid=13461
08-02 17:07:15.187  3507  3519 I HwActivityManagerService: ProcessRecord ProcessRecord{8d3840e 30149:com.tencent.android.qqdownloader:daemon/u0a160} is not a cloned process
08-02 17:07:15.196  3507  4314 I HwActivityManagerService: ProcessRecord ProcessRecord{8d3840e 30149:com.tencent.android.qqdownloader:daemon/u0a160} is not a cloned process
08-02 17:07:15.209  3507  4551 I ActivityManager: Process com.huawei.systemmanager (pid 12347) has died
08-02 17:07:15.210  3507  4551 D ActivityManager: cleanUpApplicationRecord -- 12347
08-02 17:07:15.212  3507  4551 I ActivityManager: cleanUpApplicationRecordLocked, reset pid: 12347, euid: 0
08-02 17:07:15.223  3507  4552 I HwActivityManagerService: ProcessRecord ProcessRecord{12a7a01 13187:com.sankuai.meituan:pushservice/u0a140} is not a cloned process
08-02 17:07:15.224  3507  4552 I HwActivityManagerService: PackageName for pid 13187 is com.sankuai.meituan
08-02 17:07:15.253  3507  4870 W ActivityManager: getRunningAppProcesses: caller 10140 does not hold REAL_GET_TASKS; limiting output
08-02 17:07:15.481  3507  4551 I HwActivityManagerService: ProcessRecord ProcessRecord{24ebae7 13461:com.tencent.android.qqdownloader:pushservice/u0a160} is not a cloned process
08-02 17:07:15.483  3507  4632 I ActivityManager: new Process app=ProcessRecord{fc21e83 0:com.facebook.katana/u0a711}, name: com.facebook.katana, euid: 0
08-02 17:07:15.534  3507  4632 I ActivityManager: Start proc 13525:com.facebook.katana/u0a711 for broadcast com.facebook.katana/com.facebook.feed.platformads.AppInstallReceiver
08-02 17:07:15.541  3507  4926 W ActivityManager: getRunningAppProcesses: caller 10140 does not hold REAL_GET_TASKS; limiting output
08-02 17:07:15.561 13525 13525 D ActivityThread: ActivityThread,attachApplication
08-02 17:07:15.563  3507  4522 D ActivityManager: ActivityManagerService,attachApplication,callingPid = 13525
08-02 17:07:15.565  3507  4522 V ActivityManager: New app record ProcessRecord{fc21e83 13525:com.facebook.katana/u0a711} thread=android.os.BinderProxy@7451800 pid=13525
08-02 17:07:15.569  3507  4864 I HwActivityManagerService: ProcessRecord ProcessRecord{1aa1a79 12900:com.tencent.mobileqq:tool/u0a733} is not a cloned process
08-02 17:07:15.748  3507  4870 I ActivityManager: Process com.huawei.android.karaokeeffect (pid 12453) has died
08-02 17:07:15.749  3507  4870 D ActivityManager: cleanUpApplicationRecord -- 12453
08-02 17:07:15.749  3507  4870 I ActivityManager: cleanUpApplicationRecordLocked, reset pid: 12453, euid: 0
08-02 17:07:16.203  3507  4864 W ActivityManager: getTasks: caller 10733 does not hold REAL_GET_TASKS; limiting output
08-02 17:07:16.206  3507  4522 W ActivityManager: getTasks: caller 10733 does not hold REAL_GET_TASKS; limiting output
08-02 17:07:16.209  3507  4552 W ActivityManager: getTasks: caller 10733 does not hold REAL_GET_TASKS; limiting output
08-02 17:07:16.212  3507  4632 W ActivityManager: getTasks: caller 10733 does not hold REAL_GET_TASKS; limiting output
08-02 17:07:16.215  3507  4926 W ActivityManager: getTasks: caller 10733 does not hold REAL_GET_TASKS; limiting output
08-02 17:07:16.685  3507  4909 I HwActivityManagerService: ProcessRecord ProcessRecord{8d3840e 30149:com.tencent.android.qqdownloader:daemon/u0a160} is not a cloned process
08-02 17:07:16.689  3507  4908 I HwActivityManagerService: ProcessRecord ProcessRecord{8d3840e 30149:com.tencent.android.qqdownloader:daemon/u0a160} is not a cloned process
08-02 17:07:16.801  3507  4632 I ActivityManager: collectReceiverComponents for intent: Intent { act=com.facebook.messages.ipc.peersPROD flg=0x10 (has extras) }, receivers: null
08-02 17:07:17.412  3507  3518 I ActivityManager: new Process app=ProcessRecord{be91a63 0:com.hpbr.bosszhipin:pushservice/u0a136}, name: com.hpbr.bosszhipin:pushservice, euid: 0
08-02 17:07:17.445  3507  3518 I ActivityManager: Start proc 13611:com.hpbr.bosszhipin:pushservice/u0a136 for broadcast com.hpbr.bosszhipin/com.huawei.android.pushagent.PushEventReceiver
08-02 17:07:17.452  3507  4926 D WifiService: getWifiServiceMessenger, pid:13525, uid:10711
08-02 17:07:17.456  3507  4143 D WifiService: New client listening to asynchronous messages
08-02 17:07:17.484 13611 13611 D ActivityThread: ActivityThread,attachApplication
08-02 17:07:17.485  3507  4909 D ActivityManager: ActivityManagerService,attachApplication,callingPid = 13611
08-02 17:07:17.487  3507  4909 V ActivityManager: New app record ProcessRecord{be91a63 13611:com.hpbr.bosszhipin:pushservice/u0a136} thread=android.os.BinderProxy@3dc9660 pid=13611
08-02 17:07:17.568  3507  4864 W ActivityManager: getRunningAppProcesses: caller 10136 does not hold REAL_GET_TASKS; limiting output
08-02 17:07:17.618  3507  4867 I ActivityManager: Process com.huawei.android.pushagent (pid 12479) has died
08-02 17:07:17.619  3507  4867 D ActivityManager: cleanUpApplicationRecord -- 12479
08-02 17:07:17.619  3507  4867 I ActivityManager: cleanUpApplicationRecordLocked, reset pid: 12479, euid: 0
08-02 17:07:17.658  3507  4522 W ActivityManager: getRunningAppProcesses: caller 10711 does not hold REAL_GET_TASKS; limiting output
08-02 17:07:17.682  3507  4551 W ActivityManager: getRunningAppProcesses: caller 10136 does not hold REAL_GET_TASKS; limiting output
08-02 17:07:17.711  3507  4926 W ActivityManager: getRunningAppProcesses: caller 10136 does not hold REAL_GET_TASKS; limiting output
08-02 17:07:17.713  3507  4864 W ActivityManager: getRunningAppProcesses: caller 10136 does not hold REAL_GET_TASKS; limiting output
08-02 17:07:17.771  3507  4314 I HwActivityManagerService: ProcessRecord ProcessRecord{be91a63 13611:com.hpbr.bosszhipin:pushservice/u0a136} is not a cloned process
08-02 17:07:17.783  3507  4867 I ActivityManager: new Process app=ProcessRecord{8fd7719 0:com.google.android.googlequicksearchbox:search/u0a717}, name: com.google.android.googlequicksearchbox:search, euid: 0
08-02 17:07:17.800  3507  4867 I ActivityManager: Start proc 13655:com.google.android.googlequicksearchbox:search/u0a717 for broadcast com.google.android.googlequicksearchbox/com.google.android.apps.gsa.googlequicksearchbox.GelStubAppWatcher
08-02 17:07:17.808  3507  4870 I ActivityManager: collectReceiverComponents for intent: Intent { act=com.facebook.messages.ipc.peersPROD flg=0x10 (has extras) }, receivers: null
08-02 17:07:17.855 13655 13655 D ActivityThread: ActivityThread,attachApplication
08-02 17:07:17.857  3507  3518 D ActivityManager: ActivityManagerService,attachApplication,callingPid = 13655
08-02 17:07:17.859  3507  3518 V ActivityManager: New app record ProcessRecord{8fd7719 13655:com.google.android.googlequicksearchbox:search/u0a717} thread=android.os.BinderProxy@48b83de pid=13655
08-02 17:07:17.969  3507  4522 I ActivityManager: Process com.huawei.skytone:pushservice (pid 10857) has died
08-02 17:07:17.969  3507  4522 D ActivityManager: cleanUpApplicationRecord -- 10857
08-02 17:07:17.970  3507  4522 I ActivityManager: cleanUpApplicationRecordLocked, reset pid: 10857, euid: 0
08-02 17:07:18.140  3507  4632 I ActivityManager: new Process app=ProcessRecord{d48f9bf 0:com.huawei.appmarket/u0a14}, name: com.huawei.appmarket, euid: 0
08-02 17:07:18.158  3507  4551 I HwActivityManagerService: ProcessRecord ProcessRecord{8d3840e 30149:com.tencent.android.qqdownloader:daemon/u0a160} is not a cloned process
08-02 17:07:18.171  3507  3518 I HwActivityManagerService: ProcessRecord ProcessRecord{8d3840e 30149:com.tencent.android.qqdownloader:daemon/u0a160} is not a cloned process
08-02 17:07:18.190  3507  4632 I ActivityManager: Start proc 13683:com.huawei.appmarket/u0a14 for broadcast com.huawei.appmarket/.service.installresult.control.InstallerReceiver
08-02 17:07:18.203 13683 13683 D ActivityThread: ActivityThread,attachApplication
08-02 17:07:18.204  3507  4926 D ActivityManager: ActivityManagerService,attachApplication,callingPid = 13683
08-02 17:07:18.206  3507  4926 V ActivityManager: New app record ProcessRecord{d48f9bf 13683:com.huawei.appmarket/u0a14} thread=android.os.BinderProxy@ce4b88c pid=13683
08-02 17:07:18.381  3507  4552 I HwActivityManagerService: ProcessRecord ProcessRecord{d48f9bf 13683:com.huawei.appmarket/u0a14} is not a cloned process
08-02 17:07:18.440  3507  3518 I HwActivityManagerService: ProcessRecord ProcessRecord{d48f9bf 13683:com.huawei.appmarket/u0a14} is not a cloned process
08-02 17:07:18.498  3507  4552 I ActivityManager: Process com.svox.pico (pid 12521) has died
08-02 17:07:18.499  3507  4552 D ActivityManager: cleanUpApplicationRecord -- 12521
08-02 17:07:18.499  3507  4552 I ActivityManager: cleanUpApplicationRecordLocked, reset pid: 12521, euid: 0
08-02 17:07:18.750  3507  4278 I ActivityManager: collectReceiverComponents for intent: Intent { act=com.huawei.appmarket.service.downloadservice.Receiver flg=0x10 }, receivers: null
08-02 17:07:19.201  3507  4278 I ActivityManager: new Process app=ProcessRecord{46ad178 0:com.android.contacts/u0a3}, name: com.android.contacts, euid: 0
08-02 17:07:19.220  3507  4278 I ActivityManager: Start proc 13733:com.android.contacts/u0a3 for broadcast com.android.contacts/.compatibility.ContactsProviderReceiver
08-02 17:07:19.280 13733 13733 D ActivityThread: ActivityThread,attachApplication
08-02 17:07:19.281  3507  4869 D ActivityManager: ActivityManagerService,attachApplication,callingPid = 13733
08-02 17:07:19.284  3507  4869 V ActivityManager: New app record ProcessRecord{46ad178 13733:com.android.contacts/u0a3} thread=android.os.BinderProxy@81df051 pid=13733
08-02 17:07:19.318  3507  4314 I ActivityManager: Process com.huawei.hwid:pushservice (pid 12538) has died
08-02 17:07:19.319  3507  4314 D ActivityManager: cleanUpApplicationRecord -- 12538
08-02 17:07:19.319  3507  4314 I ActivityManager: cleanUpApplicationRecordLocked, reset pid: 12538, euid: 0
08-02 17:07:19.527  3507  4632 I HwActivityManagerService: ProcessRecord ProcessRecord{46ad178 13733:com.android.contacts/u0a3} is not a cloned process
08-02 17:07:19.667  3507  4630 I HwActivityManagerService: ProcessRecord ProcessRecord{8d3840e 30149:com.tencent.android.qqdownloader:daemon/u0a160} is not a cloned process
08-02 17:07:19.673  3507  4909 I HwActivityManagerService: ProcessRecord ProcessRecord{8d3840e 30149:com.tencent.android.qqdownloader:daemon/u0a160} is not a cloned process
08-02 17:07:19.754  3507  4867 I ActivityManager: new Process app=ProcessRecord{a80408d 0:com.huawei.systemmanager/1000}, name: com.huawei.systemmanager, euid: 0
08-02 17:07:19.779  3507  4867 I ActivityManager: Start proc 13763:com.huawei.systemmanager/1000 for broadcast com.huawei.systemmanager/.antivirus.AntiVirusReceiver
08-02 17:07:19.819  3507  4867 I ActivityManager: collectReceiverComponents for intent: Intent { act=com.facebook.messages.ipc.peersPROD flg=0x10 (has extras) }, receivers: null
08-02 17:07:19.836 13763 13763 D ActivityThread: ActivityThread,attachApplication
08-02 17:07:19.838  3507  4926 D ActivityManager: ActivityManagerService,attachApplication,callingPid = 13763
08-02 17:07:19.840  3507  4926 V ActivityManager: New app record ProcessRecord{a80408d 13763:com.huawei.systemmanager/1000} thread=android.os.BinderProxy@44d5cbc pid=13763
08-02 17:07:19.859  3507  4522 I ActivityManager: collectReceiverComponents for intent: Intent { act=android.intent.action.SIG_STR flg=0x20000010 (has extras) }, receivers: null
08-02 17:07:19.862  3507  3518 W ActivityManager: getRunningAppProcesses: caller 10733 does not hold REAL_GET_TASKS; limiting output
08-02 17:07:19.890  3507  4278 I ActivityManager: Process com.huawei.android.ds:pushservice (pid 12591) has died
08-02 17:07:19.890  3507  4278 D ActivityManager: cleanUpApplicationRecord -- 12591
08-02 17:07:19.890  3507  4278 I ActivityManager: cleanUpApplicationRecordLocked, reset pid: 12591, euid: 0
08-02 17:07:20.157 13763 13763 W ContextImpl: Calling a method in the system process without a qualified user: android.app.ContextImpl.startService:1378 android.content.ContextWrapper.startService:581 com.huawei.systemmanager.SystemManagerApplication.startMainService:208 com.huawei.systemmanager.SystemManagerApplication.startServices:102 com.huawei.systemmanager.SystemManagerApplication.onCreate:85 
08-02 17:07:20.162 13763 13763 W ContextImpl: Calling a method in the system process without a qualified user: android.app.ContextImpl.startService:1378 android.content.ContextWrapper.startService:581 com.huawei.systemmanager.SystemManagerApplication.startPreventModeService:151 com.huawei.systemmanager.SystemManagerApplication.startServices:103 com.huawei.systemmanager.SystemManagerApplication.onCreate:85 
08-02 17:07:20.168 13763 13763 W ContextImpl: Calling a method in the system process without a qualified user: android.app.ContextImpl.startService:1378 android.content.ContextWrapper.startService:581 com.huawei.systemmanager.SystemManagerApplication.startPermissionService:156 com.huawei.systemmanager.SystemManagerApplication.startServices:104 com.huawei.systemmanager.SystemManagerApplication.onCreate:85 
08-02 17:07:20.178 13763 13763 W ContextImpl: Calling a method in the system process without a qualified user: android.app.ContextImpl.startService:1378 android.content.ContextWrapper.startService:581 com.huawei.systemmanager.SystemManagerApplication.startBgStaticsService:167 com.huawei.systemmanager.SystemManagerApplication.startServices:106 com.huawei.systemmanager.SystemManagerApplication.onCreate:85 
08-02 17:07:20.184 13763 13763 W ContextImpl: Calling a method in the system process without a qualified user: android.app.ContextImpl.startService:1378 android.content.ContextWrapper.startService:581 com.huawei.systemmanager.SystemManagerApplication.startNetControllService:174 com.huawei.systemmanager.SystemManagerApplication.startServices:107 com.huawei.systemmanager.SystemManagerApplication.onCreate:85 
08-02 17:07:20.188 13763 13763 W ContextImpl: Calling a method in the system process without a qualified user: android.app.ContextImpl.startService:1378 android.content.ContextWrapper.startService:581 com.huawei.systemmanager.SystemManagerApplication.startAppLockService:182 com.huawei.systemmanager.SystemManagerApplication.startServices:108 com.huawei.systemmanager.SystemManagerApplication.onCreate:85 
08-02 17:07:20.192 13763 13763 W ContextImpl: Calling a method in the system process without a qualified user: android.app.ContextImpl.startService:1378 android.content.ContextWrapper.startService:581 com.huawei.systemmanager.SystemManagerApplication.startDeviceStorageMonitorService:178 com.huawei.systemmanager.SystemManagerApplication.startServices:112 com.huawei.systemmanager.SystemManagerApplication.onCreate:85 
08-02 17:07:20.202 13763 13763 W ContextImpl: Calling a method in the system process without a qualified user: android.app.ContextImpl.startService:1378 android.content.ContextWrapper.startService:581 com.huawei.systemmanager.SystemManagerApplication.startSpaceCleanService:187 com.huawei.systemmanager.SystemManagerApplication.startServices:113 com.huawei.systemmanager.SystemManagerApplication.onCreate:85 
08-02 17:07:20.206 13763 13763 W ContextImpl: Calling a method in the system process without a qualified user: android.app.ContextImpl.startService:1378 android.content.ContextWrapper.startService:581 com.huawei.systemmanager.SystemManagerApplication.startStarupService:192 com.huawei.systemmanager.SystemManagerApplication.startServices:114 com.huawei.systemmanager.SystemManagerApplication.onCreate:85 
08-02 17:07:20.211 13763 13763 W ContextImpl: Calling a method in the system process without a qualified user: android.app.ContextImpl.startService:1378 android.content.ContextWrapper.startService:581 com.huawei.systemmanager.SystemManagerApplication.startAntivirusService:197 com.huawei.systemmanager.SystemManagerApplication.startServices:115 com.huawei.systemmanager.SystemManagerApplication.onCreate:85 
08-02 17:07:20.226  3507  4114 V AlarmManager: Alarm triggering (type 0 or 2): [Alarm{c259964 type 2 when 171919509 com.google.android.gms}]
08-02 17:07:20.226  3507  4114 V AlarmManager: sending alarm Alarm{c259964 type 2 when 171919509 com.google.android.gms},repeatInterval = 0
08-02 17:07:20.227  3507  4114 I HwActivityManagerService: collectReceiverComponents, callerApp: null, flags: 400
08-02 17:07:20.227  3507  4114 I ActivityManager: collectReceiverComponents for intent: Intent { act=com.google.android.gms.gcm.ACTION_CHECK_QUEUE flg=0x14 (has extras) }, receivers: [ResolveInfo{c99f445 com.google.android.gms/.gcm.nts.SchedulerInternalReceiver m=0x108000 euid=0}]
08-02 17:07:20.227  3507  4114 V AlarmManager: sending alarm Alarm{858379a type 1 when 1501656495224 com.sankuai.meituan},repeatInterval = 86400000
08-02 17:07:20.229  3507  4114 I HwActivityManagerService: collectReceiverComponents, callerApp: null, flags: 400
08-02 17:07:20.229  3507  4114 I ActivityManager: collectReceiverComponents for intent: Intent { flg=0x14 cmp=com.sankuai.meituan/.notify.CouponReceiver (has extras) }, receivers: [ResolveInfo{99cc8cb com.sankuai.meituan/.notify.CouponReceiver m=0x0 euid=0}]
08-02 17:07:20.238  3507  4908 I ActivityManager: Process com.huawei.android.remotecontrol:pushservice (pid 12647) has died
08-02 17:07:20.239  3507  4908 D ActivityManager: cleanUpApplicationRecord -- 12647
08-02 17:07:20.241  3507  4908 I ActivityManager: cleanUpApplicationRecordLocked, reset pid: 12647, euid: 0
08-02 17:07:20.368  3507  4314 I ActivityManager: Process com.huawei.hwid (pid 12703) has died
08-02 17:07:20.369  3507  4314 D ActivityManager: cleanUpApplicationRecord -- 12703
08-02 17:07:20.369  3507  4314 I ActivityManager: cleanUpApplicationRecordLocked, reset pid: 12703, euid: 0
08-02 17:07:20.467 13763 13763 W ContextImpl: Calling a method in the system process without a qualified user: android.app.ContextImpl.startService:1378 android.content.ContextWrapper.startService:581 tmsdk.common.TMSDKContext.start:-1 tmsdk.common.TMSDKContext.init:-1 com.huawei.systemmanager.sdk.tmsdk.TMSdkEngine.init:44 
08-02 17:07:20.525 13763 13763 W ContextImpl: Calling a method in the system process without a qualified user: android.app.ContextImpl.startService:1378 android.content.ContextWrapper.startService:581 android.content.ContextWrapper.startService:581 com.huawei.systemmanager.antivirus.utils.AntiVirusTools.checkVirusForNewInstalledApk:563 com.huawei.systemmanager.antivirus.AntiVirusReceiver.onReceive:35 
08-02 17:07:20.527  3507  4870 I ActivityManager: retrieveServiceLocked, callerApp: ProcessRecord{a80408d 13763:com.huawei.systemmanager/1000}, flags: 400
08-02 17:07:20.538  3507  4926 I ActivityManager: Process com.android.providers.calendar (pid 12630) has died
08-02 17:07:20.539  3507  4926 D ActivityManager: cleanUpApplicationRecord -- 12630
08-02 17:07:20.539  3507  4926 I ActivityManager: cleanUpApplicationRecordLocked, reset pid: 12630, euid: 0
08-02 17:07:20.559  3507  4278 I ActivityManager: retrieveServiceLocked, callerApp: ProcessRecord{bc1f7be 31168:com.huawei.hwmwlauncher/u0a82}, flags: 400
08-02 17:07:20.560  3507  4278 I ActivityManager: bindServiceLocked, r: ServiceRecord{eff6cec u0 euid: 0 com.huawei.hwmwlauncher/.HwMwLauncherService}, euid: 0
08-02 17:07:20.567  3507  4630 I ActivityManager: new Process app=ProcessRecord{7978b5 0:com.huawei.android.karaokeeffect/1000}, name: com.huawei.android.karaokeeffect, euid: 0
08-02 17:07:20.597  3507  4630 I ActivityManager: Start proc 13851:com.huawei.android.karaokeeffect/1000 for broadcast com.huawei.android.karaokeeffect/.IntentReceiver
08-02 17:07:20.600  3507  4522 I ActivityManager: collectReceiverComponents for intent: Intent { act=com.huawei.systemmanager.action.found_virusscan_app flg=0x10 pkg=com.huawei.systemmanager (has extras) }, receivers: null
08-02 17:07:20.615  3507  4869 I ActivityManager: collectReceiverComponents for intent: Intent { act=com.huawei.multiwindow.launcher.action.REFRESH_MW_LAUNCHER flg=0x10 }, receivers: null
08-02 17:07:20.657  3507  4632 I HwActivityManagerService: ProcessRecord ProcessRecord{46ad178 13733:com.android.contacts/u0a3} is not a cloned process
08-02 17:07:20.657  3507  4632 I HwActivityManagerService: PackageName for pid 13733 is com.android.contacts
08-02 17:07:20.660  3507  4864 I HwActivityManagerService: ProcessRecord ProcessRecord{46ad178 13733:com.android.contacts/u0a3} is not a cloned process
08-02 17:07:20.660  3507  4864 I HwActivityManagerService: PackageName for pid 13733 is com.android.contacts
08-02 17:07:20.663 13851 13851 D ActivityThread: ActivityThread,attachApplication
08-02 17:07:20.663  3507  4908 I HwActivityManagerService: ProcessRecord ProcessRecord{46ad178 13733:com.android.contacts/u0a3} is not a cloned process
08-02 17:07:20.663  3507  4908 I HwActivityManagerService: PackageName for pid 13733 is com.android.contacts
08-02 17:07:20.664  3507  4869 D ActivityManager: ActivityManagerService,attachApplication,callingPid = 13851
08-02 17:07:20.666  3507  4869 V ActivityManager: New app record ProcessRecord{7978b5 13851:com.huawei.android.karaokeeffect/1000} thread=android.os.BinderProxy@b95eb31 pid=13851
08-02 17:07:20.698  3507  4551 I ActivityManager: Process com.huawei.appmarket:pushservice (pid 12809) has died
08-02 17:07:20.699  3507  4551 D ActivityManager: cleanUpApplicationRecord -- 12809
08-02 17:07:20.699  3507  4551 I ActivityManager: cleanUpApplicationRecordLocked, reset pid: 12809, euid: 0
08-02 17:07:20.728  3507  4908 I ActivityManager: Process com.huawei.health:pushservice (pid 12718) has died
08-02 17:07:20.729  3507  4908 D ActivityManager: cleanUpApplicationRecord -- 12718
08-02 17:07:20.729  3507  4908 I ActivityManager: cleanUpApplicationRecordLocked, reset pid: 12718, euid: 0
08-02 17:07:20.835  3507  4630 I ActivityManager: retrieveServiceLocked, callerApp: ProcessRecord{ca1b3a9 5970:com.google.android.gms.persistent/u0a8}, flags: 400
08-02 17:07:20.836  3507  4630 I ActivityManager: bindServiceLocked, r: ServiceRecord{5644216 u0 euid: 0 com.google.android.gms/.chimera.GmsIntentOperationService}, euid: 0
08-02 17:07:20.979  3507  4864 I ActivityManager: retrieveServiceLocked, callerApp: ProcessRecord{ca1b3a9 5970:com.google.android.gms.persistent/u0a8}, flags: 400
08-02 17:07:20.981  3507  4864 I ActivityManager: bindServiceLocked, r: ServiceRecord{f5a69a2 u0 euid: 0 com.google.android.keep/.service.CleanupService}, euid: 0
08-02 17:07:20.982  3507  4864 I ActivityManager: mAm.startProcessLocked for service: ServiceRecord{f5a69a2 u0 euid: 0 com.google.android.keep/.service.CleanupService}, appinfo euid: 0
08-02 17:07:20.982  3507  4864 I ActivityManager: new Process app=ProcessRecord{afa8633 0:com.google.android.keep/u0a239}, name: com.google.android.keep, euid: 0
08-02 17:07:21.019  3507  4864 I ActivityManager: Start proc 13870:com.google.android.keep/u0a239 for service com.google.android.keep/.service.CleanupService
08-02 17:07:21.022  3507  4867 I ActivityManager: retrieveServiceLocked, callerApp: ProcessRecord{229a16a 9628:com.google.android.gms/u0a8}, flags: 400
08-02 17:07:21.023  3507  4867 I ActivityManager: bindServiceLocked, r: ServiceRecord{ddf0 u0 euid: 0 com.google.android.gms/.icing.service.IndexWorkerService}, euid: 0
08-02 17:07:21.036  3507  3519 E PowerManagerService: Exception when search wack lock :java.lang.IllegalArgumentException: Wake lock not active: android.os.BinderProxy@b9dcf69 from uid 10008
08-02 17:07:21.038  3507  4522 E PowerManagerService: Exception when search wack lock :java.lang.IllegalArgumentException: Wake lock not active: android.os.BinderProxy@b9dcf69 from uid 10008
08-02 17:07:21.042  3507  4864 E PowerManagerService: Exception when search wack lock :java.lang.IllegalArgumentException: Wake lock not active: android.os.BinderProxy@b9dcf69 from uid 10008
08-02 17:07:21.044  3507  4278 E PowerManagerService: Exception when search wack lock :java.lang.IllegalArgumentException: Wake lock not active: android.os.BinderProxy@b9dcf69 from uid 10008
08-02 17:07:21.054  3507  4551 I ActivityManager: retrieveServiceLocked, callerApp: ProcessRecord{ca1b3a9 5970:com.google.android.gms.persistent/u0a8}, flags: 400
08-02 17:07:21.055  3507  4551 I ActivityManager: bindServiceLocked, r: ServiceRecord{b997dee u0 euid: 0 com.google.android.keep/.provider.RemindersDBUpgradeService}, euid: 0
08-02 17:07:21.066  3507  4869 I ActivityManager: Process com.google.process.gapps (pid 12883) has died
08-02 17:07:21.066  3507  4869 D ActivityManager: cleanUpApplicationRecord -- 12883
08-02 17:07:21.067  3507  4869 I ActivityManager: cleanUpApplicationRecordLocked, reset pid: 12883, euid: 0
08-02 17:07:21.105 13870 13870 D ActivityThread: ActivityThread,attachApplication
08-02 17:07:21.118  3507  4632 I ActivityManager: retrieveServiceLocked, callerApp: ProcessRecord{229a16a 9628:com.google.android.gms/u0a8}, flags: 400
08-02 17:07:21.121  3507  4632 I ActivityManager: bindServiceLocked, r: ServiceRecord{3af925 u0 euid: 0 com.google.android.gms/.icing.service.IndexService}, euid: 0
08-02 17:07:21.123  3507  3518 V AlarmManager: set(PendingIntent{8a38afa: PendingIntentRecord{e7ed128 com.google.android.gms broadcastIntent}}) : type=2 triggerAtTime=173185877 win=945512 tElapsed=173185877 maxElapsed=174131389 interval=0 flags=0x8
08-02 17:07:21.124  3507  4864 D ActivityManager: ActivityManagerService,attachApplication,callingPid = 13870
08-02 17:07:21.126  3507  4864 V ActivityManager: New app record ProcessRecord{afa8633 13870:com.google.android.keep/u0a239} thread=android.os.BinderProxy@95688ab pid=13870
08-02 17:07:21.139  3507  4314 I ActivityManager: Process com.sankuai.movie:pushservice (pid 13059) has died
08-02 17:07:21.139  3507  4314 D ActivityManager: cleanUpApplicationRecord -- 13059
08-02 17:07:21.140  3507  4314 I ActivityManager: cleanUpApplicationRecordLocked, reset pid: 13059, euid: 0
08-02 17:07:21.142  3507  4143 D WifiService: Client connection lost with reason: 4
08-02 17:07:21.159  3507  3519 I ActivityManager: new Process app=ProcessRecord{6be7b08 0:com.android.calendar/u0a39}, name: com.android.calendar, euid: 0
08-02 17:07:21.178  3507  3519 I ActivityManager: Start proc 13888:com.android.calendar/u0a39 for broadcast com.android.calendar/.alerts.AlertReceiver
08-02 17:07:21.181  3507  4908 I ActivityManager: retrieveServiceLocked, callerApp: ProcessRecord{229a16a 9628:com.google.android.gms/u0a8}, flags: 400
08-02 17:07:21.182  3507  4908 I ActivityManager: bindServiceLocked, r: ServiceRecord{8c702a1 u0 euid: 0 com.google.android.gms/.icing.service.IndexWorkerService}, euid: 0
08-02 17:07:21.203  3507  4551 I ActivityManager: retrieveServiceLocked, callerApp: ProcessRecord{229a16a 9628:com.google.android.gms/u0a8}, flags: 400
08-02 17:07:21.204  3507  4864 I HwActivityManagerService: ProcessRecord ProcessRecord{8d3840e 30149:com.tencent.android.qqdownloader:daemon/u0a160} is not a cloned process
08-02 17:07:21.205  3507  4551 I ActivityManager: bindServiceLocked, r: ServiceRecord{90f5cc6 u0 euid: 0 com.google.android.gms/.icing.service.IndexWorkerService}, euid: 0
08-02 17:07:21.210  3507  4630 I HwActivityManagerService: ProcessRecord ProcessRecord{8d3840e 30149:com.tencent.android.qqdownloader:daemon/u0a160} is not a cloned process
08-02 17:07:21.223  3507  4870 I ActivityManager: retrieveServiceLocked, callerApp: ProcessRecord{229a16a 9628:com.google.android.gms/u0a8}, flags: 400
08-02 17:07:21.226  3507  4870 I ActivityManager: bindServiceLocked, r: ServiceRecord{3b027dd u0 euid: 0 com.google.android.gms/.icing.service.LightweightIndexService}, euid: 0
08-02 17:07:21.263 13888 13888 D ActivityThread: ActivityThread,attachApplication
08-02 17:07:21.265  3507  3518 D ActivityManager: ActivityManagerService,attachApplication,callingPid = 13888
08-02 17:07:21.266  3507  3518 V ActivityManager: New app record ProcessRecord{6be7b08 13888:com.android.calendar/u0a39} thread=android.os.BinderProxy@147f52 pid=13888
08-02 17:07:21.271  3507  4869 I ActivityManager: Process com.sankuai.meituan:pushservice (pid 13187) has died
08-02 17:07:21.271  3507  4869 D ActivityManager: cleanUpApplicationRecord -- 13187
08-02 17:07:21.271  3507  4869 I ActivityManager: cleanUpApplicationRecordLocked, reset pid: 13187, euid: 0
08-02 17:07:21.331  3507  4908 I ActivityManager: retrieveServiceLocked, callerApp: ProcessRecord{229a16a 9628:com.google.android.gms/u0a8}, flags: 400
08-02 17:07:21.334  3507  4908 I ActivityManager: bindServiceLocked, r: ServiceRecord{e0c64d9 u0 euid: 0 com.google.android.gms/.lockbox.service.LockboxBrokerService}, euid: 0
08-02 17:07:21.350  3507  4867 I HwActivityManagerService: collectReceiverComponents, callerApp: ProcessRecord{229a16a 9628:com.google.android.gms/u0a8}, flags: 400
08-02 17:07:21.351  3507  4867 I ActivityManager: collectReceiverComponents for intent: Intent { act=com.google.android.gms.icing.action.CONTACT_CHANGED flg=0x10 pkg=com.google.android.gms (has extras) }, receivers: [ResolveInfo{ad73e9e com.google.android.gms/.chimera.GmsIntentOperationService$PersistentInternalReceiver m=0x108000 euid=0}]
08-02 17:07:21.526  3507  4522 I HwActivityManagerService: ProcessRecord ProcessRecord{6be7b08 13888:com.android.calendar/u0a39} is not a cloned process
08-02 17:07:21.563  3507  4870 I ActivityManager: new Process app=ProcessRecord{eedfd7f 0:com.android.providers.calendar/u0a29}, name: com.android.providers.calendar, euid: 0
08-02 17:07:21.582  3507  4870 I ActivityManager: Start proc 13917:com.android.providers.calendar/u0a29 for content provider com.android.providers.calendar/.CalendarProvider2
08-02 17:07:21.583  3507  4870 V ActivityManager_MU: Waiting to start provider ContentProviderRecord{dcbd14c u0 euid:0 com.android.providers.calendar/.CalendarProvider2} launchingApp=ProcessRecord{eedfd7f 13917:com.android.providers.calendar/u0a29} caller pid= 13888
08-02 17:07:21.649 13917 13917 D ActivityThread: ActivityThread,attachApplication
08-02 17:07:21.650  3507  4867 D ActivityManager: ActivityManagerService,attachApplication,callingPid = 13917
08-02 17:07:21.652  3507  4867 V ActivityManager: New app record ProcessRecord{eedfd7f 13917:com.android.providers.calendar/u0a29} thread=android.os.BinderProxy@d8ab638 pid=13917
08-02 17:07:21.752  3507  4909 I ActivityManager: new Process app=ProcessRecord{250fde4 0:com.google.process.gapps/u0a8}, name: com.google.process.gapps, euid: 0
08-02 17:07:21.769  3507  4909 I ActivityManager: Start proc 13938:com.google.process.gapps/u0a8 for content provider com.google.android.gsf/.gservices.GservicesProvider
08-02 17:07:21.770  3507  4909 V ActivityManager_MU: Waiting to start provider ContentProviderRecord{c2fc24d u0 euid:0 com.google.android.gsf/.gservices.GservicesProvider} launchingApp=ProcessRecord{250fde4 13938:com.google.process.gapps/u0a8} caller pid= 13870
08-02 17:07:21.810  3507  4870 V ActivityManager: Successfully start provider ContentProviderRecord{dcbd14c u0 euid:0 com.android.providers.calendar/.CalendarProvider2} launchingApp=ProcessRecord{eedfd7f 13917:com.android.providers.calendar/u0a29} caller pid= 13888
08-02 17:07:21.828 13938 13938 D ActivityThread: ActivityThread,attachApplication
08-02 17:07:21.828  3507  4314 I ActivityManager: retrieveServiceLocked, callerApp: ProcessRecord{eedfd7f 13917:com.android.providers.calendar/u0a29}, flags: 400
08-02 17:07:21.829  3507  4314 I ActivityManager: bindServiceLocked, r: ServiceRecord{8c257c u0 euid: 0 com.android.providers.calendar/.EmptyService}, euid: 0
08-02 17:07:21.833  3507  4926 D ActivityManager: ActivityManagerService,attachApplication,callingPid = 13938
08-02 17:07:21.835  3507  4926 V ActivityManager: New app record ProcessRecord{250fde4 13938:com.google.process.gapps/u0a8} thread=android.os.BinderProxy@8ffee05 pid=13938
08-02 17:07:21.920  3507  4867 I ActivityManager: collectReceiverComponents for intent: Intent { act=com.huawei.appmarket.service.downloadservice.Receiver flg=0x10 }, receivers: null
08-02 17:07:21.940  3507  4630 I ActivityManager: collectReceiverComponents for intent: Intent { act=com.facebook.common.appstate.peers flg=0x10 pkg=com.facebook.katana (has extras) }, receivers: null
08-02 17:07:22.026  3507  4909 V ActivityManager: Successfully start provider ContentProviderRecord{c2fc24d u0 euid:0 com.google.android.gsf/.gservices.GservicesProvider} launchingApp=ProcessRecord{250fde4 13938:com.google.process.gapps/u0a8} caller pid= 13870
08-02 17:07:22.027  3507  3519 I ActivityManager: retrieveServiceLocked, callerApp: ProcessRecord{6be7b08 13888:com.android.calendar/u0a39}, flags: 400
08-02 17:07:22.028  3507  3519 I ActivityManager: bindServiceLocked, r: ServiceRecord{3e1a814 u0 euid: 0 com.android.calendar/.alerts.AlertService}, euid: 0
08-02 17:07:22.070  3507  4909 I HwActivityManagerService: ProcessRecord ProcessRecord{6be7b08 13888:com.android.calendar/u0a39} is not a cloned process
08-02 17:07:22.071  3507  4864 I HwActivityManagerService: ProcessRecord ProcessRecord{6be7b08 13888:com.android.calendar/u0a39} is not a cloned process
08-02 17:07:22.073  3507  3519 I HwActivityManagerService: ProcessRecord ProcessRecord{6be7b08 13888:com.android.calendar/u0a39} is not a cloned process
08-02 17:07:22.074  3507  3519 I HwActivityManagerService: ProcessRecord ProcessRecord{6be7b08 13888:com.android.calendar/u0a39} is not a cloned process
08-02 17:07:22.075  3507  4630 I HwActivityManagerService: ProcessRecord ProcessRecord{6be7b08 13888:com.android.calendar/u0a39} is not a cloned process
08-02 17:07:22.076  3507  4278 I HwActivityManagerService: ProcessRecord ProcessRecord{6be7b08 13888:com.android.calendar/u0a39} is not a cloned process
08-02 17:07:22.077  3507  4926 I HwActivityManagerService: ProcessRecord ProcessRecord{6be7b08 13888:com.android.calendar/u0a39} is not a cloned process
08-02 17:07:22.079  3507  4926 I HwActivityManagerService: ProcessRecord ProcessRecord{6be7b08 13888:com.android.calendar/u0a39} is not a cloned process
08-02 17:07:22.080  3507  4926 I HwActivityManagerService: ProcessRecord ProcessRecord{6be7b08 13888:com.android.calendar/u0a39} is not a cloned process
08-02 17:07:22.081  3507  4926 I HwActivityManagerService: ProcessRecord ProcessRecord{6be7b08 13888:com.android.calendar/u0a39} is not a cloned process
08-02 17:07:22.082  3507  4926 I HwActivityManagerService: ProcessRecord ProcessRecord{6be7b08 13888:com.android.calendar/u0a39} is not a cloned process
08-02 17:07:22.083  3507  4926 I HwActivityManagerService: ProcessRecord ProcessRecord{6be7b08 13888:com.android.calendar/u0a39} is not a cloned process
08-02 17:07:22.084  3507  4926 I HwActivityManagerService: ProcessRecord ProcessRecord{6be7b08 13888:com.android.calendar/u0a39} is not a cloned process
08-02 17:07:22.085  3507  4314 I HwActivityManagerService: ProcessRecord ProcessRecord{6be7b08 13888:com.android.calendar/u0a39} is not a cloned process
08-02 17:07:22.086  3507  4314 I HwActivityManagerService: ProcessRecord ProcessRecord{6be7b08 13888:com.android.calendar/u0a39} is not a cloned process
08-02 17:07:22.087  3507  4314 I HwActivityManagerService: ProcessRecord ProcessRecord{6be7b08 13888:com.android.calendar/u0a39} is not a cloned process
08-02 17:07:22.089  3507  4314 I HwActivityManagerService: ProcessRecord ProcessRecord{6be7b08 13888:com.android.calendar/u0a39} is not a cloned process
08-02 17:07:22.090  3507  4314 I HwActivityManagerService: ProcessRecord ProcessRecord{6be7b08 13888:com.android.calendar/u0a39} is not a cloned process
08-02 17:07:22.091  3507  4522 I HwActivityManagerService: ProcessRecord ProcessRecord{6be7b08 13888:com.android.calendar/u0a39} is not a cloned process
08-02 17:07:22.092  3507  3519 I HwActivityManagerService: ProcessRecord ProcessRecord{6be7b08 13888:com.android.calendar/u0a39} is not a cloned process
08-02 17:07:22.094  3507  4630 I HwActivityManagerService: ProcessRecord ProcessRecord{6be7b08 13888:com.android.calendar/u0a39} is not a cloned process
08-02 17:07:22.125  3507  4926 I HwActivityManagerService: ProcessRecord ProcessRecord{afa8633 13870:com.google.android.keep/u0a239} is not a cloned process
08-02 17:07:22.125  3507  4926 I HwActivityManagerService: PackageName for pid 13870 is com.google.android.keep
08-02 17:07:22.150  3507  4864 I HwActivityManagerService: collectReceiverComponents, callerApp: ProcessRecord{afa8633 13870:com.google.android.keep/u0a239}, flags: 400
08-02 17:07:22.151  3507  4864 I ActivityManager: collectReceiverComponents for intent: Intent { act=com.google.android.gms.gcm.ACTION_SCHEDULE flg=0x10 pkg=com.google.android.gms (has extras) }, receivers: [ResolveInfo{bc2d8bd com.google.android.gms/.gcm.nts.SchedulerReceiver m=0x108000 euid=0}]
08-02 17:07:22.162  3507  4869 I HwActivityManagerService: collectReceiverComponents, callerApp: ProcessRecord{afa8633 13870:com.google.android.keep/u0a239}, flags: 400
08-02 17:07:22.162  3507  4869 I ActivityManager: collectReceiverComponents for intent: Intent { act=com.google.android.gms.gcm.ACTION_SCHEDULE flg=0x10 pkg=com.google.android.gms (has extras) }, receivers: [ResolveInfo{f2e0eb2 com.google.android.gms/.gcm.nts.SchedulerReceiver m=0x108000 euid=0}]
08-02 17:07:22.174  3507  4551 I HwActivityManagerService: collectReceiverComponents, callerApp: ProcessRecord{afa8633 13870:com.google.android.keep/u0a239}, flags: 400
08-02 17:07:22.174  3507  4551 I ActivityManager: collectReceiverComponents for intent: Intent { act=com.google.android.gms.gcm.ACTION_SCHEDULE flg=0x10 pkg=com.google.android.gms (has extras) }, receivers: [ResolveInfo{ec2ae03 com.google.android.gms/.gcm.nts.SchedulerReceiver m=0x108000 euid=0}]
08-02 17:07:22.184  3507  4926 I HwActivityManagerService: collectReceiverComponents, callerApp: ProcessRecord{afa8633 13870:com.google.android.keep/u0a239}, flags: 400
08-02 17:07:22.184  3507  4926 I ActivityManager: collectReceiverComponents for intent: Intent { act=com.google.android.gms.gcm.ACTION_SCHEDULE flg=0x10 pkg=com.google.android.gms (has extras) }, receivers: [ResolveInfo{33b3180 com.google.android.gms/.gcm.nts.SchedulerReceiver m=0x108000 euid=0}]
08-02 17:07:22.193  3507  4522 V AlarmManager: set(PendingIntent{24943b9: PendingIntentRecord{e7ed128 com.google.android.gms broadcastIntent}}) : type=2 triggerAtTime=171956231 win=22475 tElapsed=171956231 maxElapsed=171978706 interval=0 flags=0x8
08-02 17:07:22.218  3507  4630 V AlarmManager: set(PendingIntent{5ea63fe: PendingIntentRecord{e7ed128 com.google.android.gms broadcastIntent}}) : type=2 triggerAtTime=171956267 win=22483 tElapsed=171956267 maxElapsed=171978750 interval=0 flags=0x8
08-02 17:07:22.224  3507  4867 V AlarmManager: set(PendingIntent{3b8275f: PendingIntentRecord{e7ed128 com.google.android.gms broadcastIntent}}) : type=2 triggerAtTime=171956293 win=22498 tElapsed=171956293 maxElapsed=171978791 interval=0 flags=0x8
08-02 17:07:22.226 13763 13763 W ContextImpl: Calling a method in the system process without a qualified user: android.app.ContextImpl.bindService:1442 android.content.ContextWrapper.bindService:604 com.huawei.systemmanager.hsmstat.HsmStatProxy.bindService:265 com.huawei.systemmanager.hsmstat.HsmStatProxy.access$000:31 com.huawei.systemmanager.hsmstat.HsmStatProxy$1.handleMessage:65 
08-02 17:07:22.255  3507  4551 I ActivityManager: retrieveServiceLocked, callerApp: ProcessRecord{ca1b3a9 5970:com.google.android.gms.persistent/u0a8}, flags: 400
08-02 17:07:22.256  3507  4867 I HwActivityManagerService: ProcessRecord ProcessRecord{fc21e83 13525:com.facebook.katana/u0a711} is not a cloned process
08-02 17:07:22.256  3507  4867 I HwActivityManagerService: PackageName for pid 13525 is com.facebook.katana
08-02 17:07:22.257  3507  3518 I HwActivityManagerService: ProcessRecord ProcessRecord{6be7b08 13888:com.android.calendar/u0a39} is not a cloned process
08-02 17:07:22.257  3507  3518 I HwActivityManagerService: PackageName for pid 13888 is com.android.calendar
08-02 17:07:22.258  3507  4551 I ActivityManager: bindServiceLocked, r: ServiceRecord{e84c20a u0 euid: 0 com.google.android.googlequicksearchbox/com.google.android.apps.gsa.tasks.BackgroundTasksGcmService}, euid: 0
08-02 17:07:22.270  3507  4551 I ActivityManager: retrieveServiceLocked, callerApp: ProcessRecord{afa8633 13870:com.google.android.keep/u0a239}, flags: 400
08-02 17:07:22.273  3507  4551 I ActivityManager: bindServiceLocked, r: ServiceRecord{842b0f1 u0 euid: 0 com.google.android.gms/.reminders.service.RemindersService}, euid: 0
08-02 17:07:22.278  3507  4867 I HwActivityManagerService: collectReceiverComponents, callerApp: ProcessRecord{6be7b08 13888:com.android.calendar/u0a39}, flags: 400
08-02 17:07:22.278  3507  4867 I ActivityManager: collectReceiverComponents for intent: Intent { act=com.android.calendar.APPWIDGET_UPDATE flg=0x10 }, receivers: [ResolveInfo{1b4f4d6 com.android.calendar/.widget.CalendarAppWidgetProvider m=0x108000 euid=0}]
08-02 17:07:22.279  3507  3518 V AlarmManager: set(PendingIntent{29a357: PendingIntentRecord{e7ed128 com.google.android.gms broadcastIntent}}) : type=2 triggerAtTime=173185877 win=944645 tElapsed=173185877 maxElapsed=174130522 interval=0 flags=0x8
08-02 17:07:22.322  3507  4867 I HwActivityManagerService: ProcessRecord ProcessRecord{afa8633 13870:com.google.android.keep/u0a239} is not a cloned process
08-02 17:07:22.331  3507  3518 I HwActivityManagerService: ProcessRecord ProcessRecord{6be7b08 13888:com.android.calendar/u0a39} is not a cloned process
08-02 17:07:22.331  3507  3518 I HwActivityManagerService: PackageName for pid 13888 is com.android.calendar
08-02 17:07:22.357  3507  4630 I HwActivityManagerService: ProcessRecord ProcessRecord{6be7b08 13888:com.android.calendar/u0a39} is not a cloned process
08-02 17:07:22.357  3507  4630 I HwActivityManagerService: PackageName for pid 13888 is com.android.calendar
08-02 17:07:22.431  3507  4552 I ActivityManager: Process com.tencent.android.qqdownloader:pushservice (pid 13461) has died
08-02 17:07:22.432  3507  4552 D ActivityManager: cleanUpApplicationRecord -- 13461
08-02 17:07:22.432  3507  4552 I ActivityManager: cleanUpApplicationRecordLocked, reset pid: 13461, euid: 0
08-02 17:07:22.433  3507  4864 I AppWidgetServiceImpl: recycle oldRemoteView
08-02 17:07:22.459  3507  3518 I ActivityManager: new Process app=ProcessRecord{dc93e44 0:com.huawei.android.totemweather/u0a70}, name: com.huawei.android.totemweather, euid: 0
08-02 17:07:22.486  3507  3518 I ActivityManager: Start proc 13992:com.huawei.android.totemweather/u0a70 for broadcast com.huawei.android.totemweather/.wear.ChangeWeatherReceiver
08-02 17:07:22.493  3507  4522 V AlarmManager: set(PendingIntent{c406b2d: PendingIntentRecord{e7ed128 com.google.android.gms broadcastIntent}}) : type=2 triggerAtTime=173185877 win=944484 tElapsed=173185877 maxElapsed=174130361 interval=0 flags=0x8
08-02 17:07:22.506  3507  4926 I ActivityManager: collectReceiverComponents for intent: Intent { act=com.google.android.gms.icing.IME_NOTIFICATION flg=0x10 pkg=com.google.android.apps.inputmethod.cantonese (has extras) }, receivers: null
08-02 17:07:22.509  3507  4278 I ActivityManager: collectReceiverComponents for intent: Intent { act=com.google.android.gms.icing.IME_NOTIFICATION flg=0x10 pkg=com.google.android.apps.inputmethod.hindi (has extras) }, receivers: null
08-02 17:07:22.512  3507  4630 I ActivityManager: collectReceiverComponents for intent: Intent { act=com.google.android.gms.icing.IME_NOTIFICATION flg=0x10 pkg=com.google.android.apps.inputmethod.zhuyin (has extras) }, receivers: null
08-02 17:07:22.515  3507  4869 I ActivityManager: collectReceiverComponents for intent: Intent { act=com.google.android.gms.icing.IME_NOTIFICATION flg=0x10 pkg=com.android.inputmethod.latin (has extras) }, receivers: null
08-02 17:07:22.519  3507  4908 I ActivityManager: collectReceiverComponents for intent: Intent { act=com.google.android.gms.icing.IME_NOTIFICATION flg=0x10 pkg=com.google.android.inputmethod.korean (has extras) }, receivers: null
08-02 17:07:22.521  3507  4864 I ActivityManager: collectReceiverComponents for intent: Intent { act=com.google.android.gms.icing.IME_NOTIFICATION flg=0x10 pkg=com.google.android.inputmethod.pinyin (has extras) }, receivers: null
08-02 17:07:22.522  3507  4314 W ActivityManager: getRunningAppProcesses: caller 10711 does not hold REAL_GET_TASKS; limiting output
08-02 17:07:22.523  3507  4867 I ActivityManager: collectReceiverComponents for intent: Intent { act=com.google.android.gms.icing.IME_NOTIFICATION flg=0x10 pkg=com.google.android.inputmethod.japanese (has extras) }, receivers: null
08-02 17:07:22.529  3507  3519 I ActivityManager: collectReceiverComponents for intent: Intent { act=com.google.android.gms.icing.IME_NOTIFICATION flg=0x10 pkg=com.google.android.inputmethod.latin.dogfood (has extras) }, receivers: null
08-02 17:07:22.531  3507  4909 I ActivityManager: collectReceiverComponents for intent: Intent { act=com.google.android.gms.icing.IME_NOTIFICATION flg=0x10 pkg=com.google.android.inputmethod.latin (has extras) }, receivers: null
08-02 17:07:22.559 13992 13992 D ActivityThread: ActivityThread,attachApplication
08-02 17:07:22.561  3507  4630 D ActivityManager: ActivityManagerService,attachApplication,callingPid = 13992
08-02 17:07:22.562  3507  4630 V ActivityManager: New app record ProcessRecord{dc93e44 13992:com.huawei.android.totemweather/u0a70} thread=android.os.BinderProxy@9e38862 pid=13992
08-02 17:07:22.568  3507  4908 I ActivityManager: Process com.huawei.appmarket (pid 13683) has died
08-02 17:07:22.569  3507  4908 D ActivityManager: cleanUpApplicationRecord -- 13683
08-02 17:07:22.569  3507  4908 I ActivityManager: cleanUpApplicationRecordLocked, reset pid: 13683, euid: 0
08-02 17:07:22.677  3507  4522 I HwActivityManagerService: ProcessRecord ProcessRecord{8d3840e 30149:com.tencent.android.qqdownloader:daemon/u0a160} is not a cloned process
08-02 17:07:22.681  3507  3518 I HwActivityManagerService: ProcessRecord ProcessRecord{8d3840e 30149:com.tencent.android.qqdownloader:daemon/u0a160} is not a cloned process
08-02 17:07:22.690  3507  4630 I ActivityManager: retrieveServiceLocked, callerApp: ProcessRecord{46ad178 13733:com.android.contacts/u0a3}, flags: 400
08-02 17:07:22.691  3507  4630 I ActivityManager: bindServiceLocked, r: ServiceRecord{73b1df3 u0 euid: 0 com.android.providers.contacts/.hap.birthday.BirthdayService}, euid: 0
08-02 17:07:22.759  3507  4551 I HwActivityManagerService: ProcessRecord ProcessRecord{6be7b08 13888:com.android.calendar/u0a39} is not a cloned process
08-02 17:07:22.759  3507  4551 I HwActivityManagerService: PackageName for pid 13888 is com.android.calendar
08-02 17:07:22.843  3507  4909 I HwActivityManagerService: collectReceiverComponents, callerApp: ProcessRecord{eedfd7f 13917:com.android.providers.calendar/u0a29}, flags: 400
08-02 17:07:22.844  3507  4909 I ActivityManager: collectReceiverComponents for intent: Intent { act=android.intent.action.PROVIDER_CHANGED dat=content://com.android.calendar flg=0x10 }, receivers: [ResolveInfo{43dfab0 com.android.calendar/.alerts.AlertReceiver m=0x308000 euid=0}, ResolveInfo{4e58d29 com.android.calendar/.widget.CalendarAppWidgetService$CalendarFactory m=0x308000 euid=0}, ResolveInfo{d75c8ae com.android.calendar/.simpleui.CalendarSimpleUiPRovider m=0x308000 euid=0}, ResolveInfo{2dfa64f com.android.calendar/.mycalendar.CalendarAppWidgetProvider m=0x308000 euid=0}]
