09-23 11:29:09.200  1225  1424 I QosMonitor: postEventFromNative: msg=100,arg1=4,arg2=9
09-23 11:29:09.200  1225  1424 W WifiProJNI: poll before: g_monitor_fd =236
09-23 11:29:09.200  1225  1225 I WifiProJNI: ######### CMD_QUERY_PKTS ########
09-23 11:29:09.201  1225  1424 I QosMonitor: postEventFromNative: msg=100,arg1=0,arg2=9
09-23 11:29:09.202  1225  1424 W WifiProJNI: poll before: g_monitor_fd =236
09-23 11:29:09.202  1225  1225 I MQoS    : rtt=400,tcp_tx_pkts=461482,tcp_rx_pkts=602233
09-23 11:29:09.203  1225  1426 I HuaweiWifiWatchdogStateMachine: PTcp RTT:0, rtt pkt=0, tcp_rx=0, tcp_tx=3, tcp_reTran=0, rtRate=0
09-23 11:29:09.203  1225  1426 I HuaweiWifiWatchdogStateMachine: rs ota tcp lr rttvb bad: false, false, false, false, false; rsth:-75
09-23 11:29:09.204  1225  1426 I HuaweiWifiWatchdogStateMachine:  pkt chk not bad, reset sc to 0.
09-23 11:29:09.212  1225  3524 I MQoS    : QOS_level:0(0),wifi-link;SIM error;use level-0
09-23 11:29:10.810  1225  1225 I TrafficMonitor: update:rxPkts:0,txPkts:1,rxBytes:0,txBytes:60
09-23 11:29:10.810  1225  1225 I TrafficMonitor: start expired. level:-1
09-23 11:29:10.810  1225  1225 I TrafficMonitor: gettimer:interval=2000
09-23 11:29:11.432  1225  1363 E WifiConfigManager: updateConfiguration freq=2462 BSSID=30:fc:68:d1:10:23 RSSI=-53 "yepao"WPA_PSK
09-23 11:29:11.805  1225  1225 I TrafficMonitor: expired arrive. level:-1
09-23 11:29:11.805  1225  1225 I TrafficMonitor: during_ms:2003,period_ms:2000
09-23 11:29:11.805  1225  1225 I TrafficMonitor: count:153,rx_sum:0,tx_sum:1,rxBytes:0,during_ms:2003,rx_speed:0.0,tx_speed:29.955067398901647,rto:0.0
09-23 11:29:12.314  1225  1416 E HwCHRWebMonitor: WebMonitor [mNetWorkIsSuck=0 mUIDIsSuck=]  WebSpeed [WEBSENDSEGS=1  WEBRESENDSEGS=0  WEBRECVSEGS=0  WEBERRSEGS=0  WEBOUTRSTS=0  WEBESTABLISRST=0  WEBRTTDURATION=0  WEBRTTSEGS=0  WEBSRTT=400  WEBSNDDUPACKS=0  SENDSEGS=0  RESENDSEGS=0  RECVSEGS=0  ERRSEGS=0  OUTRSTS=0  ESTABLISRST=0  RTTDURATION=0  RTTSEGS=0  SNDDUPACKS=0  suckTimes=0 recovage_times=0]
09-23 11:29:12.314  1225  1416 E HwCHRWifiRSSIGroupSummery: updateTcpSummery mRSSI:-53  HwCHRWifiRSSIGroup [rssi_index=4, rtt_tcp_packets=823, rtt_tcp_duration=45910, rtt_lan_duration=3014, rtt_lan_failures=0, rtt_lan_succ=85, rtt_lan_max=676, rtt_lan_min=2,same_area_frequency=0,adjacent_area_frequency=0]
09-23 11:29:12.323  1225  1416 E HwCHRWebMonitor: HwCHRWifiPacketCnt [mTXGood=10, mTXbad=0, mRXGood=7] rssi=-53
09-23 11:29:12.325  1225  1416 E HwCHRWebMonitor: running processName=com.yeapao.andorid
09-23 11:29:12.327  1225  1416 E HwCHRWebMonitor: HwCHRWifiUIDWebSpeed [appName=unknown:1021 UID=1021  WEBSENDSEGS=1  WEBRESENDSEGS=0  WEBRECVSEGS=0  WEBERRSEGS=0  WEBOUTRSTS=0  WEBESTABLISRST=0  WEBRTTDURATION=0  WEBRTTSEGS=0  WEBSNDDUPACKS=0  suckTimes=0 recovage_times=0]
09-23 11:29:12.812  1225  1225 I TrafficMonitor: update:rxPkts:4,txPkts:1,rxBytes:1873,txBytes:60
09-23 11:29:12.812  1225  1225 I TrafficMonitor: start expired. level:-1
09-23 11:29:12.812  1225  1225 I TrafficMonitor: gettimer:interval=2000
09-23 11:29:14.447  1225  1363 E WifiConfigManager: updateConfiguration freq=2462 BSSID=30:fc:68:d1:10:23 RSSI=-54 "yepao"WPA_PSK
09-23 11:29:14.816  1225  1225 I TrafficMonitor: update:rxPkts:0,txPkts:6,rxBytes:0,txBytes:260
09-23 11:29:14.816  1225  1225 I TrafficMonitor: start expired. level:-1
09-23 11:29:14.816  1225  1225 I TrafficMonitor: gettimer:interval=2000
09-23 11:29:16.638  2330  2330 W PTM.PeriodCheckManager: getPeriodCheckStatsInfo
09-23 11:29:16.640  2330  2330 W PTM.PeriodCheckManager: getPeriodCheckStatsInfo:powergenie_mode=2; backlight=1488; discharging=110; system_h=38; pa_0=36; soc_thermal=40; gpu=39; CpuFreqBig=480000; CpuFreqlittle=807000; DDRFreq=240000000; GpuFreq=360000000; 
09-23 11:29:16.640  2330  2330 W PTM.PeriodCheckManager: mPeriodHanlder start
09-23 11:29:16.657  2330  2330 W PTM.PeriodCheckManager: enter the sendData func.
09-23 11:29:16.657  2330  2330 W PTM.PeriodCheckManager: sendData ready!
09-23 11:29:16.659  2330  2330 I iMonitor: create: 903001011
09-23 11:29:16.669  2330  2330 I iMonitor: send: 903001011
09-23 11:29:16.669   601   990 I logserver: handle_exception_events enter
09-23 11:29:16.670  2330  2330 W PTM.PeriodCheckManager: mSendService start
09-23 11:29:16.685  2330  2413 E LogCollectService: illegal eventid
09-23 11:29:16.819  1225  1225 I TrafficMonitor: update:rxPkts:0,txPkts:1,rxBytes:0,txBytes:40
09-23 11:29:16.819  1225  1225 I TrafficMonitor: start expired. level:-1
09-23 11:29:16.819  1225  1225 I TrafficMonitor: gettimer:interval=2000
09-23 11:29:17.194  1225  1363 E WifiConfigManager: updateConfiguration freq=2462 BSSID=30:fc:68:d1:10:23 RSSI=-52 "yepao"WPA_PSK
09-23 11:29:17.200  1225  1225 I QosMonitor: queryRtt: rtt_type = 3
09-23 11:29:17.200  1225  1225 I WifiProJNI: ######### GET RTT:3 ########
09-23 11:29:17.200  1225  1426 I HuaweiWifiWatchdogStateMachine: spd good count:0, add sc:0.0, rate:1.0
09-23 11:29:17.201  1225  1424 I QosMonitor: postEventFromNative: msg=100,arg1=4,arg2=9
09-23 11:29:17.201  1225  1424 W WifiProJNI: poll before: g_monitor_fd =236
09-23 11:29:17.202  1225  1426 I HuaweiWifiWatchdogStateMachine: current mHighDataFlowRate = 1.0
09-23 11:29:17.202  1225  1426 I HuaweiWifiWatchdogStateMachine: POta txb txg rxg:0, 26, 0. Lr =0% Totpkt=26
09-23 11:29:17.202  1225  1225 I WifiProJNI: ######### CMD_QUERY_PKTS ########
09-23 11:29:17.203  1225  1424 I QosMonitor: postEventFromNative: msg=100,arg1=0,arg2=9
09-23 11:29:17.203  1225  1424 W WifiProJNI: poll before: g_monitor_fd =236
09-23 11:29:17.203  1225  1225 I MQoS    : rtt=400,tcp_tx_pkts=461491,tcp_rx_pkts=602233
09-23 11:29:17.206  1225  1426 I HuaweiWifiWatchdogStateMachine: PTcp RTT:0, rtt pkt=0, tcp_rx=0, tcp_tx=9, tcp_reTran=0, rtRate=0
09-23 11:29:17.206  1225  1426 I HuaweiWifiWatchdogStateMachine: detectNetworkAvailable: mNetworkDisableCount = 2
09-23 11:29:17.206  1225  1426 I HuaweiWifiWatchdogStateMachine: Inet check network is not ok, triger active check.
09-23 11:29:17.206  1225  1426 I HuaweiWifiWatchdogStateMachine: sendResultMsgToQM bssid:30:fc:**:**:10:23, qoslevel=-103
09-23 11:29:17.206  1225  1426 I HuaweiWifiWatchdogStateMachine: rs ota tcp lr rttvb bad: false, false, false, false, false; rsth:-75
09-23 11:29:17.207  1225  1426 I HuaweiWifiWatchdogStateMachine:  pkt chk not bad, reset sc to 0.
09-23 11:29:17.209  1225  1425 I WifiProJNI: ######### CMD_QUERY_PKTS ########
09-23 11:29:17.210  1225  1424 I QosMonitor: postEventFromNative: msg=100,arg1=0,arg2=9
09-23 11:29:17.210  1225  1424 W WifiProJNI: poll before: g_monitor_fd =236
09-23 11:29:17.214  1225  3524 I MQoS    : QOS_level:0(0),wifi-link;SIM error;use level-0
09-23 11:29:17.302  1225 30829 W HwNetworkPropertyChecker: recomfirmResponseCode, host = https://m.baidu.com, location = https://m.baidu.com/?from=844b&vit=fps, gateway = 192.168.1.1
09-23 11:29:17.304  1225  1425 W HwNetworkPropertyChecker: startSsid = "yepao", endSsid = "yepao"
09-23 11:29:17.328  1225  1416 E HwCHRWebMonitor: WebMonitor [mNetWorkIsSuck=0 mUIDIsSuck=]  WebSpeed [WEBSENDSEGS=0  WEBRESENDSEGS=0  WEBRECVSEGS=3  WEBERRSEGS=0  WEBOUTRSTS=0  WEBESTABLISRST=0  WEBRTTDURATION=43  WEBRTTSEGS=2  WEBSRTT=200  WEBSNDDUPACKS=0  SENDSEGS=0  RESENDSEGS=0  RECVSEGS=0  ERRSEGS=0  OUTRSTS=0  ESTABLISRST=0  RTTDURATION=0  RTTSEGS=0  SNDDUPACKS=0  suckTimes=0 recovage_times=0]
09-23 11:29:17.328  1225  1416 E HwCHRWifiRSSIGroupSummery: updateTcpSummery mRSSI:-51  HwCHRWifiRSSIGroup [rssi_index=4, rtt_tcp_packets=825, rtt_tcp_duration=45953, rtt_lan_duration=3014, rtt_lan_failures=0, rtt_lan_succ=85, rtt_lan_max=676, rtt_lan_min=2,same_area_frequency=0,adjacent_area_frequency=0]
09-23 11:29:17.333  1225  1416 E HwCHRWebMonitor: HwCHRWifiPacketCnt [mTXGood=24, mTXbad=0, mRXGood=5] rssi=-51
09-23 11:29:17.335  1225  1416 E HwCHRWebMonitor: running processName=com.yeapao.andorid
09-23 11:29:17.465  1225  1363 E WifiConfigManager: updateConfiguration freq=2462 BSSID=30:fc:68:d1:10:23 RSSI=-51 "yepao"WPA_PSK
09-23 11:29:17.473  1225 14789 I SendBroadcastPermission: action:android.intent.action.SIG_STR, mPermissionType:0
09-23 11:29:17.475  1225  1225 I MQoS    : onSignal: mSubId=0,currDataSubID=0
09-23 11:29:17.475  1225  1225 I MQoS    : received cell-signal:5
09-23 11:29:17.476  2574  2679 I amsnl   : csr
09-23 11:29:17.477  2574  2679 I amsnl   : t:false, fl: false, p: 86400000, ce: true, we: true
09-23 11:29:17.481  2574  2679 I amsnl   : m1: false
09-23 11:29:17.485  2574  2679 I amsnl   : m2: false, m3: false
09-23 11:29:17.486  2574  2679 I amsnl   : c: true, w: false, t: false, l: false
09-23 11:29:17.813  1225  1225 I TrafficMonitor: expired arrive. level:-1
09-23 11:29:17.813  1225  1225 I TrafficMonitor: during_ms:2003,period_ms:2000
09-23 11:29:17.813  1225  1225 I TrafficMonitor: count:156,rx_sum:0,tx_sum:1,rxBytes:0,during_ms:2003,rx_speed:0.0,tx_speed:19.9700449326011,rto:0.0
09-23 11:29:18.821  1225  1225 I TrafficMonitor: update:rxPkts:3,txPkts:4,rxBytes:1051,txBytes:347
09-23 11:29:18.822  1225  1225 I TrafficMonitor: start expired. level:-1
09-23 11:29:18.822  1225  1225 I TrafficMonitor: gettimer:interval=2000
09-23 11:29:20.483  1225  1363 E WifiConfigManager: updateConfiguration freq=2462 BSSID=30:fc:68:d1:10:23 RSSI=-49 "yepao"WPA_PSK
09-23 11:29:20.824  1225  1225 I TrafficMonitor: update:rxPkts:0,txPkts:2,rxBytes:0,txBytes:100
09-23 11:29:20.825  1225  1225 I TrafficMonitor: start expired. level:-1
09-23 11:29:20.825  1225  1225 I TrafficMonitor: gettimer:interval=2000
09-23 11:29:21.933  1225  1245 I EventHub: EventHub monitor: no key events in the past 6340s, no motion events in the past 63s
09-23 11:29:22.348  1225  1416 E HwCHRWebMonitor: WebMonitor [mNetWorkIsSuck=0 mUIDIsSuck=]  WebSpeed [WEBSENDSEGS=0  WEBRESENDSEGS=0  WEBRECVSEGS=0  WEBERRSEGS=0  WEBOUTRSTS=0  WEBESTABLISRST=0  WEBRTTDURATION=0  WEBRTTSEGS=0  WEBSRTT=200  WEBSNDDUPACKS=0  SENDSEGS=0  RESENDSEGS=0  RECVSEGS=0  ERRSEGS=0  OUTRSTS=0  ESTABLISRST=0  RTTDURATION=0  RTTSEGS=0  SNDDUPACKS=0  suckTimes=0 recovage_times=0]
09-23 11:29:22.349  1225  1416 E HwCHRWifiRSSIGroupSummery: updateTcpSummery mRSSI:-49  HwCHRWifiRSSIGroup [rssi_index=4, rtt_tcp_packets=825, rtt_tcp_duration=45953, rtt_lan_duration=3014, rtt_lan_failures=0, rtt_lan_succ=85, rtt_lan_max=676, rtt_lan_min=2,same_area_frequency=0,adjacent_area_frequency=0]
09-23 11:29:22.362  1225  1416 E HwCHRWebMonitor: HwCHRWifiPacketCnt [mTXGood=5, mTXbad=0, mRXGood=2] rssi=-49
09-23 11:29:22.367  1225  1416 E HwCHRWebMonitor: running processName=com.yeapao.andorid
09-23 11:29:22.393  1225  1416 E HwCHRWifiLinkMonitor: HwCHRWifiBcmIncrCounterLst [txbyte=1443  txframe=18  txnoassoc=0  txphyerror=0  txctl=27  txfail=0  txphyerr=0  txfrmsnt=45  txnoack=23  txfrag=45  txnocts=15  txrts=24  txnobuf=0  txallfrm=120  txerror=0  txretrans=30  rxbyte=3442  rxframe=17  rxbadfcs=41  rxbadplcp=31  rxmulti=14  rxfrag=246  rxctl=188  rxbadcm=0  rxnobuf=0  rxcrsglitch=9432  rxbadds=0  rxnondata=0  rxmulti=14  reset=0  rxdfrmocast=619  rxmfrmocast=44  rxdfrmucastmbss=3  rxmfrmucastmbss=0  rxbeaconmbss=188  rxdfmucastobss=0  rxbeaconobss=169  rxstrt=5214  rxcfrmocast=3283  rxcfrmucast=68  rxdfrmmcast=66  rxmfrmmcast=357  rxcfrmmcast=0  ]
09-23 11:29:22.829  1225  1225 I TrafficMonitor: update:rxPkts:0,txPkts:0,rxBytes:0,txBytes:0
09-23 11:29:22.829  1225  1225 I TrafficMonitor: start expired. level:-1
09-23 11:29:22.829  1225  1225 I TrafficMonitor: gettimer:interval=2000
09-23 11:29:23.483  1225 12487 I SendBroadcastPermission: action:android.intent.action.SIG_STR, mPermissionType:0
09-23 11:29:23.484  2574  2679 I amsnl   : csr
09-23 11:29:23.485  1225  1225 I MQoS    : onSignal: mSubId=0,currDataSubID=0
09-23 11:29:23.485  1225  1225 I MQoS    : received cell-signal:5
09-23 11:29:23.486  2574  2679 I amsnl   : t:false, fl: false, p: 86400000, ce: true, we: true
09-23 11:29:23.496  2574  2679 I amsnl   : m1: false
09-23 11:29:23.502  1225  1363 E WifiConfigManager: updateConfiguration freq=2462 BSSID=30:fc:68:d1:10:23 RSSI=-50 "yepao"WPA_PSK
09-23 11:29:23.506  2574  2679 I amsnl   : m2: false, m3: false
09-23 11:29:23.507  2574  2679 I amsnl   : c: true, w: false, t: false, l: false
09-23 11:29:23.823  1225  1225 I TrafficMonitor: expired arrive. level:-1
09-23 11:29:23.823  1225  1225 I TrafficMonitor: during_ms:2004,period_ms:2000
09-23 11:29:23.823  1225  1225 I TrafficMonitor: count:159,rx_sum:0,tx_sum:0,rxBytes:0,during_ms:2004,rx_speed:0.0,tx_speed:0.0,rto:0.0
09-23 11:29:24.832  1225  1225 I TrafficMonitor: update:rxPkts:0,txPkts:0,rxBytes:0,txBytes:0
09-23 11:29:24.832  1225  1225 I TrafficMonitor: start expired. level:-1
09-23 11:29:24.832  1225  1225 I TrafficMonitor: gettimer:interval=2000
09-23 11:29:25.200  1225  1363 E WifiConfigManager: updateConfiguration freq=2462 BSSID=30:fc:68:d1:10:23 RSSI=-50 "yepao"WPA_PSK
09-23 11:29:25.209  1225  1225 I QosMonitor: queryRtt: rtt_type = 3
09-23 11:29:25.209  1225  1225 I WifiProJNI: ######### GET RTT:3 ########
09-23 11:29:25.210  1225  1426 I HuaweiWifiWatchdogStateMachine: spd good count:0, add sc:0.0, rate:1.0
09-23 11:29:25.210  1225  1426 I HuaweiWifiWatchdogStateMachine: current mHighDataFlowRate = 1.0
09-23 11:29:25.210  1225  1426 I HuaweiWifiWatchdogStateMachine: POta txb txg rxg:0, 10, 0. Lr =0% Totpkt=10
09-23 11:29:25.210  1225  1424 I QosMonitor: postEventFromNative: msg=100,arg1=4,arg2=9
09-23 11:29:25.210  1225  1424 W WifiProJNI: poll before: g_monitor_fd =236
09-23 11:29:25.210  1225  1225 I WifiProJNI: ######### CMD_QUERY_PKTS ########
09-23 11:29:25.211  1225  1225 I QosMonitor: resetRtt: rtt_type = 3
09-23 11:29:25.211  1225  1225 I WifiProJNI: ######### RESET RTT:3 ########
09-23 11:29:25.212  1225  1424 I QosMonitor: postEventFromNative: msg=100,arg1=0,arg2=9
09-23 11:29:25.212  1225  1424 W WifiProJNI: poll before: g_monitor_fd =236
09-23 11:29:25.212  1225  1225 I MQoS    : rtt=200,tcp_tx_pkts=461497,tcp_rx_pkts=602236
09-23 11:29:25.216  1225  1426 I HuaweiWifiWatchdogStateMachine: PTcp RTT:0, rtt pkt=0, tcp_rx=3, tcp_tx=6, tcp_reTran=0, rtRate=0
09-23 11:29:25.216  1225  1426 I HuaweiWifiWatchdogStateMachine: rs ota tcp lr rttvb bad: false, false, false, false, false; rsth:-75
09-23 11:29:25.216  1225  1426 I HuaweiWifiWatchdogStateMachine:  pkt chk not bad, reset sc to 0.
09-23 11:29:25.227  1225  3524 I MQoS    : QOS_level:0(0),wifi-link;SIM error;use level-0
09-23 11:29:26.521  1225  1363 E WifiConfigManager: updateConfiguration freq=2462 BSSID=30:fc:68:d1:10:23 RSSI=-51 "yepao"WPA_PSK
09-23 11:29:26.837  1225  1225 I TrafficMonitor: update:rxPkts:0,txPkts:1,rxBytes:0,txBytes:40
09-23 11:29:26.837  1225  1225 I TrafficMonitor: start expired. level:-1
09-23 11:29:26.837  1225  1225 I TrafficMonitor: gettimer:interval=2000
09-23 11:29:27.366  1225  1416 E HwCHRWebMonitor: WebMonitor [mNetWorkIsSuck=0 mUIDIsSuck=]  WebSpeed [WEBSENDSEGS=0  WEBRESENDSEGS=0  WEBRECVSEGS=0  WEBERRSEGS=0  WEBOUTRSTS=0  WEBESTABLISRST=0  WEBRTTDURATION=0  WEBRTTSEGS=0  WEBSRTT=200  WEBSNDDUPACKS=0  SENDSEGS=0  RESENDSEGS=0  RECVSEGS=0  ERRSEGS=0  OUTRSTS=0  ESTABLISRST=0  RTTDURATION=0  RTTSEGS=0  SNDDUPACKS=0  suckTimes=0 recovage_times=0]
09-23 11:29:27.366  1225  1416 E HwCHRWifiRSSIGroupSummery: updateTcpSummery mRSSI:-52  HwCHRWifiRSSIGroup [rssi_index=4, rtt_tcp_packets=825, rtt_tcp_duration=45953, rtt_lan_duration=3014, rtt_lan_failures=0, rtt_lan_succ=85, rtt_lan_max=676, rtt_lan_min=2,same_area_frequency=0,adjacent_area_frequency=0]
09-23 11:29:27.379  1225  1416 E HwCHRWebMonitor: HwCHRWifiPacketCnt [mTXGood=3, mTXbad=0, mRXGood=0] rssi=-52
09-23 11:29:27.384  1225  1416 E HwCHRWebMonitor: running processName=com.yeapao.andorid
09-23 11:29:28.840  1225  1225 I TrafficMonitor: update:rxPkts:0,txPkts:0,rxBytes:0,txBytes:0
09-23 11:29:28.841  1225  1225 I TrafficMonitor: start expired. level:-1
09-23 11:29:28.841  1225  1225 I TrafficMonitor: gettimer:interval=2000
09-23 11:29:29.485  1225  1225 I MQoS    : onSignal: mSubId=0,currDataSubID=0
09-23 11:29:29.486  1225 12487 I SendBroadcastPermission: action:android.intent.action.SIG_STR, mPermissionType:0
09-23 11:29:29.487  1225  1225 I MQoS    : received cell-signal:5
09-23 11:29:29.488  2574  2679 I amsnl   : csr
09-23 11:29:29.490  2574  2679 I amsnl   : t:false, fl: false, p: 86400000, ce: true, we: true
09-23 11:29:29.499  2574  2679 I amsnl   : m1: false
09-23 11:29:29.507  2574  2679 I amsnl   : m2: false, m3: false
09-23 11:29:29.508  2574  2679 I amsnl   : c: true, w: false, t: false, l: false
09-23 11:29:29.542  1225  1363 E WifiConfigManager: updateConfiguration freq=2462 BSSID=30:fc:68:d1:10:23 RSSI=-51 "yepao"WPA_PSK
09-23 11:29:29.833  1225  1225 I TrafficMonitor: expired arrive. level:-1
09-23 11:29:29.833  1225  1225 I TrafficMonitor: during_ms:2004,period_ms:2000
09-23 11:29:29.833  1225  1225 I TrafficMonitor: count:162,rx_sum:0,tx_sum:0,rxBytes:0,during_ms:2004,rx_speed:0.0,tx_speed:0.0,rto:0.0
09-23 11:29:30.847  1225  1225 I TrafficMonitor: update:rxPkts:0,txPkts:1,rxBytes:0,txBytes:60
09-23 11:29:30.847  1225  1225 I TrafficMonitor: start expired. level:-1
09-23 11:29:30.847  1225  1225 I TrafficMonitor: gettimer:interval=2000
09-23 11:29:32.116  2495  4561 I VRService: no vr mode
09-23 11:29:32.117  1474  1474 W KeyguardUpdateMonitor: ACTION_BATTERY_CHANGED AMP: 0; Volt: 0
09-23 11:29:32.139 15623 16115 E CloudAlbum[8.0.1.304]: [ReceiverManager] not log on ignore
09-23 11:29:32.143  1474  1474 W KeyguardUpdateMonitor: ChargingSpeed  Wattage: -1 ST: 5000000 --> 7500000
09-23 11:29:32.143  1474  1474 I KgBattery: BatteryInfo updated:  5lPC-1
09-23 11:29:32.143  1474  1474 W AppHandler: sendMessage with obj100
09-23 11:29:32.146  2330  2330 I Ptm.AbnormalObserver: current battery level value: 100
09-23 11:29:32.152  2330  2330 W Ptm.AbnormalObserver: ljs, in checkIsAbnormalHot, Ap_temp = 37
09-23 11:29:32.153  1474  1474 W HwLockScreenPanel: refreshBatteryInfo: null
09-23 11:29:32.154  1474  1474 W HwLockScreenPanel: Handle message: 100
09-23 11:29:32.564  1225  1363 E WifiConfigManager: updateConfiguration freq=2462 BSSID=30:fc:68:d1:10:23 RSSI=-51 "yepao"WPA_PSK
09-23 11:29:32.851  1225  1225 I TrafficMonitor: update:rxPkts:1,txPkts:0,rxBytes:145,txBytes:0
09-23 11:29:32.851  1225  1225 I TrafficMonitor: start expired. level:-1
09-23 11:29:32.851  1225  1225 I TrafficMonitor: gettimer:interval=2000
09-23 11:29:33.208  1225  1363 E WifiConfigManager: updateConfiguration freq=2462 BSSID=30:fc:68:d1:10:23 RSSI=-50 "yepao"WPA_PSK
09-23 11:29:33.218  1225  1225 I QosMonitor: queryRtt: rtt_type = 3
09-23 11:29:33.218  1225  1225 I WifiProJNI: ######### GET RTT:3 ########
09-23 11:29:33.219  1225  1426 I HuaweiWifiWatchdogStateMachine: spd good count:0, add sc:0.0, rate:1.0
09-23 11:29:33.219  1225  1426 I HuaweiWifiWatchdogStateMachine: current mHighDataFlowRate = 1.0
09-23 11:29:33.219  1225  1426 I HuaweiWifiWatchdogStateMachine: POta txb txg rxg:0, 9, 0. Lr =0% Totpkt=9
09-23 11:29:33.219  1225  1424 I QosMonitor: postEventFromNative: msg=100,arg1=4,arg2=9
09-23 11:29:33.220  1225  1424 W WifiProJNI: poll before: g_monitor_fd =236
09-23 11:29:33.220  1225  1225 I WifiProJNI: ######### CMD_QUERY_PKTS ########
09-23 11:29:33.220  1225  1424 I QosMonitor: postEventFromNative: msg=100,arg1=0,arg2=9
09-23 11:29:33.220  1225  1424 W WifiProJNI: poll before: g_monitor_fd =236
09-23 11:29:33.221  1225  1225 I MQoS    : rtt=200,tcp_tx_pkts=461499,tcp_rx_pkts=602236
09-23 11:29:33.223  1225  1426 I HuaweiWifiWatchdogStateMachine: PTcp RTT:0, rtt pkt=0, tcp_rx=0, tcp_tx=2, tcp_reTran=0, rtRate=0
09-23 11:29:33.223  1225  1426 I HuaweiWifiWatchdogStateMachine: rs ota tcp lr rttvb bad: false, false, false, false, false; rsth:-75
09-23 11:29:33.224  1225  1426 I HuaweiWifiWatchdogStateMachine:  pkt chk not bad, reset sc to 0.
09-23 11:29:33.234  1225  3524 I MQoS    : QOS_level:0(0),wifi-link;SIM error;use level-0
09-23 11:29:33.305  1225  1416 E HwCHRWifiRSSIGroupSummery: updatArpSummery mRSSI:-50  HwCHRWifiRSSIGroup [rssi_index=4, rtt_tcp_packets=825, rtt_tcp_duration=45953, rtt_lan_duration=3063, rtt_lan_failures=0, rtt_lan_succ=86, rtt_lan_max=676, rtt_lan_min=2,same_area_frequency=0,adjacent_area_frequency=0]
09-23 11:29:33.350  1225  1416 E HwCHRWebMonitor: WebMonitor [mNetWorkIsSuck=0 mUIDIsSuck=]  WebSpeed [WEBSENDSEGS=1  WEBRESENDSEGS=0  WEBRECVSEGS=0  WEBERRSEGS=0  WEBOUTRSTS=0  WEBESTABLISRST=0  WEBRTTDURATION=0  WEBRTTSEGS=0  WEBSRTT=200  WEBSNDDUPACKS=0  SENDSEGS=0  RESENDSEGS=0  RECVSEGS=0  ERRSEGS=0  OUTRSTS=0  ESTABLISRST=0  RTTDURATION=0  RTTSEGS=0  SNDDUPACKS=0  suckTimes=0 recovage_times=0]
09-23 11:29:33.351  1225  1416 E HwCHRWifiRSSIGroupSummery: updateTcpSummery mRSSI:-50  HwCHRWifiRSSIGroup [rssi_index=4, rtt_tcp_packets=825, rtt_tcp_duration=45953, rtt_lan_duration=3063, rtt_lan_failures=0, rtt_lan_succ=86, rtt_lan_max=676, rtt_lan_min=2,same_area_frequency=0,adjacent_area_frequency=0]
09-23 11:29:33.364  1225  1416 E HwCHRWebMonitor: HwCHRWifiPacketCnt [mTXGood=6, mTXbad=0, mRXGood=2] rssi=-50
09-23 11:29:33.367  1225  1416 E HwCHRWebMonitor: running processName=com.yeapao.andorid
09-23 11:29:33.370  1225  1416 E HwCHRWebMonitor: HwCHRWifiUIDWebSpeed [appName=unknown:1021 UID=1021  WEBSENDSEGS=1  WEBRESENDSEGS=0  WEBRECVSEGS=0  WEBERRSEGS=0  WEBOUTRSTS=0  WEBESTABLISRST=0  WEBRTTDURATION=0  WEBRTTSEGS=0  WEBSNDDUPACKS=0  suckTimes=0 recovage_times=0]
09-23 11:29:34.857  1225  1225 I TrafficMonitor: update:rxPkts:0,txPkts:1,rxBytes:0,txBytes:60
09-23 11:29:34.858  1225  1225 I TrafficMonitor: start expired. level:-1
09-23 11:29:34.858  1225  1225 I TrafficMonitor: gettimer:interval=2000
09-23 11:29:35.586  1225  1363 E WifiConfigManager: updateConfiguration freq=2462 BSSID=30:fc:68:d1:10:23 RSSI=-49 "yepao"WPA_PSK
09-23 11:29:35.848  1225  1225 I TrafficMonitor: expired arrive. level:-1
09-23 11:29:35.849  1225  1225 I TrafficMonitor: during_ms:2007,period_ms:2000
09-23 11:29:35.849  1225  1225 I TrafficMonitor: count:165,rx_sum:0,tx_sum:1,rxBytes:0,during_ms:2007,rx_speed:0.0,tx_speed:29.895366218236173,rto:0.0
09-23 11:29:36.870  1225  1225 I TrafficMonitor: update:rxPkts:0,txPkts:1,rxBytes:0,txBytes:60
09-23 11:29:36.870  1225  1225 I TrafficMonitor: start expired. level:-1
09-23 11:29:36.870  1225  1225 I TrafficMonitor: gettimer:interval=2000
09-23 11:29:38.368  1225  1416 E HwCHRWebMonitor: WebMonitor [mNetWorkIsSuck=0 mUIDIsSuck=]  WebSpeed [WEBSENDSEGS=0  WEBRESENDSEGS=0  WEBRECVSEGS=0  WEBERRSEGS=0  WEBOUTRSTS=0  WEBESTABLISRST=0  WEBRTTDURATION=0  WEBRTTSEGS=0  WEBSRTT=200  WEBSNDDUPACKS=0  SENDSEGS=0  RESENDSEGS=0  RECVSEGS=0  ERRSEGS=0  OUTRSTS=0  ESTABLISRST=0  RTTDURATION=0  RTTSEGS=0  SNDDUPACKS=0  suckTimes=0 recovage_times=0]
09-23 11:29:38.369  1225  1416 E HwCHRWifiRSSIGroupSummery: updateTcpSummery mRSSI:-49  HwCHRWifiRSSIGroup [rssi_index=4, rtt_tcp_packets=825, rtt_tcp_duration=45953, rtt_lan_duration=3063, rtt_lan_failures=0, rtt_lan_succ=86, rtt_lan_max=676, rtt_lan_min=2,same_area_frequency=0,adjacent_area_frequency=0]
09-23 11:29:38.381  1225  1416 E HwCHRWebMonitor: HwCHRWifiPacketCnt [mTXGood=9, mTXbad=0, mRXGood=1] rssi=-49
09-23 11:29:38.385  1225  1416 E HwCHRWebMonitor: running processName=com.yeapao.andorid
09-23 11:29:38.610  1225  1363 E WifiConfigManager: updateConfiguration freq=2462 BSSID=30:fc:68:d1:10:23 RSSI=-50 "yepao"WPA_PSK
09-23 11:29:38.872  1225  1225 I TrafficMonitor: update:rxPkts:0,txPkts:1,rxBytes:0,txBytes:60
09-23 11:29:38.872  1225  1225 I TrafficMonitor: start expired. level:-1
09-23 11:29:38.872  1225  1225 I TrafficMonitor: gettimer:interval=2000
09-23 11:29:40.875  1225  1225 I TrafficMonitor: update:rxPkts:1,txPkts:2,rxBytes:40,txBytes:80
09-23 11:29:40.875  1225  1225 I TrafficMonitor: start expired. level:-1
09-23 11:29:40.875  1225  1225 I TrafficMonitor: gettimer:interval=2000
09-23 11:29:41.219  1225  1363 E WifiConfigManager: updateConfiguration freq=2462 BSSID=30:fc:68:d1:10:23 RSSI=-50 "yepao"WPA_PSK
09-23 11:29:41.232  1225  1225 I QosMonitor: queryRtt: rtt_type = 3
09-23 11:29:41.232  1225  1225 I WifiProJNI: ######### GET RTT:3 ########
09-23 11:29:41.233  1225  1426 I HuaweiWifiWatchdogStateMachine: spd good count:0, add sc:0.0, rate:1.0
09-23 11:29:41.233  1225  1426 I HuaweiWifiWatchdogStateMachine: current mHighDataFlowRate = 1.0
09-23 11:29:41.233  1225  1426 I HuaweiWifiWatchdogStateMachine: POta txb txg rxg:0, 16, 0. Lr =0% Totpkt=16
09-23 11:29:41.233  1225  1424 I QosMonitor: postEventFromNative: msg=100,arg1=4,arg2=9
09-23 11:29:41.233  1225  1424 W WifiProJNI: poll before: g_monitor_fd =236
09-23 11:29:41.233  1225  1225 I WifiProJNI: ######### CMD_QUERY_PKTS ########
09-23 11:29:41.234  1225  1424 I QosMonitor: postEventFromNative: msg=100,arg1=0,arg2=9
09-23 11:29:41.234  1225  1424 W WifiProJNI: poll before: g_monitor_fd =236
09-23 11:29:41.234  1225  1225 I MQoS    : rtt=200,tcp_tx_pkts=461504,tcp_rx_pkts=602237
09-23 11:29:41.237  1225  1426 I HuaweiWifiWatchdogStateMachine: PTcp RTT:0, rtt pkt=0, tcp_rx=1, tcp_tx=5, tcp_reTran=0, rtRate=0
09-23 11:29:41.237  1225  1426 I HuaweiWifiWatchdogStateMachine: rs ota tcp lr rttvb bad: false, false, false, false, false; rsth:-75
09-23 11:29:41.237  1225  1426 I HuaweiWifiWatchdogStateMachine:  pkt chk not bad, reset sc to 0.
09-23 11:29:41.249  1225  3524 I MQoS    : QOS_level:0(0),wifi-link;SIM error;use level-0
09-23 11:29:41.624  1225  1363 E WifiConfigManager: updateConfiguration freq=2462 BSSID=30:fc:68:d1:10:23 RSSI=-50 "yepao"WPA_PSK
09-23 11:29:41.871  1225  1225 I TrafficMonitor: expired arrive. level:-1
09-23 11:29:41.871  1225  1225 I TrafficMonitor: during_ms:2003,period_ms:2000
09-23 11:29:41.872  1225  1225 I TrafficMonitor: count:168,rx_sum:1,tx_sum:2,rxBytes:40,during_ms:2003,rx_speed:19.9700449326011,tx_speed:39.9400898652022,rto:0.5
09-23 11:29:42.737   585   585 E Thermal-daemon: [charger_ic] temp_new :35  temp_old :36
09-23 11:29:42.738   585   585 E Thermal-daemon: Report temperature: [charger_ic] temp :35  report_threshold:1
09-23 11:29:42.876  1225  1225 I TrafficMonitor: update:rxPkts:1,txPkts:1,rxBytes:32,txBytes:60
09-23 11:29:42.876  1225  1225 I TrafficMonitor: start expired. level:-1
09-23 11:29:42.876  1225  1225 I TrafficMonitor: gettimer:interval=2000
09-23 11:29:43.387  1225  1416 E HwCHRWebMonitor: WebMonitor [mNetWorkIsSuck=0 mUIDIsSuck=]  WebSpeed [WEBSENDSEGS=0  WEBRESENDSEGS=0  WEBRECVSEGS=1  WEBERRSEGS=0  WEBOUTRSTS=0  WEBESTABLISRST=0  WEBRTTDURATION=0  WEBRTTSEGS=0  WEBSRTT=200  WEBSNDDUPACKS=0  SENDSEGS=0  RESENDSEGS=0  RECVSEGS=0  ERRSEGS=0  OUTRSTS=0  ESTABLISRST=0  RTTDURATION=0  RTTSEGS=0  SNDDUPACKS=0  suckTimes=0 recovage_times=0]
09-23 11:29:43.387  1225  1416 E HwCHRWifiRSSIGroupSummery: updateTcpSummery mRSSI:-50  HwCHRWifiRSSIGroup [rssi_index=4, rtt_tcp_packets=825, rtt_tcp_duration=45953, rtt_lan_duration=3063, rtt_lan_failures=0, rtt_lan_succ=86, rtt_lan_max=676, rtt_lan_min=2,same_area_frequency=0,adjacent_area_frequency=0]
09-23 11:29:43.401  1225  1416 E HwCHRWebMonitor: HwCHRWifiPacketCnt [mTXGood=10, mTXbad=0, mRXGood=6] rssi=-50
09-23 11:29:43.404  1225  1416 E HwCHRWebMonitor: running processName=com.yeapao.andorid
09-23 11:29:44.645  1225  1363 E WifiConfigManager: updateConfiguration freq=2462 BSSID=30:fc:68:d1:10:23 RSSI=-52 "yepao"WPA_PSK
09-23 11:29:44.880  1225  1225 I TrafficMonitor: update:rxPkts:0,txPkts:0,rxBytes:0,txBytes:0
09-23 11:29:44.880  1225  1225 I TrafficMonitor: start expired. level:-1
09-23 11:29:44.880  1225  1225 I TrafficMonitor: gettimer:interval=2000
09-23 11:29:46.882  1225  1225 I TrafficMonitor: update:rxPkts:0,txPkts:0,rxBytes:0,txBytes:0
09-23 11:29:46.882  1225  1225 I TrafficMonitor: start expired. level:-1
09-23 11:29:46.882  1225  1225 I TrafficMonitor: gettimer:interval=2000
09-23 11:29:47.665  1225  1363 E WifiConfigManager: updateConfiguration freq=2462 BSSID=30:fc:68:d1:10:23 RSSI=-52 "yepao"WPA_PSK
09-23 11:29:47.877  1225  1225 I TrafficMonitor: expired arrive. level:-1
09-23 11:29:47.877  1225  1225 I TrafficMonitor: during_ms:2002,period_ms:2000
09-23 11:29:47.877  1225  1225 I TrafficMonitor: count:171,rx_sum:0,tx_sum:0,rxBytes:0,during_ms:2002,rx_speed:0.0,tx_speed:0.0,rto:0.0
09-23 11:29:48.405  1225  1416 E HwCHRWebMonitor: WebMonitor [mNetWorkIsSuck=0 mUIDIsSuck=]  WebSpeed [WEBSENDSEGS=0  WEBRESENDSEGS=0  WEBRECVSEGS=0  WEBERRSEGS=0  WEBOUTRSTS=0  WEBESTABLISRST=0  WEBRTTDURATION=0  WEBRTTSEGS=0  WEBSRTT=200  WEBSNDDUPACKS=0  SENDSEGS=0  RESENDSEGS=0  RECVSEGS=0  ERRSEGS=0  OUTRSTS=0  ESTABLISRST=0  RTTDURATION=0  RTTSEGS=0  SNDDUPACKS=0  suckTimes=0 recovage_times=0]
09-23 11:29:48.405  1225  1416 E HwCHRWifiRSSIGroupSummery: updateTcpSummery mRSSI:-53  HwCHRWifiRSSIGroup [rssi_index=4, rtt_tcp_packets=825, rtt_tcp_duration=45953, rtt_lan_duration=3063, rtt_lan_failures=0, rtt_lan_succ=86, rtt_lan_max=676, rtt_lan_min=2,same_area_frequency=0,adjacent_area_frequency=0]
09-23 11:29:48.414  1225  1416 E HwCHRWebMonitor: HwCHRWifiPacketCnt [mTXGood=3, mTXbad=0, mRXGood=10] rssi=-53
09-23 11:29:48.415  1225  1416 E HwCHRWebMonitor: running processName=com.yeapao.andorid
09-23 11:29:48.425  1225  1416 E HwCHRWifiLinkMonitor: HwCHRWifiBcmIncrCounterLst [txbyte=696  txframe=10  txnoassoc=0  txphyerror=0  txctl=21  txfail=0  txphyerr=0  txfrmsnt=31  txnoack=4  txfrag=31  txnocts=8  txrts=18  txnobuf=0  txallfrm=81  txerror=0  txretrans=13  rxbyte=931  rxframe=19  rxbadfcs=61  rxbadplcp=22  rxmulti=16  rxfrag=305  rxctl=251  rxbadcm=0  rxnobuf=0  rxcrsglitch=13608  rxbadds=0  rxnondata=0  rxmulti=16  reset=0  rxdfrmocast=103  rxmfrmocast=29  rxdfrmucastmbss=3  rxmfrmucastmbss=0  rxbeaconmbss=251  rxdfmucastobss=0  rxbeaconobss=173  rxstrt=5919  rxcfrmocast=3311  rxcfrmucast=49  rxdfrmmcast=59  rxmfrmmcast=428  rxcfrmmcast=0  ]
09-23 11:29:48.883  1225  1225 I TrafficMonitor: update:rxPkts:0,txPkts:0,rxBytes:0,txBytes:0
09-23 11:29:48.883  1225  1225 I TrafficMonitor: start expired. level:-1
09-23 11:29:48.884  1225  1225 I TrafficMonitor: gettimer:interval=2000
09-23 11:29:49.227  1225  1363 E WifiConfigManager: updateConfiguration freq=2462 BSSID=30:fc:68:d1:10:23 RSSI=-51 "yepao"WPA_PSK
09-23 11:29:49.237  1225  1225 I QosMonitor: queryRtt: rtt_type = 3
09-23 11:29:49.237  1225  1225 I WifiProJNI: ######### GET RTT:3 ########
09-23 11:29:49.237  1225  1426 I HuaweiWifiWatchdogStateMachine: spd good count:0, add sc:0.0, rate:1.0
09-23 11:29:49.238  1225  1424 I QosMonitor: postEventFromNative: msg=100,arg1=4,arg2=9
09-23 11:29:49.238  1225  1424 W WifiProJNI: poll before: g_monitor_fd =236
09-23 11:29:49.239  1225  1426 I HuaweiWifiWatchdogStateMachine: current mHighDataFlowRate = 1.0
09-23 11:29:49.240  1225  1426 I HuaweiWifiWatchdogStateMachine: POta txb txg rxg:0, 6, 0. Lr =0% Totpkt=6
09-23 11:29:49.240  1225  1225 I WifiProJNI: ######### CMD_QUERY_PKTS ########
09-23 11:29:49.241  1225  1424 I QosMonitor: postEventFromNative: msg=100,arg1=0,arg2=9
09-23 11:29:49.241  1225  1424 W WifiProJNI: poll before: g_monitor_fd =236
09-23 11:29:49.242  1225  1225 I MQoS    : rtt=200,tcp_tx_pkts=461505,tcp_rx_pkts=602237
09-23 11:29:49.243  1225  1426 I HuaweiWifiWatchdogStateMachine: PTcp RTT:0, rtt pkt=0, tcp_rx=0, tcp_tx=1, tcp_reTran=0, rtRate=0
09-23 11:29:49.243  1225  1426 I HuaweiWifiWatchdogStateMachine: rs ota tcp lr rttvb bad: false, false, false, false, false; rsth:-75
09-23 11:29:49.243  1225  1426 I HuaweiWifiWatchdogStateMachine:  pkt chk not bad, reset sc to 0.
09-23 11:29:49.259  1225  3524 I MQoS    : QOS_level:0(0),wifi-link;SIM error;use level-0
09-23 11:29:50.684  1225  1363 E WifiConfigManager: updateConfiguration freq=2462 BSSID=30:fc:68:d1:10:23 RSSI=-52 "yepao"WPA_PSK
09-23 11:29:50.886  1225  1225 I TrafficMonitor: update:rxPkts:0,txPkts:2,rxBytes:0,txBytes:120
09-23 11:29:50.886  1225  1225 I TrafficMonitor: start expired. level:-1
09-23 11:29:50.886  1225  1225 I TrafficMonitor: gettimer:interval=2000
09-23 11:29:51.932  1225  1245 I EventHub: EventHub monitor: no key events in the past 6370s, no motion events in the past 93s
09-23 11:29:52.748   585   585 E Thermal-daemon: [ap] temp_new :36  temp_old :37
09-23 11:29:52.749   585   585 E Thermal-daemon: Report temperature: [ap] temp :36  report_threshold:1
09-23 11:29:52.888  1225  1225 I TrafficMonitor: update:rxPkts:1,txPkts:0,rxBytes:145,txBytes:0
09-23 11:29:52.888  1225  1225 I TrafficMonitor: start expired. level:-1
09-23 11:29:52.888  1225  1225 I TrafficMonitor: gettimer:interval=2000
09-23 11:29:53.420  1225  1416 E HwCHRWebMonitor: WebMonitor [mNetWorkIsSuck=0 mUIDIsSuck=]  WebSpeed [WEBSENDSEGS=1  WEBRESENDSEGS=0  WEBRECVSEGS=0  WEBERRSEGS=0  WEBOUTRSTS=0  WEBESTABLISRST=0  WEBRTTDURATION=0  WEBRTTSEGS=0  WEBSRTT=200  WEBSNDDUPACKS=0  SENDSEGS=0  RESENDSEGS=0  RECVSEGS=0  ERRSEGS=0  OUTRSTS=0  ESTABLISRST=0  RTTDURATION=0  RTTSEGS=0  SNDDUPACKS=0  suckTimes=0 recovage_times=0]
09-23 11:29:53.421  1225  1416 E HwCHRWifiRSSIGroupSummery: updateTcpSummery mRSSI:-53  HwCHRWifiRSSIGroup [rssi_index=4, rtt_tcp_packets=825, rtt_tcp_duration=45953, rtt_lan_duration=3063, rtt_lan_failures=0, rtt_lan_succ=86, rtt_lan_max=676, rtt_lan_min=2,same_area_frequency=0,adjacent_area_frequency=0]
09-23 11:29:53.434  1225  1416 E HwCHRWebMonitor: HwCHRWifiPacketCnt [mTXGood=6, mTXbad=0, mRXGood=18] rssi=-53
09-23 11:29:53.438  1225  1416 E HwCHRWebMonitor: running processName=com.yeapao.andorid
09-23 11:29:53.441  1225  1416 E HwCHRWebMonitor: HwCHRWifiUIDWebSpeed [appName=unknown:1021 UID=1021  WEBSENDSEGS=1  WEBRESENDSEGS=0  WEBRECVSEGS=0  WEBERRSEGS=0  WEBOUTRSTS=0  WEBESTABLISRST=0  WEBRTTDURATION=0  WEBRTTSEGS=0  WEBSNDDUPACKS=0  suckTimes=0 recovage_times=0]
09-23 11:29:53.702  1225  1363 E WifiConfigManager: updateConfiguration freq=2462 BSSID=30:fc:68:d1:10:23 RSSI=-51 "yepao"WPA_PSK
09-23 11:29:53.884  1225  1225 I TrafficMonitor: expired arrive. level:-1
09-23 11:29:53.885  1225  1225 I TrafficMonitor: during_ms:2002,period_ms:2000
09-23 11:29:53.885  1225  1225 I TrafficMonitor: count:174,rx_sum:1,tx_sum:0,rxBytes:145,during_ms:2002,rx_speed:72.42757242757243,tx_speed:0.0,rto:0.0
09-23 11:29:54.890  1225  1225 I TrafficMonitor: update:rxPkts:1,txPkts:0,rxBytes:78,txBytes:0
09-23 11:29:54.890  1225  1225 I TrafficMonitor: start expired. level:-1
09-23 11:29:54.890  1225  1225 I TrafficMonitor: gettimer:interval=2000
09-23 11:29:56.724  1225  1363 E WifiConfigManager: updateConfiguration freq=2462 BSSID=30:fc:68:d1:10:23 RSSI=-53 "yepao"WPA_PSK
09-23 11:29:56.891  1225  1225 I TrafficMonitor: update:rxPkts:0,txPkts:0,rxBytes:0,txBytes:0
09-23 11:29:56.891  1225  1225 I TrafficMonitor: start expired. level:-1
09-23 11:29:56.891  1225  1225 I TrafficMonitor: gettimer:interval=2000
09-23 11:29:57.235  1225  1363 E WifiConfigManager: updateConfiguration freq=2462 BSSID=30:fc:68:d1:10:23 RSSI=-54 "yepao"WPA_PSK
09-23 11:29:57.246  1225  1225 I QosMonitor: queryRtt: rtt_type = 3
09-23 11:29:57.246  1225  1225 I WifiProJNI: ######### GET RTT:3 ########
09-23 11:29:57.246  1225  1424 I QosMonitor: postEventFromNative: msg=100,arg1=4,arg2=9
09-23 11:29:57.246  1225  1424 W WifiProJNI: poll before: g_monitor_fd =236
09-23 11:29:57.247  1225  1426 I HuaweiWifiWatchdogStateMachine: spd good count:0, add sc:0.0, rate:1.0
09-23 11:29:57.247  1225  1426 I HuaweiWifiWatchdogStateMachine: current mHighDataFlowRate = 1.0
09-23 11:29:57.247  1225  1426 I HuaweiWifiWatchdogStateMachine: POta txb txg rxg:0, 6, 0. Lr =0% Totpkt=6
09-23 11:29:57.247  1225  1225 I WifiProJNI: ######### CMD_QUERY_PKTS ########
09-23 11:29:57.248  1225  1424 I QosMonitor: postEventFromNative: msg=100,arg1=0,arg2=9
09-23 11:29:57.248  1225  1424 W WifiProJNI: poll before: g_monitor_fd =236
09-23 11:29:57.248  1225  1225 I MQoS    : rtt=200,tcp_tx_pkts=461507,tcp_rx_pkts=602237
09-23 11:29:57.250  1225  1426 I HuaweiWifiWatchdogStateMachine: PTcp RTT:0, rtt pkt=0, tcp_rx=0, tcp_tx=2, tcp_reTran=0, rtRate=0
09-23 11:29:57.250  1225  1426 I HuaweiWifiWatchdogStateMachine: rs ota tcp lr rttvb bad: false, false, false, false, false; rsth:-75
09-23 11:29:57.251  1225  1426 I HuaweiWifiWatchdogStateMachine:  pkt chk not bad, reset sc to 0.
09-23 11:29:57.263  1225  3524 I MQoS    : QOS_level:0(0),wifi-link;SIM error;use level-0
09-23 11:29:58.438  1225  1416 E HwCHRWebMonitor: WebMonitor [mNetWorkIsSuck=0 mUIDIsSuck=]  WebSpeed [WEBSENDSEGS=9  WEBRESENDSEGS=3  WEBRECVSEGS=0  WEBERRSEGS=0  WEBOUTRSTS=0  WEBESTABLISRST=0  WEBRTTDURATION=0  WEBRTTSEGS=0  WEBSRTT=200  WEBSNDDUPACKS=0  SENDSEGS=0  RESENDSEGS=0  RECVSEGS=0  ERRSEGS=0  OUTRSTS=0  ESTABLISRST=0  RTTDURATION=0  RTTSEGS=0  SNDDUPACKS=0  suckTimes=0 recovage_times=0]
09-23 11:29:58.439  1225  1416 E HwCHRWifiRSSIGroupSummery: updateTcpSummery mRSSI:-56  HwCHRWifiRSSIGroup [rssi_index=4, rtt_tcp_packets=825, rtt_tcp_duration=45953, rtt_lan_duration=3063, rtt_lan_failures=0, rtt_lan_succ=86, rtt_lan_max=676, rtt_lan_min=2,same_area_frequency=0,adjacent_area_frequency=0]
09-23 11:29:58.451  1225  1416 E HwCHRWebMonitor: HwCHRWifiPacketCnt [mTXGood=13, mTXbad=0, mRXGood=16] rssi=-56
09-23 11:29:58.454  1225  1416 E HwCHRWebMonitor: running processName=com.yeapao.andorid
09-23 11:29:58.894  1225  1225 I TrafficMonitor: update:rxPkts:4,txPkts:20,rxBytes:1162,txBytes:1535
09-23 11:29:58.895  1225  1225 I TrafficMonitor: start expired. level:-1
09-23 11:29:58.895  1225  1225 I TrafficMonitor: gettimer:interval=2000
09-23 11:29:59.744  1225  1363 E WifiConfigManager: updateConfiguration freq=2462 BSSID=30:fc:68:d1:10:23 RSSI=-54 "yepao"WPA_PSK
09-23 11:29:59.890  1225  1225 I TrafficMonitor: expired arrive. level:-1
09-23 11:29:59.890  1225  1225 I TrafficMonitor: during_ms:2003,period_ms:2000
09-23 11:29:59.890  1225  1225 I TrafficMonitor: count:177,rx_sum:4,tx_sum:20,rxBytes:1162,during_ms:2003,rx_speed:580.1298052920619,tx_speed:766.350474288567,rto:0.2
09-23 11:29:59.990 29669 29669 E AAModelFactory: onresume
09-23 11:29:59.990 29669 29669 E AAModelFactory: onResume
09-23 11:29:59.990 29669 29669 E AAModelFactory: onRefresh Circle--------0
09-23 11:29:59.991 29669 29669 E MyselfFragmentView: onresume
09-23 11:29:59.991 29669 29669 E MyselfFragmentView: 1
09-23 11:29:59.993 29669 29816 I MediaPlayer: [HSM] stayAwake false uid: 10202, pid: 29669
09-23 11:29:59.994  1225  2144 E HsmCoreServiceImpl: onTransact in code is: 102
09-23 11:29:59.994  1225  2144 I MediaProcessHandler: processOp opType: 1, uid: 10202, pid: 29669
09-23 11:29:59.994  1225  2144 W MediaProcessHandler: remove target not exist, maybe the UI process: uid: 10202, pid: 29669
09-23 11:30:00.006  1474  1474 W HwKeyguardDragHelper: AnimationBlocked
09-23 11:30:00.009  1474  1474 I EventCenter: EventCenter Get :android.intent.action.TIME_TICK
09-23 11:30:00.013  1474  1474 W ResourceType: Failure getting entry for 0xffffffff (t=254 e=65535) (error -2147483647)
09-23 11:30:00.013   454   719 I gralloc : alloc_device_alloc:564: Alloc handle(0x798ae32700): interfmt=200000001, stride=1088, size=8486912, usage=0xb00
09-23 11:30:00.013  1474  1474 W ResourceType: Failure getting entry for 0xffffffff (t=254 e=65535) (error -2147483647)
09-23 11:30:00.013  1474  1474 E DateLunarView: mDateString is: 9月23日星期六  秋分
09-23 11:30:00.014  1474  1474 W ResourceType: Failure getting entry for 0xffffffff (t=254 e=65535) (error -2147483647)
09-23 11:30:00.014  1474  1474 W ResourceType: Failure getting entry for 0xffffffff (t=254 e=65535) (error -2147483647)
09-23 11:30:00.014  1474  1474 E DateLunarView: mDateString is: 9月23日星期六  秋分
09-23 11:30:00.020   454   469 I gralloc : alloc_device_alloc:564: Alloc handle(0x798ae32f00): interfmt=200000001, stride=1088, size=8486912, usage=0xb00
09-23 11:30:00.023 12033 12033 I HwLauncher: Model  onReceive intent=Intent { act=android.intent.action.TIME_TICK flg=0x50000014 (has extras) }
09-23 11:30:00.023 12033 12033 I HwLauncher: Model  onReceive user=UserHandle{0}
09-23 11:30:00.024 29669 29669 W IInputConnectionWrapper: finishComposingText on inactive InputConnection
09-23 11:30:00.029 12033 12033 I TotemWeather: WeatherDataObserver info:receive action = #Intent;action=android.intent.action.TIME_TICK;launchFlags=0x50000014;i.android.intent.extra.ALARM_COUNT=1;end
09-23 11:30:00.033   454   719 I gralloc : alloc_device_alloc:564: Alloc handle(0x798ae34100): interfmt=200000001, stride=1088, size=8486912, usage=0xb00
09-23 11:30:00.039  4073 16276 I Step_LSC: 30003302|processHandleBroadcastAction action:android.intent.action.TIME_TICK
09-23 11:30:00.041   454  1529 I gralloc : alloc_device_free:586: Free handle(0x7972c3f900)
09-23 11:30:00.057  1474  1474 W ExpandableNotificationRow: setActionsBackground,null == view,mPublicLayout
09-23 11:30:00.057  1474  1474 W ExpandableNotificationRow: setActionsBackground,null == view,mPrivateLayout
09-23 11:30:00.059  1474  1474 W ExpandableNotificationRow: setActionsBackground,null == view,mPublicLayout
09-23 11:30:00.059  1474  1474 W ExpandableNotificationRow: setActionsBackground,null == view,mPrivateLayout
09-23 11:30:00.060  1474  1474 W ExpandableNotificationRow: setActionsBackground,null == view,mPublicLayout
09-23 11:30:00.060  1474  1474 W ExpandableNotificationRow: setActionsBackground,null == view,mPrivateLayout
09-23 11:30:00.061  1474  1474 W ExpandableNotificationRow: setActionsBackground,null == view,mPublicLayout
09-23 11:30:00.061  1474  1474 W ExpandableNotificationRow: setActionsBackground,null == view,mPrivateLayout
09-23 11:30:00.063  1474  1474 W ExpandableNotificationRow: setActionsBackground,null == view,mPublicLayout
09-23 11:30:00.063  1474  1474 W ExpandableNotificationRow: setActionsBackground,null == view,mPrivateLayout
09-23 11:30:00.064  1474  1474 W ExpandableNotificationRow: setActionsBackground,null == view,mPublicLayout
09-23 11:30:00.064  1474  1474 W ExpandableNotificationRow: setActionsBackground,null == view,mPrivateLayout
09-23 11:30:00.065  1474  1474 W ExpandableNotificationRow: setActionsBackground,null == view,mPublicLayout
09-23 11:30:00.065  1474  1474 W ExpandableNotificationRow: setActionsBackground,null == view,mPrivateLayout
09-23 11:30:00.066  1474  1474 W ExpandableNotificationRow: setActionsBackground,null == view,mPublicLayout
09-23 11:30:00.066  1474  1474 W ExpandableNotificationRow: setActionsBackground,null == view,mPrivateLayout
09-23 11:30:00.066  1474  1474 W ExpandableNotificationRow: setActionsBackground,null == view,mPublicLayout
09-23 11:30:00.066  1474  1474 W ExpandableNotificationRow: setActionsBackground,null == view,mPrivateLayout
09-23 11:30:00.067  1474  1474 W ExpandableNotificationRow: setActionsBackground,null == view,mPublicLayout
09-23 11:30:00.067  1474  1474 W ExpandableNotificationRow: setActionsBackground,null == view,mPrivateLayout
09-23 11:30:00.067  1474  1474 W ExpandableNotificationRow: setActionsBackground,null == view,mPublicLayout
09-23 11:30:00.067  1474  1474 W ExpandableNotificationRow: setActionsBackground,null == view,mPrivateLayout
09-23 11:30:00.067  1474  1474 W ExpandableNotificationRow: setActionsBackground,null == view,mPublicLayout
09-23 11:30:00.067  1474  1474 W ExpandableNotificationRow: setActionsBackground,null == view,mPrivateLayout
09-23 11:30:00.068  1474  1474 W ExpandableNotificationRow: setActionsBackground,null == view,mPublicLayout
09-23 11:30:00.068  1474  1474 W ExpandableNotificationRow: setActionsBackground,null == view,mPrivateLayout
09-23 11:30:00.068  1474  1474 W ExpandableNotificationRow: setActionsBackground,null == view,mPublicLayout
09-23 11:30:00.068  1474  1474 W ExpandableNotificationRow: setActionsBackground,null == view,mPrivateLayout
09-23 11:30:00.068  1474  1474 W ExpandableNotificationRow: setActionsBackground,null == view,mPublicLayout
09-23 11:30:00.068  1474  1474 W ExpandableNotificationRow: setActionsBackground,null == view,mPrivateLayout
09-23 11:30:00.068  1474  1474 W ExpandableNotificationRow: setActionsBackground,null == view,mPublicLayout
09-23 11:30:00.068  1474  1474 W ExpandableNotificationRow: setActionsBackground,null == view,mPrivateLayout
09-23 11:30:00.069  1474  1474 W ExpandableNotificationRow: setActionsBackground,null == view,mPublicLayout
09-23 11:30:00.069  1474  1474 W ExpandableNotificationRow: setActionsBackground,null == view,mPrivateLayout
09-23 11:30:00.069  1474  1474 W ExpandableNotificationRow: setActionsBackground,null == view,mPublicLayout
09-23 11:30:00.069  1474  1474 W ExpandableNotificationRow: setActionsBackground,null == view,mPrivateLayout
09-23 11:30:00.069  1474  1474 W ExpandableNotificationRow: setActionsBackground,null == view,mPublicLayout
09-23 11:30:00.069  1474  1474 W ExpandableNotificationRow: setActionsBackground,null == view,mPrivateLayout
09-23 11:30:00.069  1474  1474 W ExpandableNotificationRow: setActionsBackground,null == view,mPublicLayout
09-23 11:30:00.069  1474  1474 W ExpandableNotificationRow: setActionsBackground,null == view,mPrivateLayout
09-23 11:30:00.070  1474  1474 W ExpandableNotificationRow: setActionsBackground,null == view,mPublicLayout
09-23 11:30:00.070  1474  1474 W ExpandableNotificationRow: setActionsBackground,null == view,mPrivateLayout
09-23 11:30:00.070  1474  1474 W ExpandableNotificationRow: setActionsBackground,null == view,mPublicLayout
09-23 11:30:00.070  1474  1474 W ExpandableNotificationRow: setActionsBackground,null == view,mPrivateLayout
09-23 11:30:00.070  1474  1474 W ExpandableNotificationRow: setActionsBackground,null == view,mPublicLayout
09-23 11:30:00.070  1474  1474 W ExpandableNotificationRow: setActionsBackground,null == view,mPrivateLayout
09-23 11:30:00.070  1474  1474 W ExpandableNotificationRow: setActionsBackground,null == view,mPublicLayout
09-23 11:30:00.070  1474  1474 W ExpandableNotificationRow: setActionsBackground,null == view,mPrivateLayout
09-23 11:30:00.070  1474  1474 W ExpandableNotificationRow: setActionsBackground,null == view,mPublicLayout
09-23 11:30:00.070  1474  1474 W ExpandableNotificationRow: setActionsBackground,null == view,mPrivateLayout
09-23 11:30:00.071  1474  1474 W HwKeyguardDragHelper: AnimationBlocked
09-23 11:30:00.079 12033 12033 I TotemWeather: DateTimeView info:onTimeChanged
09-23 11:30:00.079 12033 12033 I TotemWeather: DateTimeView info:updateNextData nextTime: 0
09-23 11:30:00.079 12033 12033 I TotemWeather: DateTimeView info:onTimeChanged
09-23 11:30:00.079 12033 12033 I TotemWeather: DateTimeView info:updateNextData nextTime: 0
09-23 11:30:00.083 12033 12033 I TotemWeather: DateTimeView info:,Time =11:30,[:] timezone=中国标准时间
09-23 11:30:00.087 12033 12033 I TotemWeather: DateTimeView info:updateNextData nextTime: 60913
09-23 11:30:00.105 29669 29669 E MyselfFragmentView: ok
09-23 11:30:00.161 29669 29669 E AAModelFactory: ok
09-23 11:30:00.402   454   454 I gralloc : alloc_device_free:586: Free handle(0x798ae34000)
09-23 11:30:00.404   454   454 I gralloc : alloc_device_free:586: Free handle(0x798ae32000)
09-23 11:30:00.896  1225  1225 I TrafficMonitor: update:rxPkts:12,txPkts:26,rxBytes:6724,txBytes:1706
09-23 11:30:00.896  1225  1225 I TrafficMonitor: start expired. level:-1
09-23 11:30:00.896  1225  1225 I TrafficMonitor: gettimer:interval=2000
09-23 11:30:02.267  2495  4561 I VRService: no vr mode
09-23 11:30:02.268  1474  1474 W KeyguardUpdateMonitor: ACTION_BATTERY_CHANGED AMP: 0; Volt: 0
09-23 11:30:02.271  1474  1474 W KeyguardUpdateMonitor: ChargingSpeed  Wattage: -1 ST: 5000000 --> 7500000
09-23 11:30:02.271  1474  1474 I KgBattery: BatteryInfo updated:  5lPC-1
09-23 11:30:02.271  1474  1474 W AppHandler: sendMessage with obj100
09-23 11:30:02.273 15623 16115 E CloudAlbum[8.0.1.304]: [ReceiverManager] not log on ignore
09-23 11:30:02.274  2330  2330 I Ptm.AbnormalObserver: current battery level value: 100
09-23 11:30:02.278  2330  2330 W Ptm.AbnormalObserver: ljs, in checkIsAbnormalHot, Ap_temp = 37
09-23 11:30:02.292  1474  1474 W HwLockScreenPanel: refreshBatteryInfo: null
09-23 11:30:02.292  1474  1474 W HwLockScreenPanel: Handle message: 100
09-23 11:30:02.755   585   585 E Thermal-daemon: [charger_ic] temp_new :36  temp_old :35
09-23 11:30:02.755   585   585 E Thermal-daemon: Report temperature: [charger_ic] temp :36  report_threshold:1
09-23 11:30:02.757   585   585 E Thermal-daemon: [ap] temp_new :37  temp_old :36
09-23 11:30:02.757   585   585 E Thermal-daemon: Report temperature: [ap] temp :37  report_threshold:1
09-23 11:30:02.758  1225  1363 E WifiConfigManager: updateConfiguration freq=2462 BSSID=30:fc:68:d1:10:23 RSSI=-52 "yepao"WPA_PSK
09-23 11:30:02.860 29669 29674 I art     : Do full code cache collection, code=207KB, data=251KB
09-23 11:30:02.861 29669 29674 I art     : After code cache collection, code=188KB, data=212KB
09-23 11:30:02.897  1225  1225 I TrafficMonitor: update:rxPkts:1,txPkts:9,rxBytes:78,txBytes:468
09-23 11:30:02.897  1225  1225 I TrafficMonitor: start expired. level:-1
09-23 11:30:02.897  1225  1225 I TrafficMonitor: gettimer:interval=2000
09-23 11:30:02.911 29669 29669 E AAModelFactory: onRefresh Circle--------1
09-23 11:30:03.060 29669 29669 E AAModelFactory: ok
09-23 11:30:03.581  1783  1870 I ScenarioAction: new ScenarioAction sPoolSize: 0
09-23 11:30:03.743  1783  1870 I ScenarioAction: new ScenarioAction sPoolSize: 0
09-23 11:30:04.369  1225  1416 E HwCHRWifiRSSIGroupSummery: updatArpSummery mRSSI:-52  HwCHRWifiRSSIGroup [rssi_index=4, rtt_tcp_packets=825, rtt_tcp_duration=45953, rtt_lan_duration=3068, rtt_lan_failures=0, rtt_lan_succ=87, rtt_lan_max=676, rtt_lan_min=2,same_area_frequency=0,adjacent_area_frequency=0]
09-23 11:30:04.414 29669 29669 E AAModelFactory: onRefresh Circle--------1
09-23 11:30:04.419  1225  1416 E HwCHRWebMonitor: WebMonitor [mNetWorkIsSuck=0 mUIDIsSuck=]  WebSpeed [WEBSENDSEGS=48  WEBRESENDSEGS=21  WEBRECVSEGS=19  WEBERRSEGS=0  WEBOUTRSTS=0  WEBESTABLISRST=0  WEBRTTDURATION=362  WEBRTTSEGS=7  WEBSRTT=440  WEBSNDDUPACKS=0  SENDSEGS=0  RESENDSEGS=0  RECVSEGS=0  ERRSEGS=0  OUTRSTS=0  ESTABLISRST=0  RTTDURATION=0  RTTSEGS=0  SNDDUPACKS=0  suckTimes=0 recovage_times=0]
