09-23 11:30:55.618  1225  1416 E HwCHRWebMonitor: WebMonitor [mNetWorkIsSuck=0 mUIDIsSuck=]  WebSpeed [WEBSENDSEGS=1  WEBRESENDSEGS=1  WEBRECVSEGS=3  WEBERRSEGS=0  WEBOUTRSTS=0  WEBESTABLISRST=0  WEBRTTDURATION=20  WEBRTTSEGS=2  WEBSRTT=120  WEBSNDDUPACKS=0  SENDSEGS=0  RESENDSEGS=0  RECVSEGS=0  ERRSEGS=0  OUTRSTS=0  ESTABLISRST=0  RTTDURATION=0  RTTSEGS=0  SNDDUPACKS=0  suckTimes=0 recovage_times=0]
09-23 11:30:55.619  1225  1416 E HwCHRWifiRSSIGroupSummery: updateTcpSummery mRSSI:-54  HwCHRWifiRSSIGroup [rssi_index=4, rtt_tcp_packets=837, rtt_tcp_duration=46529, rtt_lan_duration=3095, rtt_lan_failures=0, rtt_lan_succ=88, rtt_lan_max=676, rtt_lan_min=2,same_area_frequency=0,adjacent_area_frequency=0]
09-23 11:30:55.630  1225  1416 E HwCHRWebMonitor: HwCHRWifiPacketCnt [mTXGood=12, mTXbad=0, mRXGood=22] rssi=-54
09-23 11:30:55.632  1225  1416 E HwCHRWebMonitor: running processName=com.yeapao.andorid
09-23 11:30:56.945  1225  1225 I TrafficMonitor: update:rxPkts:0,txPkts:0,rxBytes:0,txBytes:0
09-23 11:30:56.945  1225  1225 I TrafficMonitor: start expired. level:-1
09-23 11:30:56.945  1225  1225 I TrafficMonitor: gettimer:interval=2000
09-23 11:30:57.005  1225  1363 E WifiConfigManager: updateConfiguration freq=2462 BSSID=30:fc:68:d1:10:23 RSSI=-54 "yepao"WPA_PSK
09-23 11:30:58.947  1225  1225 I TrafficMonitor: update:rxPkts:1,txPkts:1,rxBytes:40,txBytes:40
09-23 11:30:58.947  1225  1225 I TrafficMonitor: start expired. level:-1
09-23 11:30:58.947  1225  1225 I TrafficMonitor: gettimer:interval=2000
09-23 11:30:59.945  1225  1225 I TrafficMonitor: expired arrive. level:-1
09-23 11:30:59.945  1225  1225 I TrafficMonitor: during_ms:2001,period_ms:2000
09-23 11:30:59.945  1225  1225 I TrafficMonitor: count:207,rx_sum:1,tx_sum:1,rxBytes:40,during_ms:2001,rx_speed:19.990004997501252,tx_speed:19.990004997501252,rto:1.0
09-23 11:31:00.017  1225  1363 E WifiConfigManager: updateConfiguration freq=2462 BSSID=30:fc:68:d1:10:23 RSSI=-53 "yepao"WPA_PSK
09-23 11:31:00.025  1474  1474 W HwKeyguardDragHelper: AnimationBlocked
09-23 11:31:00.036  1474  1474 I EventCenter: EventCenter Get :android.intent.action.TIME_TICK
09-23 11:31:00.039  1474  1474 W HwKeyguardDragHelper: AnimationBlocked
09-23 11:31:00.048  1474  1474 W ResourceType: Failure getting entry for 0xffffffff (t=254 e=65535) (error -2147483647)
09-23 11:31:00.049  1474  1474 W ResourceType: Failure getting entry for 0xffffffff (t=254 e=65535) (error -2147483647)
09-23 11:31:00.049  1474  1474 E DateLunarView: mDateString is: 9月23日星期六  秋分
09-23 11:31:00.050  1474  1474 W ResourceType: Failure getting entry for 0xffffffff (t=254 e=65535) (error -2147483647)
09-23 11:31:00.051  1474  1474 W ResourceType: Failure getting entry for 0xffffffff (t=254 e=65535) (error -2147483647)
09-23 11:31:00.051  1474  1474 E DateLunarView: mDateString is: 9月23日星期六  秋分
09-23 11:31:00.061 12033 12033 I HwLauncher: Model  onReceive intent=Intent { act=android.intent.action.TIME_TICK flg=0x50000014 (has extras) }
09-23 11:31:00.061 12033 12033 I HwLauncher: Model  onReceive user=UserHandle{0}
09-23 11:31:00.069 12033 12033 I TotemWeather: WeatherDataObserver info:receive action = #Intent;action=android.intent.action.TIME_TICK;launchFlags=0x50000014;i.android.intent.extra.ALARM_COUNT=1;end
09-23 11:31:00.081  4073 16276 I Step_LSC: 30003302|processHandleBroadcastAction action:android.intent.action.TIME_TICK
09-23 11:31:00.110 12033 12033 I TotemWeather: DateTimeView info:,Time =11:31,[:] timezone=中国标准时间
09-23 11:31:00.115 12033 12033 I TotemWeather: DateTimeView info:updateNextData nextTime: 60885
09-23 11:31:00.117  1474  1474 W ExpandableNotificationRow: setActionsBackground,null == view,mPublicLayout
09-23 11:31:00.117  1474  1474 W ExpandableNotificationRow: setActionsBackground,null == view,mPrivateLayout
09-23 11:31:00.118  1474  1474 W ExpandableNotificationRow: setActionsBackground,null == view,mPublicLayout
09-23 11:31:00.118  1474  1474 W ExpandableNotificationRow: setActionsBackground,null == view,mPrivateLayout
09-23 11:31:00.119  1474  1474 W ExpandableNotificationRow: setActionsBackground,null == view,mPublicLayout
09-23 11:31:00.119  1474  1474 W ExpandableNotificationRow: setActionsBackground,null == view,mPrivateLayout
09-23 11:31:00.120  1474  1474 W ExpandableNotificationRow: setActionsBackground,null == view,mPublicLayout
09-23 11:31:00.120  1474  1474 W ExpandableNotificationRow: setActionsBackground,null == view,mPrivateLayout
09-23 11:31:00.120 12033 12033 I TotemWeather: DateTimeView info:onTimeChanged
09-23 11:31:00.120 12033 12033 I TotemWeather: DateTimeView info:updateNextData nextTime: 0
09-23 11:31:00.120 12033 12033 I TotemWeather: DateTimeView info:onTimeChanged
09-23 11:31:00.120 12033 12033 I TotemWeather: DateTimeView info:updateNextData nextTime: 0
09-23 11:31:00.120  1474  1474 W ExpandableNotificationRow: setActionsBackground,null == view,mPublicLayout
09-23 11:31:00.120  1474  1474 W ExpandableNotificationRow: setActionsBackground,null == view,mPrivateLayout
09-23 11:31:00.122  1474  1474 W ExpandableNotificationRow: setActionsBackground,null == view,mPublicLayout
09-23 11:31:00.122  1474  1474 W ExpandableNotificationRow: setActionsBackground,null == view,mPrivateLayout
09-23 11:31:00.123  1474  1474 W ExpandableNotificationRow: setActionsBackground,null == view,mPublicLayout
09-23 11:31:00.123  1474  1474 W ExpandableNotificationRow: setActionsBackground,null == view,mPrivateLayout
09-23 11:31:00.124  1474  1474 W ExpandableNotificationRow: setActionsBackground,null == view,mPublicLayout
09-23 11:31:00.124  1474  1474 W ExpandableNotificationRow: setActionsBackground,null == view,mPrivateLayout
09-23 11:31:00.125  1474  1474 W ExpandableNotificationRow: setActionsBackground,null == view,mPublicLayout
09-23 11:31:00.125  1474  1474 W ExpandableNotificationRow: setActionsBackground,null == view,mPrivateLayout
09-23 11:31:00.126 12033 12033 I TotemWeather: DateTimeView info:,Time =11:31,[:] timezone=中国标准时间
09-23 11:31:00.127  1474  1474 W ExpandableNotificationRow: setActionsBackground,null == view,mPublicLayout
09-23 11:31:00.127  1474  1474 W ExpandableNotificationRow: setActionsBackground,null == view,mPrivateLayout
09-23 11:31:00.128  1474  1474 W ExpandableNotificationRow: setActionsBackground,null == view,mPublicLayout
09-23 11:31:00.128  1474  1474 W ExpandableNotificationRow: setActionsBackground,null == view,mPrivateLayout
09-23 11:31:00.129  1474  1474 W ExpandableNotificationRow: setActionsBackground,null == view,mPublicLayout
09-23 11:31:00.129  1474  1474 W ExpandableNotificationRow: setActionsBackground,null == view,mPrivateLayout
09-23 11:31:00.131 12033 12033 I TotemWeather: DateTimeView info:updateNextData nextTime: 60870
09-23 11:31:00.131  1474  1474 W ExpandableNotificationRow: setActionsBackground,null == view,mPublicLayout
09-23 11:31:00.131  1474  1474 W ExpandableNotificationRow: setActionsBackground,null == view,mPrivateLayout
09-23 11:31:00.132  1474  1474 W ExpandableNotificationRow: setActionsBackground,null == view,mPublicLayout
09-23 11:31:00.132  1474  1474 W ExpandableNotificationRow: setActionsBackground,null == view,mPrivateLayout
09-23 11:31:00.133  1474  1474 W ExpandableNotificationRow: setActionsBackground,null == view,mPublicLayout
09-23 11:31:00.133  1474  1474 W ExpandableNotificationRow: setActionsBackground,null == view,mPrivateLayout
09-23 11:31:00.134  1474  1474 W ExpandableNotificationRow: setActionsBackground,null == view,mPublicLayout
09-23 11:31:00.134  1474  1474 W ExpandableNotificationRow: setActionsBackground,null == view,mPrivateLayout
09-23 11:31:00.134  1474  1474 W ExpandableNotificationRow: setActionsBackground,null == view,mPublicLayout
09-23 11:31:00.135  1474  1474 W ExpandableNotificationRow: setActionsBackground,null == view,mPrivateLayout
09-23 11:31:00.136  1474  1474 W ExpandableNotificationRow: setActionsBackground,null == view,mPublicLayout
09-23 11:31:00.136  1474  1474 W ExpandableNotificationRow: setActionsBackground,null == view,mPrivateLayout
09-23 11:31:00.137  1474  1474 W ExpandableNotificationRow: setActionsBackground,null == view,mPublicLayout
09-23 11:31:00.137  1474  1474 W ExpandableNotificationRow: setActionsBackground,null == view,mPrivateLayout
09-23 11:31:00.138  1474  1474 W ExpandableNotificationRow: setActionsBackground,null == view,mPublicLayout
09-23 11:31:00.138  1474  1474 W ExpandableNotificationRow: setActionsBackground,null == view,mPrivateLayout
09-23 11:31:00.139  1474  1474 W ExpandableNotificationRow: setActionsBackground,null == view,mPublicLayout
09-23 11:31:00.139  1474  1474 W ExpandableNotificationRow: setActionsBackground,null == view,mPrivateLayout
09-23 11:31:00.140  1474  1474 W ExpandableNotificationRow: setActionsBackground,null == view,mPublicLayout
09-23 11:31:00.140  1474  1474 W ExpandableNotificationRow: setActionsBackground,null == view,mPrivateLayout
09-23 11:31:00.140  1474  1474 W ExpandableNotificationRow: setActionsBackground,null == view,mPublicLayout
09-23 11:31:00.140  1474  1474 W ExpandableNotificationRow: setActionsBackground,null == view,mPrivateLayout
09-23 11:31:00.141  1474  1474 W ExpandableNotificationRow: setActionsBackground,null == view,mPublicLayout
09-23 11:31:00.141  1474  1474 W ExpandableNotificationRow: setActionsBackground,null == view,mPrivateLayout
09-23 11:31:00.141  1474  1474 W ExpandableNotificationRow: setActionsBackground,null == view,mPublicLayout
09-23 11:31:00.141  1474  1474 W ExpandableNotificationRow: setActionsBackground,null == view,mPrivateLayout
09-23 11:31:00.142  1474  1474 W HwKeyguardDragHelper: AnimationBlocked
09-23 11:31:00.636  1225  1416 E HwCHRWebMonitor: WebMonitor [mNetWorkIsSuck=0 mUIDIsSuck=]  WebSpeed [WEBSENDSEGS=2  WEBRESENDSEGS=2  WEBRECVSEGS=1  WEBERRSEGS=0  WEBOUTRSTS=0  WEBESTABLISRST=0  WEBRTTDURATION=0  WEBRTTSEGS=0  WEBSRTT=120  WEBSNDDUPACKS=0  SENDSEGS=0  RESENDSEGS=0  RECVSEGS=0  ERRSEGS=0  OUTRSTS=0  ESTABLISRST=0  RTTDURATION=0  RTTSEGS=0  SNDDUPACKS=0  suckTimes=0 recovage_times=0]
09-23 11:31:00.636  1225  1416 E HwCHRWifiRSSIGroupSummery: updateTcpSummery mRSSI:-53  HwCHRWifiRSSIGroup [rssi_index=4, rtt_tcp_packets=837, rtt_tcp_duration=46529, rtt_lan_duration=3095, rtt_lan_failures=0, rtt_lan_succ=88, rtt_lan_max=676, rtt_lan_min=2,same_area_frequency=0,adjacent_area_frequency=0]
09-23 11:31:00.649  1225  1416 E HwCHRWebMonitor: HwCHRWifiPacketCnt [mTXGood=8, mTXbad=0, mRXGood=17] rssi=-53
09-23 11:31:00.653  1225  1416 E HwCHRWebMonitor: running processName=com.yeapao.andorid
09-23 11:31:00.948  1225  1225 I TrafficMonitor: update:rxPkts:0,txPkts:2,rxBytes:0,txBytes:104
09-23 11:31:00.948  1225  1225 I TrafficMonitor: start expired. level:-1
09-23 11:31:00.949  1225  1225 I TrafficMonitor: gettimer:interval=2000
09-23 11:31:01.298  1225  1363 E WifiConfigManager: updateConfiguration freq=2462 BSSID=30:fc:68:d1:10:23 RSSI=-53 "yepao"WPA_PSK
09-23 11:31:01.301  1225  1225 I QosMonitor: queryRtt: rtt_type = 3
09-23 11:31:01.301  1225  1225 I WifiProJNI: ######### GET RTT:3 ########
09-23 11:31:01.301  1225  1426 I HuaweiWifiWatchdogStateMachine: spd good count:0, add sc:0.0, rate:1.0
09-23 11:31:01.302  1225  1426 I HuaweiWifiWatchdogStateMachine: current mHighDataFlowRate = 1.0
09-23 11:31:01.302  1225  1426 I HuaweiWifiWatchdogStateMachine: POta txb txg rxg:0, 20, 0. Lr =0% Totpkt=20
09-23 11:31:01.302  1225  1424 I QosMonitor: postEventFromNative: msg=100,arg1=4,arg2=9
09-23 11:31:01.302  1225  1424 W WifiProJNI: poll before: g_monitor_fd =236
09-23 11:31:01.302  1225  1225 I WifiProJNI: ######### CMD_QUERY_PKTS ########
09-23 11:31:01.302  1225  1225 I QosMonitor: resetRtt: rtt_type = 3
09-23 11:31:01.302  1225  1225 I WifiProJNI: ######### RESET RTT:3 ########
09-23 11:31:01.302  1225  1424 I QosMonitor: postEventFromNative: msg=100,arg1=0,arg2=9
09-23 11:31:01.302  1225  1424 W WifiProJNI: poll before: g_monitor_fd =236
09-23 11:31:01.302  1225  1225 I MQoS    : rtt=120,tcp_tx_pkts=461647,tcp_rx_pkts=602272
09-23 11:31:01.304  1225  1426 I HuaweiWifiWatchdogStateMachine: PTcp RTT:0, rtt pkt=0, tcp_rx=4, tcp_tx=11, tcp_reTran=0, rtRate=0
09-23 11:31:01.304  1225  1426 I HuaweiWifiWatchdogStateMachine: rs ota tcp lr rttvb bad: false, false, false, false, false; rsth:-75
09-23 11:31:01.304  1225  1426 I HuaweiWifiWatchdogStateMachine:  pkt chk not bad, reset sc to 0.
09-23 11:31:01.307  1225  3524 I MQoS    : QOS_level:0(0),wifi-link;SIM error;use level-0
09-23 11:31:02.599  1474  1474 W KeyguardUpdateMonitor: ACTION_BATTERY_CHANGED AMP: 0; Volt: 0
09-23 11:31:02.600  1474  1474 W KeyguardUpdateMonitor: ChargingSpeed  Wattage: -1 ST: 5000000 --> 7500000
09-23 11:31:02.600  1474  1474 I KgBattery: BatteryInfo updated:  5lPC-1
09-23 11:31:02.600  1474  1474 W AppHandler: sendMessage with obj100
09-23 11:31:02.605  1474  1474 W HwLockScreenPanel: refreshBatteryInfo: null
09-23 11:31:02.605  1474  1474 W HwLockScreenPanel: Handle message: 100
09-23 11:31:02.606  2495  4561 I VRService: no vr mode
09-23 11:31:02.608  2330  2330 I Ptm.AbnormalObserver: current battery level value: 100
09-23 11:31:02.610 15623 16115 E CloudAlbum[8.0.1.304]: [ReceiverManager] not log on ignore
09-23 11:31:02.611  2330  2330 W Ptm.AbnormalObserver: ljs, in checkIsAbnormalHot, Ap_temp = 36
09-23 11:31:02.950  1225  1225 I TrafficMonitor: update:rxPkts:0,txPkts:0,rxBytes:0,txBytes:0
09-23 11:31:02.950  1225  1225 I TrafficMonitor: start expired. level:-1
09-23 11:31:02.950  1225  1225 I TrafficMonitor: gettimer:interval=2000
09-23 11:31:03.029  1225  1363 E WifiConfigManager: updateConfiguration freq=2462 BSSID=30:fc:68:d1:10:23 RSSI=-52 "yepao"WPA_PSK
09-23 11:31:04.952  1225  1225 I TrafficMonitor: update:rxPkts:0,txPkts:4,rxBytes:0,txBytes:216
09-23 11:31:04.952  1225  1225 I TrafficMonitor: start expired. level:-1
09-23 11:31:04.952  1225  1225 I TrafficMonitor: gettimer:interval=2000
09-23 11:31:05.949  1225  1225 I TrafficMonitor: expired arrive. level:-1
09-23 11:31:05.949  1225  1225 I TrafficMonitor: during_ms:2001,period_ms:2000
09-23 11:31:05.950  1225  1225 I TrafficMonitor: count:210,rx_sum:0,tx_sum:4,rxBytes:0,during_ms:2001,rx_speed:0.0,tx_speed:107.94602698650675,rto:0.0
09-23 11:31:05.950  4073  4218 I LogUtil_LogConfig: getLogFile(): logFilePath = /data/data/com.huawei.health/files/com.huawei.health/com.huawei.health_DaemonService/
09-23 11:31:06.041  1225  1363 E WifiConfigManager: updateConfiguration freq=2462 BSSID=30:fc:68:d1:10:23 RSSI=-52 "yepao"WPA_PSK
09-23 11:31:06.570  1225  1416 E HwCHRWifiRSSIGroupSummery: updatArpSummery mRSSI:-53  HwCHRWifiRSSIGroup [rssi_index=4, rtt_tcp_packets=837, rtt_tcp_duration=46529, rtt_lan_duration=3103, rtt_lan_failures=0, rtt_lan_succ=89, rtt_lan_max=676, rtt_lan_min=2,same_area_frequency=0,adjacent_area_frequency=0]
09-23 11:31:06.621  1225  1416 E HwCHRWebMonitor: WebMonitor [mNetWorkIsSuck=0 mUIDIsSuck=]  WebSpeed [WEBSENDSEGS=3  WEBRESENDSEGS=3  WEBRECVSEGS=0  WEBERRSEGS=0  WEBOUTRSTS=0  WEBESTABLISRST=0  WEBRTTDURATION=0  WEBRTTSEGS=0  WEBSRTT=120  WEBSNDDUPACKS=0  SENDSEGS=0  RESENDSEGS=0  RECVSEGS=0  ERRSEGS=0  OUTRSTS=0  ESTABLISRST=0  RTTDURATION=0  RTTSEGS=0  SNDDUPACKS=0  suckTimes=0 recovage_times=0]
09-23 11:31:06.622  1225  1416 E HwCHRWifiRSSIGroupSummery: updateTcpSummery mRSSI:-53  HwCHRWifiRSSIGroup [rssi_index=4, rtt_tcp_packets=837, rtt_tcp_duration=46529, rtt_lan_duration=3103, rtt_lan_failures=0, rtt_lan_succ=89, rtt_lan_max=676, rtt_lan_min=2,same_area_frequency=0,adjacent_area_frequency=0]
09-23 11:31:06.634  1225  1416 E HwCHRWebMonitor: HwCHRWifiPacketCnt [mTXGood=21, mTXbad=0, mRXGood=20] rssi=-53
09-23 11:31:06.637  1225  1416 E HwCHRWebMonitor: running processName=com.yeapao.andorid
09-23 11:31:06.661  1225  1416 E HwCHRWifiLinkMonitor: HwCHRWifiBcmIncrCounterLst [txbyte=2112  txframe=25  txnoassoc=0  txphyerror=0  txctl=52  txfail=0  txphyerr=0  txfrmsnt=77  txnoack=28  txfrag=77  txnocts=12  txrts=22  txnobuf=0  txallfrm=154  txerror=0  txretrans=28  rxbyte=4997  rxframe=90  rxbadfcs=113  rxbadplcp=115  rxmulti=84  rxfrag=385  rxctl=242  rxbadcm=0  rxnobuf=0  rxcrsglitch=9120  rxbadds=0  rxnondata=0  rxmulti=84  reset=0  rxdfrmocast=164  rxmfrmocast=313  rxdfrmucastmbss=7  rxmfrmucastmbss=0  rxbeaconmbss=242  rxdfmucastobss=0  rxbeaconobss=419  rxstrt=2138  rxcfrmocast=479  rxcfrmucast=98  rxdfrmmcast=169  rxmfrmmcast=677  rxcfrmmcast=0  ]
09-23 11:31:06.953  1225  1225 I TrafficMonitor: update:rxPkts:0,txPkts:3,rxBytes:0,txBytes:180
09-23 11:31:06.954  1225  1225 I TrafficMonitor: start expired. level:-1
09-23 11:31:06.954  1225  1225 I TrafficMonitor: gettimer:interval=2000
09-23 11:31:08.955  1225  1225 I TrafficMonitor: update:rxPkts:0,txPkts:2,rxBytes:0,txBytes:120
09-23 11:31:08.955  1225  1225 I TrafficMonitor: start expired. level:-1
09-23 11:31:08.955  1225  1225 I TrafficMonitor: gettimer:interval=2000
09-23 11:31:09.064  1225  1363 E WifiConfigManager: updateConfiguration freq=2462 BSSID=30:fc:68:d1:10:23 RSSI=-52 "yepao"WPA_PSK
09-23 11:31:09.306  1225  1363 E WifiConfigManager: updateConfiguration freq=2462 BSSID=30:fc:68:d1:10:23 RSSI=-52 "yepao"WPA_PSK
09-23 11:31:09.314  1225  1225 I QosMonitor: queryRtt: rtt_type = 3
09-23 11:31:09.315  1225  1225 I WifiProJNI: ######### GET RTT:3 ########
09-23 11:31:09.315  1225  1426 I HuaweiWifiWatchdogStateMachine: spd good count:0, add sc:0.0, rate:1.0
09-23 11:31:09.315  1225  1426 I HuaweiWifiWatchdogStateMachine: current mHighDataFlowRate = 1.0
09-23 11:31:09.315  1225  1426 I HuaweiWifiWatchdogStateMachine: POta txb txg rxg:0, 25, 0. Lr =0% Totpkt=25
09-23 11:31:09.315  1225  1424 I QosMonitor: postEventFromNative: msg=100,arg1=4,arg2=9
09-23 11:31:09.316  1225  1424 W WifiProJNI: poll before: g_monitor_fd =236
09-23 11:31:09.316  1225  1225 I WifiProJNI: ######### CMD_QUERY_PKTS ########
09-23 11:31:09.316  1225  1424 I QosMonitor: postEventFromNative: msg=100,arg1=0,arg2=9
09-23 11:31:09.316  1225  1424 W WifiProJNI: poll before: g_monitor_fd =236
09-23 11:31:09.317  1225  1225 I MQoS    : rtt=120,tcp_tx_pkts=461656,tcp_rx_pkts=602272
09-23 11:31:09.320  1225  1426 I HuaweiWifiWatchdogStateMachine: PTcp RTT:0, rtt pkt=0, tcp_rx=0, tcp_tx=9, tcp_reTran=0, rtRate=0
09-23 11:31:09.320  1225  1426 I HuaweiWifiWatchdogStateMachine: rs ota tcp lr rttvb bad: false, false, false, false, false; rsth:-75
09-23 11:31:09.321  1225  1426 I HuaweiWifiWatchdogStateMachine:  pkt chk not bad, reset sc to 0.
09-23 11:31:09.330  1225  3524 I MQoS    : QOS_level:0(0),wifi-link;SIM error;use level-0
09-23 11:31:10.958  1225  1225 I TrafficMonitor: update:rxPkts:0,txPkts:1,rxBytes:0,txBytes:60
09-23 11:31:10.959  1225  1225 I TrafficMonitor: start expired. level:-1
09-23 11:31:10.959  1225  1225 I TrafficMonitor: gettimer:interval=2000
09-23 11:31:11.627  1225  1416 E HwCHRWebMonitor: WebMonitor [mNetWorkIsSuck=0 mUIDIsSuck=]  WebSpeed [WEBSENDSEGS=1  WEBRESENDSEGS=0  WEBRECVSEGS=0  WEBERRSEGS=0  WEBOUTRSTS=0  WEBESTABLISRST=0  WEBRTTDURATION=0  WEBRTTSEGS=0  WEBSRTT=120  WEBSNDDUPACKS=0  SENDSEGS=0  RESENDSEGS=0  RECVSEGS=0  ERRSEGS=0  OUTRSTS=0  ESTABLISRST=0  RTTDURATION=0  RTTSEGS=0  SNDDUPACKS=0  suckTimes=0 recovage_times=0]
09-23 11:31:11.627  1225  1416 E HwCHRWifiRSSIGroupSummery: updateTcpSummery mRSSI:-52  HwCHRWifiRSSIGroup [rssi_index=4, rtt_tcp_packets=837, rtt_tcp_duration=46529, rtt_lan_duration=3103, rtt_lan_failures=0, rtt_lan_succ=89, rtt_lan_max=676, rtt_lan_min=2,same_area_frequency=0,adjacent_area_frequency=0]
09-23 11:31:11.635  1225  1416 E HwCHRWebMonitor: HwCHRWifiPacketCnt [mTXGood=7, mTXbad=0, mRXGood=16] rssi=-52
09-23 11:31:11.636  1225  1416 E HwCHRWebMonitor: running processName=com.yeapao.andorid
09-23 11:31:11.637  1225  1416 E HwCHRWebMonitor: HwCHRWifiUIDWebSpeed [appName=unknown:1021 UID=1021  WEBSENDSEGS=1  WEBRESENDSEGS=0  WEBRECVSEGS=0  WEBERRSEGS=0  WEBOUTRSTS=0  WEBESTABLISRST=0  WEBRTTDURATION=0  WEBRTTSEGS=0  WEBSNDDUPACKS=0  suckTimes=0 recovage_times=0]
09-23 11:31:11.954  1225  1225 I TrafficMonitor: expired arrive. level:-1
09-23 11:31:11.954  1225  1225 I TrafficMonitor: during_ms:2003,period_ms:2000
09-23 11:31:11.954  1225  1225 I TrafficMonitor: count:213,rx_sum:0,tx_sum:1,rxBytes:0,during_ms:2003,rx_speed:0.0,tx_speed:29.955067398901647,rto:0.0
09-23 11:31:12.080  1225  1363 E WifiConfigManager: updateConfiguration freq=2462 BSSID=30:fc:68:d1:10:23 RSSI=-52 "yepao"WPA_PSK
09-23 11:31:12.960  1225  1225 I TrafficMonitor: update:rxPkts:7,txPkts:9,rxBytes:2966,txBytes:972
09-23 11:31:12.960  1225  1225 I TrafficMonitor: start expired. level:-1
09-23 11:31:12.960  1225  1225 I TrafficMonitor: gettimer:interval=2000
09-23 11:31:14.964  1225  1225 I TrafficMonitor: update:rxPkts:0,txPkts:1,rxBytes:0,txBytes:60
09-23 11:31:14.964  1225  1225 I TrafficMonitor: start expired. level:-1
09-23 11:31:14.964  1225  1225 I TrafficMonitor: gettimer:interval=2000
09-23 11:31:15.100  1225  1363 E WifiConfigManager: updateConfiguration freq=2462 BSSID=30:fc:68:d1:10:23 RSSI=-52 "yepao"WPA_PSK
09-23 11:31:16.644  1225  1416 E HwCHRWebMonitor: WebMonitor [mNetWorkIsSuck=0 mUIDIsSuck=]  WebSpeed [WEBSENDSEGS=0  WEBRESENDSEGS=0  WEBRECVSEGS=3  WEBERRSEGS=0  WEBOUTRSTS=0  WEBESTABLISRST=0  WEBRTTDURATION=41  WEBRTTSEGS=2  WEBSRTT=200  WEBSNDDUPACKS=0  SENDSEGS=0  RESENDSEGS=0  RECVSEGS=0  ERRSEGS=0  OUTRSTS=0  ESTABLISRST=0  RTTDURATION=0  RTTSEGS=0  SNDDUPACKS=0  suckTimes=0 recovage_times=0]
09-23 11:31:16.645  1225  1416 E HwCHRWifiRSSIGroupSummery: updateTcpSummery mRSSI:-52  HwCHRWifiRSSIGroup [rssi_index=4, rtt_tcp_packets=839, rtt_tcp_duration=46570, rtt_lan_duration=3103, rtt_lan_failures=0, rtt_lan_succ=89, rtt_lan_max=676, rtt_lan_min=2,same_area_frequency=0,adjacent_area_frequency=0]
09-23 11:31:16.655  1225  1416 E HwCHRWebMonitor: HwCHRWifiPacketCnt [mTXGood=14, mTXbad=0, mRXGood=24] rssi=-52
09-23 11:31:16.658  1225  1416 E HwCHRWebMonitor: running processName=com.yeapao.andorid
09-23 11:31:16.672  2330  2330 W PTM.PeriodCheckManager: getPeriodCheckStatsInfo
09-23 11:31:16.675  2330  2330 W PTM.PeriodCheckManager: getPeriodCheckStatsInfo:powergenie_mode=2; backlight=1488; discharging=98; system_h=37; pa_0=35; soc_thermal=39; gpu=39; CpuFreqBig=480000; CpuFreqlittle=807000; DDRFreq=240000000; GpuFreq=360000000; 
09-23 11:31:16.675  2330  2330 W PTM.PeriodCheckManager: mPeriodHanlder start
09-23 11:31:16.702  2330  2330 W PTM.PeriodCheckManager: enter the sendData func.
09-23 11:31:16.703  2330  2330 W PTM.PeriodCheckManager: sendData ready!
09-23 11:31:16.705  2330  2330 I iMonitor: create: 903001011
09-23 11:31:16.714  2330  2330 I iMonitor: send: 903001011
09-23 11:31:16.714   601   990 I logserver: handle_exception_events enter
09-23 11:31:16.714  2330  2330 W PTM.PeriodCheckManager: mSendService start
09-23 11:31:16.729  2330  2413 E LogCollectService: illegal eventid
09-23 11:31:16.967  1225  1225 I TrafficMonitor: update:rxPkts:0,txPkts:0,rxBytes:0,txBytes:0
09-23 11:31:16.967  1225  1225 I TrafficMonitor: start expired. level:-1
09-23 11:31:16.967  1225  1225 I TrafficMonitor: gettimer:interval=2000
09-23 11:31:17.314  1225  1363 E WifiConfigManager: updateConfiguration freq=2462 BSSID=30:fc:68:d1:10:23 RSSI=-52 "yepao"WPA_PSK
09-23 11:31:17.323  1225  1225 I QosMonitor: queryRtt: rtt_type = 3
09-23 11:31:17.323  1225  1225 I WifiProJNI: ######### GET RTT:3 ########
09-23 11:31:17.324  1225  1426 I HuaweiWifiWatchdogStateMachine: spd good count:0, add sc:0.0, rate:1.0
09-23 11:31:17.324  1225  1426 I HuaweiWifiWatchdogStateMachine: current mHighDataFlowRate = 1.0
09-23 11:31:17.324  1225  1424 I QosMonitor: postEventFromNative: msg=100,arg1=4,arg2=9
09-23 11:31:17.324  1225  1426 I HuaweiWifiWatchdogStateMachine: POta txb txg rxg:0, 17, 0. Lr =0% Totpkt=17
09-23 11:31:17.324  1225  1424 W WifiProJNI: poll before: g_monitor_fd =236
09-23 11:31:17.325  1225  1225 I WifiProJNI: ######### CMD_QUERY_PKTS ########
09-23 11:31:17.325  1225  1225 I QosMonitor: resetRtt: rtt_type = 3
09-23 11:31:17.325  1225  1225 I WifiProJNI: ######### RESET RTT:3 ########
09-23 11:31:17.326  1225  1424 I QosMonitor: postEventFromNative: msg=100,arg1=0,arg2=9
09-23 11:31:17.326  1225  1424 W WifiProJNI: poll before: g_monitor_fd =236
09-23 11:31:17.326  1225  1225 I MQoS    : rtt=200,tcp_tx_pkts=461667,tcp_rx_pkts=602275
09-23 11:31:17.327  1225  1426 I HuaweiWifiWatchdogStateMachine: PTcp RTT:0, rtt pkt=0, tcp_rx=3, tcp_tx=11, tcp_reTran=0, rtRate=0
09-23 11:31:17.327  1225  1426 I HuaweiWifiWatchdogStateMachine: rs ota tcp lr rttvb bad: false, false, false, false, false; rsth:-75
09-23 11:31:17.328  1225  1426 I HuaweiWifiWatchdogStateMachine:  pkt chk not bad, reset sc to 0.
09-23 11:31:17.337  1225  3524 I MQoS    : QOS_level:0(0),wifi-link;SIM error;use level-0
09-23 11:31:17.960  1225  1225 I TrafficMonitor: expired arrive. level:-1
09-23 11:31:17.960  1225  1225 I TrafficMonitor: during_ms:2003,period_ms:2000
09-23 11:31:17.961  1225  1225 I TrafficMonitor: count:216,rx_sum:0,tx_sum:0,rxBytes:0,during_ms:2003,rx_speed:0.0,tx_speed:0.0,rto:0.0
09-23 11:31:18.110  1225  1363 E WifiConfigManager: updateConfiguration freq=2462 BSSID=30:fc:68:d1:10:23 RSSI=-51 "yepao"WPA_PSK
09-23 11:31:18.970  1225  1225 I TrafficMonitor: update:rxPkts:0,txPkts:0,rxBytes:0,txBytes:0
09-23 11:31:18.970  1225  1225 I TrafficMonitor: start expired. level:-1
09-23 11:31:18.970  1225  1225 I TrafficMonitor: gettimer:interval=2000
09-23 11:31:20.972  1225  1225 I TrafficMonitor: update:rxPkts:0,txPkts:2,rxBytes:0,txBytes:120
09-23 11:31:20.972  1225  1225 I TrafficMonitor: start expired. level:-1
09-23 11:31:20.972  1225  1225 I TrafficMonitor: gettimer:interval=2000
09-23 11:31:21.131  1225  1363 E WifiConfigManager: updateConfiguration freq=2462 BSSID=30:fc:68:d1:10:23 RSSI=-51 "yepao"WPA_PSK
09-23 11:31:21.665  1225  1416 E HwCHRWebMonitor: WebMonitor [mNetWorkIsSuck=0 mUIDIsSuck=]  WebSpeed [WEBSENDSEGS=0  WEBRESENDSEGS=0  WEBRECVSEGS=0  WEBERRSEGS=0  WEBOUTRSTS=0  WEBESTABLISRST=0  WEBRTTDURATION=0  WEBRTTSEGS=0  WEBSRTT=200  WEBSNDDUPACKS=0  SENDSEGS=0  RESENDSEGS=0  RECVSEGS=0  ERRSEGS=0  OUTRSTS=0  ESTABLISRST=0  RTTDURATION=0  RTTSEGS=0  SNDDUPACKS=0  suckTimes=0 recovage_times=0]
09-23 11:31:21.666  1225  1416 E HwCHRWifiRSSIGroupSummery: updateTcpSummery mRSSI:-51  HwCHRWifiRSSIGroup [rssi_index=4, rtt_tcp_packets=839, rtt_tcp_duration=46570, rtt_lan_duration=3103, rtt_lan_failures=0, rtt_lan_succ=89, rtt_lan_max=676, rtt_lan_min=2,same_area_frequency=0,adjacent_area_frequency=0]
09-23 11:31:21.675  1225  1416 E HwCHRWebMonitor: HwCHRWifiPacketCnt [mTXGood=4, mTXbad=0, mRXGood=16] rssi=-51
09-23 11:31:21.676  1225  1416 E HwCHRWebMonitor: running processName=com.yeapao.andorid
09-23 11:31:21.686  1225  1416 E HwCHRWifiLinkMonitor: HwCHRWifiBcmIncrCounterLst [txbyte=1662  txframe=15  txnoassoc=0  txphyerror=0  txctl=10  txfail=0  txphyerr=0  txfrmsnt=25  txnoack=8  txfrag=25  txnocts=4  txrts=14  txnobuf=0  txallfrm=57  txerror=0  txretrans=9  rxbyte=5122  rxframe=56  rxbadfcs=24  rxbadplcp=16  rxmulti=53  rxfrag=211  rxctl=142  rxbadcm=0  rxnobuf=0  rxcrsglitch=1272  rxbadds=0  rxnondata=0  rxmulti=53  reset=0  rxdfrmocast=34  rxmfrmocast=70  rxdfrmucastmbss=3  rxmfrmucastmbss=0  rxbeaconmbss=142  rxdfmucastobss=0  rxbeaconobss=156  rxstrt=691  rxcfrmocast=98  rxcfrmucast=39  rxdfrmmcast=84  rxmfrmmcast=318  rxcfrmmcast=0  ]
09-23 11:31:21.933  1225  1245 I EventHub: EventHub monitor: no key events in the past 6460s, no motion events in the past 72s
09-23 11:31:22.974  1225  1225 I TrafficMonitor: update:rxPkts:0,txPkts:0,rxBytes:0,txBytes:0
09-23 11:31:22.974  1225  1225 I TrafficMonitor: start expired. level:-1
09-23 11:31:22.974  1225  1225 I TrafficMonitor: gettimer:interval=2000
09-23 11:31:23.970  1225  1225 I TrafficMonitor: expired arrive. level:-1
09-23 11:31:23.970  1225  1225 I TrafficMonitor: during_ms:2002,period_ms:2000
09-23 11:31:23.970  1225  1225 I TrafficMonitor: count:219,rx_sum:0,tx_sum:0,rxBytes:0,during_ms:2002,rx_speed:0.0,tx_speed:0.0,rto:0.0
09-23 11:31:24.145  1225  1363 E WifiConfigManager: updateConfiguration freq=2462 BSSID=30:fc:68:d1:10:23 RSSI=-51 "yepao"WPA_PSK
09-23 11:31:24.976  1225  1225 I TrafficMonitor: update:rxPkts:0,txPkts:0,rxBytes:0,txBytes:0
09-23 11:31:24.976  1225  1225 I TrafficMonitor: start expired. level:-1
09-23 11:31:24.976  1225  1225 I TrafficMonitor: gettimer:interval=2000
09-23 11:31:25.325  1225  1363 E WifiConfigManager: updateConfiguration freq=2462 BSSID=30:fc:68:d1:10:23 RSSI=-51 "yepao"WPA_PSK
09-23 11:31:25.334  1225  1225 I QosMonitor: queryRtt: rtt_type = 3
09-23 11:31:25.334  1225  1225 I WifiProJNI: ######### GET RTT:3 ########
09-23 11:31:25.334  1225  1426 I HuaweiWifiWatchdogStateMachine: spd good count:0, add sc:0.0, rate:1.0
09-23 11:31:25.335  1225  1424 I QosMonitor: postEventFromNative: msg=100,arg1=4,arg2=9
09-23 11:31:25.335  1225  1424 W WifiProJNI: poll before: g_monitor_fd =236
09-23 11:31:25.336  1225  1426 I HuaweiWifiWatchdogStateMachine: current mHighDataFlowRate = 1.0
09-23 11:31:25.337  1225  1426 I HuaweiWifiWatchdogStateMachine: POta txb txg rxg:0, 4, 0. Lr =0% Totpkt=4
09-23 11:31:25.337  1225  1225 I WifiProJNI: ######### CMD_QUERY_PKTS ########
09-23 11:31:25.339  1225  1424 I QosMonitor: postEventFromNative: msg=100,arg1=0,arg2=9
09-23 11:31:25.339  1225  1424 W WifiProJNI: poll before: g_monitor_fd =236
09-23 11:31:25.340  1225  1225 I MQoS    : rtt=200,tcp_tx_pkts=461669,tcp_rx_pkts=602275
09-23 11:31:25.340  1225  1426 I HuaweiWifiWatchdogStateMachine: PTcp RTT:0, rtt pkt=0, tcp_rx=0, tcp_tx=2, tcp_reTran=0, rtRate=0
09-23 11:31:25.340  1225  1426 I HuaweiWifiWatchdogStateMachine: rs ota tcp lr rttvb bad: false, false, false, false, false; rsth:-75
09-23 11:31:25.341  1225  1426 I HuaweiWifiWatchdogStateMachine:  pkt chk not bad, reset sc to 0.
09-23 11:31:25.353  1225  3524 I MQoS    : QOS_level:0(0),wifi-link;SIM error;use level-0
09-23 11:31:26.226 29669 29669 E AAModelFactory: pause
09-23 11:31:26.228 29669 29816 I MediaPlayer: [HSM] stayAwake false uid: 10202, pid: 29669
09-23 11:31:26.228  1225  2687 E HsmCoreServiceImpl: onTransact in code is: 102
09-23 11:31:26.228  1225  2687 I MediaProcessHandler: processOp opType: 1, uid: 10202, pid: 29669
09-23 11:31:26.228  1225  2687 W MediaProcessHandler: remove target not exist, maybe the UI process: uid: 10202, pid: 29669
09-23 11:31:26.254 29669 29669 I HwPointEventFilter: support AFT
09-23 11:31:26.259 29669 29669 I HwPointEventFilter: support AFT
09-23 11:31:26.285   454   469 I gralloc : alloc_device_alloc:564: Alloc handle(0x798ae34700): interfmt=200000001, stride=1088, size=8486912, usage=0xb00
09-23 11:31:26.288   454   469 I gralloc : alloc_device_alloc:564: Alloc handle(0x7972c3f700): interfmt=200000001, stride=1088, size=8486912, usage=0xb00
09-23 11:31:26.288   454   469 I gralloc : alloc_device_alloc:564: Alloc handle(0x798ae34800): interfmt=200000001, stride=1088, size=8486912, usage=0xb00
09-23 11:31:26.302   454   719 I gralloc : alloc_device_alloc:564: Alloc handle(0x798ae34400): interfmt=1, stride=320, size=122880, usage=0xb00
09-23 11:31:26.302   454   719 I gralloc : alloc_device_alloc:564: Alloc handle(0x798ae0ff00): interfmt=1, stride=320, size=122880, usage=0xb00
09-23 11:31:26.302   454   719 I gralloc : alloc_device_alloc:564: Alloc handle(0x798ae32100): interfmt=1, stride=320, size=122880, usage=0xb00
09-23 11:31:26.314  1225  1247 I ActivityManager: Displayed com.yeapao.andorid/.homepage.circle.CirclePublishContentActivity: +86ms
09-23 11:31:26.330   454   454 I gralloc : alloc_device_free:586: Free handle(0x798ae32700)
09-23 11:31:26.335  1225 14791 E HsmCoreServiceImpl: onTransact in code is: 103
09-23 11:31:26.336  1225 14791 I MediaProcessHandler: playingUids: 
09-23 11:31:26.661   454   454 I gralloc : alloc_device_free:586: Free handle(0x798ae32f00)
09-23 11:31:26.661   454   454 I gralloc : alloc_device_free:586: Free handle(0x798ae34100)
09-23 11:31:26.666  1225  1416 E HwCHRWebMonitor: WebMonitor [mNetWorkIsSuck=0 mUIDIsSuck=]  WebSpeed [WEBSENDSEGS=0  WEBRESENDSEGS=0  WEBRECVSEGS=0  WEBERRSEGS=0  WEBOUTRSTS=0  WEBESTABLISRST=0  WEBRTTDURATION=0  WEBRTTSEGS=0  WEBSRTT=200  WEBSNDDUPACKS=0  SENDSEGS=0  RESENDSEGS=0  RECVSEGS=0  ERRSEGS=0  OUTRSTS=0  ESTABLISRST=0  RTTDURATION=0  RTTSEGS=0  SNDDUPACKS=0  suckTimes=0 recovage_times=0]
09-23 11:31:26.667  1225  1416 E HwCHRWifiRSSIGroupSummery: updateTcpSummery mRSSI:-51  HwCHRWifiRSSIGroup [rssi_index=4, rtt_tcp_packets=839, rtt_tcp_duration=46570, rtt_lan_duration=3103, rtt_lan_failures=0, rtt_lan_succ=89, rtt_lan_max=676, rtt_lan_min=2,same_area_frequency=0,adjacent_area_frequency=0]
09-23 11:31:26.673  1225  1416 E HwCHRWebMonitor: HwCHRWifiPacketCnt [mTXGood=0, mTXbad=0, mRXGood=15] rssi=-51
09-23 11:31:26.673  1225  1416 E HwCHRWebMonitor: running processName=com.yeapao.andorid
09-23 11:31:26.977  1225  1225 I TrafficMonitor: update:rxPkts:0,txPkts:0,rxBytes:0,txBytes:0
09-23 11:31:26.977  1225  1225 I TrafficMonitor: start expired. level:-1
09-23 11:31:26.977  1225  1225 I TrafficMonitor: gettimer:interval=2000
09-23 11:31:27.155  1225  1363 E WifiConfigManager: updateConfiguration freq=2462 BSSID=30:fc:68:d1:10:23 RSSI=-52 "yepao"WPA_PSK
09-23 11:31:28.241   454  5965 I gralloc : alloc_device_free:586: Free handle(0x798ae34400)
09-23 11:31:28.242   454  5965 I gralloc : alloc_device_free:586: Free handle(0x798ae0ff00)
09-23 11:31:28.411   454   454 I gralloc : alloc_device_free:586: Free handle(0x798ae32100)
09-23 11:31:28.525  1783  1870 I AppTypeRecognise: input start front pkg: com.yeapao.andorid
09-23 11:31:28.534  2330  2989 W Ptm.AbnormalObserver: unhandled mesg: 4006
09-23 11:31:28.537   454   719 I gralloc : alloc_device_alloc:564: Alloc handle(0x798ae34c00): interfmt=200000001, stride=1088, size=8486912, usage=0xb00
09-23 11:31:28.549   454   719 I gralloc : alloc_device_alloc:564: Alloc handle(0x798ae32700): interfmt=200000001, stride=1088, size=7639040, usage=0xb00
09-23 11:31:28.550   454   719 I gralloc : alloc_device_alloc:564: Alloc handle(0x798ae34d00): interfmt=200000001, stride=1088, size=8486912, usage=0xb00
09-23 11:31:28.979  1225  1225 I TrafficMonitor: update:rxPkts:0,txPkts:0,rxBytes:0,txBytes:0
09-23 11:31:28.979  1225  1225 I TrafficMonitor: start expired. level:-1
09-23 11:31:28.979  1225  1225 I TrafficMonitor: gettimer:interval=2000
09-23 11:31:29.350  5519  5519 I HwPointEventFilter: support AFT
09-23 11:31:29.395   454  1529 I gralloc : alloc_device_alloc:564: Alloc handle(0x7972c3f900): interfmt=1, stride=192, size=155648, usage=0xb00
09-23 11:31:29.395   454  1529 I gralloc : alloc_device_alloc:564: Alloc handle(0x798ae0f600): interfmt=1, stride=192, size=155648, usage=0xb00
09-23 11:31:29.396   454  1529 I gralloc : alloc_device_alloc:564: Alloc handle(0x7972c3f400): interfmt=1, stride=192, size=155648, usage=0xb00
09-23 11:31:29.419  5519  5519 I HwPointEventFilter: support AFT
09-23 11:31:29.460   454   469 I gralloc : alloc_device_alloc:564: Alloc handle(0x7972cb9100): interfmt=1, stride=128, size=45056, usage=0xb00
09-23 11:31:29.461   454   469 I gralloc : alloc_device_alloc:564: Alloc handle(0x7972cb9300): interfmt=1, stride=128, size=45056, usage=0xb00
09-23 11:31:29.464   454   469 I gralloc : alloc_device_alloc:564: Alloc handle(0x7972cb9500): interfmt=1, stride=128, size=45056, usage=0xb00
09-23 11:31:29.588   454  5965 I gralloc : alloc_device_free:586: Free handle(0x7972cb9100)
09-23 11:31:29.588   454  5965 I gralloc : alloc_device_free:586: Free handle(0x7972cb9500)
09-23 11:31:29.592   454   719 I gralloc : alloc_device_alloc:564: Alloc handle(0x798ae32000): interfmt=1, stride=128, size=45056, usage=0xb00
09-23 11:31:29.596   454   719 I gralloc : alloc_device_alloc:564: Alloc handle(0x798ae32800): interfmt=1, stride=128, size=45056, usage=0xb00
09-23 11:31:29.599   454   454 I gralloc : alloc_device_free:586: Free handle(0x7972cb9300)
09-23 11:31:29.605   454  5965 I gralloc : alloc_device_alloc:564: Alloc handle(0x7972cb9500): interfmt=1, stride=128, size=45056, usage=0xb00
09-23 11:31:29.691   454   468 I gralloc : alloc_device_free:586: Free handle(0x7972c3f900)
09-23 11:31:29.692   454   468 I gralloc : alloc_device_free:586: Free handle(0x7972c3f400)
09-23 11:31:29.698   454   454 I gralloc : alloc_device_free:586: Free handle(0x798ae0f600)
09-23 11:31:29.977  1225  1225 I TrafficMonitor: expired arrive. level:-1
09-23 11:31:29.977  1225  1225 I TrafficMonitor: during_ms:2002,period_ms:2000
09-23 11:31:29.977  1225  1225 I TrafficMonitor: count:222,rx_sum:0,tx_sum:0,rxBytes:0,during_ms:2002,rx_speed:0.0,tx_speed:0.0,rto:0.0
09-23 11:31:30.165  1225  1363 E WifiConfigManager: updateConfiguration freq=2462 BSSID=30:fc:68:d1:10:23 RSSI=-51 "yepao"WPA_PSK
09-23 11:31:30.981  1225  1225 I TrafficMonitor: update:rxPkts:0,txPkts:2,rxBytes:0,txBytes:100
09-23 11:31:30.981  1225  1225 I TrafficMonitor: start expired. level:-1
09-23 11:31:30.981  1225  1225 I TrafficMonitor: gettimer:interval=2000
09-23 11:31:31.102 29669 29669 W art     : Before Android 4.1, method int android.support.v7.widget.ListViewCompat.lookForSelectablePosition(int, boolean) would have incorrectly overridden the package-private method in android.widget.ListView
09-23 11:31:31.115 29669 29669 I HwPointEventFilter: support AFT
09-23 11:31:31.137   454   719 I gralloc : alloc_device_alloc:564: Alloc handle(0x798ae34000): interfmt=200000001, stride=1088, size=8486912, usage=0xb00
09-23 11:31:31.143   454   719 I gralloc : alloc_device_alloc:564: Alloc handle(0x798ae32c00): interfmt=200000001, stride=1088, size=8486912, usage=0xb00
09-23 11:31:31.143   454   719 I gralloc : alloc_device_alloc:564: Alloc handle(0x798ae34500): interfmt=200000001, stride=1088, size=8486912, usage=0xb00
09-23 11:31:31.154  2330  2989 W Ptm.AbnormalObserver: unhandled mesg: 4007
09-23 11:31:31.157   454  1529 I gralloc : alloc_device_free:586: Free handle(0x798ae32800)
09-23 11:31:31.157   454  1529 I gralloc : alloc_device_free:586: Free handle(0x7972cb9500)
09-23 11:31:31.162 29669 29669 W IInputConnectionWrapper: finishComposingText on inactive InputConnection
09-23 11:31:31.165  1225  1247 I ActivityManager: Displayed com.yeapao.andorid/com.zhihu.matisse.ui.MatisseActivity: +109ms
09-23 11:31:31.169   454   454 I gralloc : alloc_device_free:586: Free handle(0x798ae32000)
09-23 11:31:31.171  1225 12487 E HsmCoreServiceImpl: onTransact in code is: 103
09-23 11:31:31.171  1225 12487 I MediaProcessHandler: playingUids: 
09-23 11:31:31.172   454  1529 I gralloc : alloc_device_free:586: Free handle(0x798ae34c00)
09-23 11:31:31.172   454  1529 I gralloc : alloc_device_free:586: Free handle(0x798ae32700)
09-23 11:31:31.189   454   469 I gralloc : alloc_device_free:586: Free handle(0x798ae34800)
09-23 11:31:31.191 29669 29669 W IInputConnectionWrapper: finishComposingText on inactive InputConnection
09-23 11:31:31.401   454   454 I gralloc : alloc_device_free:586: Free handle(0x798ae34d00)
09-23 11:31:31.514   454   454 I gralloc : alloc_device_free:586: Free handle(0x798ae34700)
09-23 11:31:31.515   454   454 I gralloc : alloc_device_free:586: Free handle(0x7972c3f700)
09-23 11:31:31.676  1225  1416 E HwCHRWebMonitor: WebMonitor [mNetWorkIsSuck=0 mUIDIsSuck=]  WebSpeed [WEBSENDSEGS=1  WEBRESENDSEGS=0  WEBRECVSEGS=0  WEBERRSEGS=0  WEBOUTRSTS=0  WEBESTABLISRST=0  WEBRTTDURATION=0  WEBRTTSEGS=0  WEBSRTT=200  WEBSNDDUPACKS=0  SENDSEGS=0  RESENDSEGS=0  RECVSEGS=0  ERRSEGS=0  OUTRSTS=0  ESTABLISRST=0  RTTDURATION=0  RTTSEGS=0  SNDDUPACKS=0  suckTimes=0 recovage_times=0]
09-23 11:31:31.676  1225  1416 E HwCHRWifiRSSIGroupSummery: updateTcpSummery mRSSI:-51  HwCHRWifiRSSIGroup [rssi_index=4, rtt_tcp_packets=839, rtt_tcp_duration=46570, rtt_lan_duration=3103, rtt_lan_failures=0, rtt_lan_succ=89, rtt_lan_max=676, rtt_lan_min=2,same_area_frequency=0,adjacent_area_frequency=0]
09-23 11:31:31.683  1225  1416 E HwCHRWebMonitor: HwCHRWifiPacketCnt [mTXGood=7, mTXbad=0, mRXGood=20] rssi=-51
09-23 11:31:31.684  1225  1416 E HwCHRWebMonitor: running processName=com.yeapao.andorid
09-23 11:31:31.685  1225  1416 E HwCHRWebMonitor: HwCHRWifiUIDWebSpeed [appName=unknown:1021 UID=1021  WEBSENDSEGS=1  WEBRESENDSEGS=0  WEBRECVSEGS=0  WEBERRSEGS=0  WEBOUTRSTS=0  WEBESTABLISRST=0  WEBRTTDURATION=0  WEBRTTSEGS=0  WEBSNDDUPACKS=0  suckTimes=0 recovage_times=0]
09-23 11:31:31.731  1783  1870 I ScenarioAction: new ScenarioAction sPoolSize: 0
09-23 11:31:32.748  2495  4561 I VRService: no vr mode
09-23 11:31:32.749  1474  1474 W KeyguardUpdateMonitor: ACTION_BATTERY_CHANGED AMP: 0; Volt: 0
09-23 11:31:32.751 15623 16115 E CloudAlbum[8.0.1.304]: [ReceiverManager] not log on ignore
09-23 11:31:32.753  2330  2330 I Ptm.AbnormalObserver: current battery level value: 100
09-23 11:31:32.754  2330  2330 W Ptm.AbnormalObserver: ljs, in checkIsAbnormalHot, Ap_temp = 37
09-23 11:31:32.766  1474  1474 W KeyguardUpdateMonitor: ChargingSpeed  Wattage: -1 ST: 5000000 --> 7500000
09-23 11:31:32.766  1474  1474 I KgBattery: BatteryInfo updated:  5lPC-1
09-23 11:31:32.766  1474  1474 W AppHandler: sendMessage with obj100
09-23 11:31:32.774  1474  1474 W HwLockScreenPanel: refreshBatteryInfo: null
09-23 11:31:32.774  1474  1474 W HwLockScreenPanel: Handle message: 100
09-23 11:31:32.837   585   585 E Thermal-daemon: [battery] temp_new :33  temp_old :34
09-23 11:31:32.837   585   585 E Thermal-daemon: Report temperature: [battery] temp :33  report_threshold:1
09-23 11:31:32.841   585   585 E Thermal-daemon: [ap] temp_new :37  temp_old :36
09-23 11:31:32.841   585   585 E Thermal-daemon: Report temperature: [ap] temp :37  report_threshold:1
09-23 11:31:32.982  1225  1225 I TrafficMonitor: update:rxPkts:1,txPkts:0,rxBytes:145,txBytes:0
09-23 11:31:32.982  1225  1225 I TrafficMonitor: start expired. level:-1
09-23 11:31:32.982  1225  1225 I TrafficMonitor: gettimer:interval=2000
09-23 11:31:33.177  1225  1363 E WifiConfigManager: updateConfiguration freq=2462 BSSID=30:fc:68:d1:10:23 RSSI=-52 "yepao"WPA_PSK
09-23 11:31:33.324  1225  1363 E WifiConfigManager: updateConfiguration freq=2462 BSSID=30:fc:68:d1:10:23 RSSI=-52 "yepao"WPA_PSK
09-23 11:31:33.326  1225  1225 I QosMonitor: queryRtt: rtt_type = 3
09-23 11:31:33.326  1225  1225 I WifiProJNI: ######### GET RTT:3 ########
09-23 11:31:33.326  1225  1426 I HuaweiWifiWatchdogStateMachine: spd good count:0, add sc:0.0, rate:1.0
09-23 11:31:33.326  1225  1426 I HuaweiWifiWatchdogStateMachine: current mHighDataFlowRate = 1.0
09-23 11:31:33.326  1225  1424 I QosMonitor: postEventFromNative: msg=100,arg1=4,arg2=9
09-23 11:31:33.326  1225  1426 I HuaweiWifiWatchdogStateMachine: POta txb txg rxg:0, 7, 0. Lr =0% Totpkt=7
09-23 11:31:33.326  1225  1424 W WifiProJNI: poll before: g_monitor_fd =236
09-23 11:31:33.327  1225  1225 I WifiProJNI: ######### CMD_QUERY_PKTS ########
09-23 11:31:33.327  1225  1424 I QosMonitor: postEventFromNative: msg=100,arg1=0,arg2=9
09-23 11:31:33.327  1225  1424 W WifiProJNI: poll before: g_monitor_fd =236
09-23 11:31:33.327  1225  1225 I MQoS    : rtt=200,tcp_tx_pkts=461671,tcp_rx_pkts=602275
09-23 11:31:33.329  1225  1426 I HuaweiWifiWatchdogStateMachine: PTcp RTT:0, rtt pkt=0, tcp_rx=0, tcp_tx=2, tcp_reTran=0, rtRate=0
09-23 11:31:33.329  1225  1426 I HuaweiWifiWatchdogStateMachine: rs ota tcp lr rttvb bad: false, false, false, false, false; rsth:-75
09-23 11:31:33.329  1225  1426 I HuaweiWifiWatchdogStateMachine:  pkt chk not bad, reset sc to 0.
09-23 11:31:33.331  1225  3524 I MQoS    : QOS_level:0(0),wifi-link;SIM error;use level-0
09-23 11:31:33.331  1225  3524 I MQoS    : skip-low-Level:0(0),wifi-link;SIM error;use level-0
09-23 11:31:34.174 29669 29669 I HwPointEventFilter: support AFT
09-23 11:31:34.215   454   719 I gralloc : alloc_device_alloc:564: Alloc handle(0x798ae34a00): interfmt=200000001, stride=1088, size=8486912, usage=0xb00
09-23 11:31:34.219   454   719 I gralloc : alloc_device_alloc:564: Alloc handle(0x798ae32100): interfmt=200000001, stride=1088, size=8486912, usage=0xb00
09-23 11:31:34.219   454   719 I gralloc : alloc_device_alloc:564: Alloc handle(0x798ae34e00): interfmt=200000001, stride=1088, size=8486912, usage=0xb00
09-23 11:31:34.258   454  5965 I gralloc : alloc_device_alloc:564: Alloc handle(0x7972cb9100): interfmt=1, stride=512, size=1007616, usage=0xb00
09-23 11:31:34.259   454  5965 I gralloc : alloc_device_alloc:564: Alloc handle(0x798ae34700): interfmt=1, stride=512, size=1007616, usage=0xb00
09-23 11:31:34.260   454  5965 I gralloc : alloc_device_alloc:564: Alloc handle(0x798ae34f00): interfmt=1, stride=512, size=1007616, usage=0xb00
09-23 11:31:34.291   454   469 I gralloc : alloc_device_free:586: Free handle(0x798ae32c00)
09-23 11:31:34.292   454   469 I gralloc : alloc_device_free:586: Free handle(0x798ae34500)
09-23 11:31:34.404 29669 31721 E 212121  : yyyy
09-23 11:31:34.634   454   454 I gralloc : alloc_device_free:586: Free handle(0x798ae34000)
09-23 11:31:34.976 29669 31721 I ExifInterface_JNI: Raw image not detected
09-23 11:31:34.983  1225  1225 I TrafficMonitor: update:rxPkts:2,txPkts:0,rxBytes:624,txBytes:0
09-23 11:31:34.983  1225  1225 I TrafficMonitor: start expired. level:-1
09-23 11:31:34.983  1225  1225 I TrafficMonitor: gettimer:interval=2000
09-23 11:31:35.228 29669 31721 E 212121  : yyyy
09-23 11:31:35.825 29669 31721 I ExifInterface_JNI: Raw image not detected
09-23 11:31:35.878   454  5965 I gralloc : alloc_device_free:586: Free handle(0x798ae34700)
09-23 11:31:35.889   454   454 I gralloc : alloc_device_free:586: Free handle(0x7972cb9100)
09-23 11:31:35.899 29669 29669 E ImagePath: /storage/emulated/0/Android/data/com.yeapao.andorid/files/image/7c1f3336-b18e-429f-90d2-88e740e325d9.jpeg
09-23 11:31:35.937 29669 29669 E ImagePath: /storage/emulated/0/Android/data/com.yeapao.andorid/files/image/7c1f3336-b18e-429f-90d2-88e740e325d9.jpeg
09-23 11:31:35.978 29669 29669 E ImagePath: /storage/emulated/0/Android/data/com.yeapao.andorid/files/image/7c1f3336-b18e-429f-90d2-88e740e325d9.jpeg
09-23 11:31:35.981  1225  1225 I TrafficMonitor: expired arrive. level:-1
09-23 11:31:35.981  1225  1225 I TrafficMonitor: during_ms:2001,period_ms:2000
09-23 11:31:35.981  1225  1225 I TrafficMonitor: count:225,rx_sum:2,tx_sum:0,rxBytes:624,during_ms:2001,rx_speed:311.8440779610195,tx_speed:0.0,rto:0.0
09-23 11:31:36.025 29669 29669 E ImagePath: /storage/emulated/0/Android/data/com.yeapao.andorid/files/image/e1521d05-126a-48fc-bc89-9485a77bdf0c.jpeg
09-23 11:31:36.104   454   454 I gralloc : alloc_device_free:586: Free handle(0x798ae34f00)
09-23 11:31:36.191  1225  1363 E WifiConfigManager: updateConfiguration freq=2462 BSSID=30:fc:68:d1:10:23 RSSI=-52 "yepao"WPA_PSK
09-23 11:31:36.987  1225  1225 I TrafficMonitor: update:rxPkts:3,txPkts:3,rxBytes:234,txBytes:180
09-23 11:31:36.987  1225  1225 I TrafficMonitor: start expired. level:-1
09-23 11:31:36.988  1225  1225 I TrafficMonitor: gettimer:interval=2000
09-23 11:31:37.661  1225  1416 E HwCHRWifiRSSIGroupSummery: updatArpSummery mRSSI:-52  HwCHRWifiRSSIGroup [rssi_index=4, rtt_tcp_packets=839, rtt_tcp_duration=46570, rtt_lan_duration=3110, rtt_lan_failures=0, rtt_lan_succ=90, rtt_lan_max=676, rtt_lan_min=2,same_area_frequency=0,adjacent_area_frequency=0]
09-23 11:31:37.726  1225  1416 E HwCHRWebMonitor: WebMonitor [mNetWorkIsSuck=0 mUIDIsSuck=]  WebSpeed [WEBSENDSEGS=0  WEBRESENDSEGS=0  WEBRECVSEGS=0  WEBERRSEGS=0  WEBOUTRSTS=0  WEBESTABLISRST=0  WEBRTTDURATION=0  WEBRTTSEGS=0  WEBSRTT=200  WEBSNDDUPACKS=0  SENDSEGS=0  RESENDSEGS=0  RECVSEGS=0  ERRSEGS=0  OUTRSTS=0  ESTABLISRST=0  RTTDURATION=0  RTTSEGS=0  SNDDUPACKS=0  suckTimes=0 recovage_times=0]
09-23 11:31:37.726  1225  1416 E HwCHRWifiRSSIGroupSummery: updateTcpSummery mRSSI:-52  HwCHRWifiRSSIGroup [rssi_index=4, rtt_tcp_packets=839, rtt_tcp_duration=46570, rtt_lan_duration=3110, rtt_lan_failures=0, rtt_lan_succ=90, rtt_lan_max=676, rtt_lan_min=2,same_area_frequency=0,adjacent_area_frequency=0]
09-23 11:31:37.736  1225  1416 E HwCHRWebMonitor: HwCHRWifiPacketCnt [mTXGood=12, mTXbad=0, mRXGood=21] rssi=-52
09-23 11:31:37.737  1225  1416 E HwCHRWebMonitor: running processName=com.yeapao.andorid
09-23 11:31:37.843   585   585 E Thermal-daemon: [charger_ic] temp_new :36  temp_old :35
09-23 11:31:37.843   585   585 E Thermal-daemon: Report temperature: [charger_ic] temp :36  report_threshold:1
09-23 11:31:38.990  1225  1225 I TrafficMonitor: update:rxPkts:0,txPkts:1,rxBytes:0,txBytes:60
09-23 11:31:38.991  1225  1225 I TrafficMonitor: start expired. level:-1
09-23 11:31:38.991  1225  1225 I TrafficMonitor: gettimer:interval=2000
09-23 11:31:39.204  1225  1363 E WifiConfigManager: updateConfiguration freq=2462 BSSID=30:fc:68:d1:10:23 RSSI=-50 "yepao"WPA_PSK
09-23 11:31:40.993  1225  1225 I TrafficMonitor: update:rxPkts:0,txPkts:0,rxBytes:0,txBytes:0
09-23 11:31:40.994  1225  1225 I TrafficMonitor: start expired. level:-1
09-23 11:31:40.994  1225  1225 I TrafficMonitor: gettimer:interval=2000
09-23 11:31:41.242 29669 29669 E CirclepublishContentActivity: 1   +++   刚刚
09-23 11:31:41.328  1225  1363 E WifiConfigManager: updateConfiguration freq=2462 BSSID=30:fc:68:d1:10:23 RSSI=-51 "yepao"WPA_PSK
09-23 11:31:41.332  1225  1225 I QosMonitor: queryRtt: rtt_type = 3
09-23 11:31:41.332  1225  1225 I WifiProJNI: ######### GET RTT:3 ########
09-23 11:31:41.332  1225  1426 I HuaweiWifiWatchdogStateMachine: spd good count:0, add sc:0.0, rate:1.0
09-23 11:31:41.332  1225  1426 I HuaweiWifiWatchdogStateMachine: current mHighDataFlowRate = 1.0
09-23 11:31:41.332  1225  1426 I HuaweiWifiWatchdogStateMachine: POta txb txg rxg:0, 17, 0. Lr =0% Totpkt=17
09-23 11:31:41.332  1225  1424 I QosMonitor: postEventFromNative: msg=100,arg1=4,arg2=9
09-23 11:31:41.332  1225  1424 W WifiProJNI: poll before: g_monitor_fd =236
09-23 11:31:41.332  1225  1225 I WifiProJNI: ######### CMD_QUERY_PKTS ########
09-23 11:31:41.332  1225  1424 I QosMonitor: postEventFromNative: msg=100,arg1=0,arg2=9
09-23 11:31:41.332  1225  1424 W WifiProJNI: poll before: g_monitor_fd =236
