int logctl_get(): open '/dev/hwlog_switch' fail -1, 13. Permission denied

Note: log switch off, only log_main and log_events will have logs!
--------- beginning of main
09-23 11:28:21.930  1225  1245 I EventHub: EventHub monitor: no key events in the past 6280s, 
09-23 11:28:22.144  2574  2678 I e       : hot: htMem:{wttcgt={"x":"{\"key\":\"NUJDNjAxOEUwMjYzRTEwSFc=#460#14175#14175#11#30082#network#cgiwifi\",\"lat\":31.276313,\"lon\":120.743568}","time":1505614392369,"num":14}, wttf4y={"x":"{\"key\":\"NUJDNjAxOEUwMjYzRTEwSFc=#460#14175#14175#11#26018#network#cgiwifi\",\"lat\":31.322954,\"lon\":120.709674}","time":1505640300382,"num":7}, wttdp9={"x":"{\"key\":\"NUJDNjAxOEUwMjYzRTEwSFc=#460#14175#14175#11#16546#network#cgiwifi\",\"lat\":31.298827,\"lon\":120.56543}","time":1506136060215,"num":1621}}
09-23 11:28:22.146  2574  2678 I e       : hot: lst:[wttcgt, wttf4y, wttdp9]
09-23 11:28:22.147  2574  2678 I ams_c   : HeatElement extra:{"key":"NUJDNjAxOEUwMjYzRTEwSFc=#460#14175#14175#11#16546#network#cgiwifi","lat":31.298827,"lon":120.56543}
09-23 11:28:22.150  2574  2678 I ams_c   : Off Key:NUJDNjAxOEUwMjYzRTEwSFc=NUJDNjAxOEUwMjYzRTEwSFc=#460#14175#14175#11#16546#network#cgiwifi
09-23 11:28:22.744  1225  1225 I TrafficMonitor: update:rxPkts:0,txPkts:1,rxBytes:0,txBytes:52
09-23 11:28:22.744  1225  1225 I TrafficMonitor: start expired. level:-1
09-23 11:28:22.744  1225  1225 I TrafficMonitor: gettimer:interval=2000
09-23 11:28:23.197  1225  1363 E WifiConfigManager: updateConfiguration freq=2462 BSSID=30:fc:68:d1:10:23 RSSI=-58 "yepao"WPA_PSK
09-23 11:28:23.499  2330  2344 I NCCHR_NcLogCollectServiceImpl: getUserType = 1
09-23 11:28:23.738  1225  1225 I TrafficMonitor: expired arrive. level:-1
09-23 11:28:23.739  1225  1225 I TrafficMonitor: during_ms:2003,period_ms:2000
09-23 11:28:23.739  1225  1225 I TrafficMonitor: count:129,rx_sum:0,tx_sum:1,rxBytes:0,during_ms:2003,rx_speed:0.0,tx_speed:25.961058412381426,rto:0.0
09-23 11:28:23.810  4073  4218 I LogUtil_LogConfig: getLogFile(): logFilePath = /data/data/com.huawei.health/files/com.huawei.health/com.huawei.health_DaemonService/
09-23 11:28:24.589  4073  4073 I Step_LSC: 30003302|onStandStepChanged 32424
09-23 11:28:24.590  1799  1799 W HwStepCounter: version : 1
09-23 11:28:24.590  1799  1799 I HwStepCounter: dealReportData length 19
09-23 11:28:24.590  1799  1799 W HwStepCounter: abi 25 total 32424 total floor 0 totalCar 1024 total dis 2048
09-23 11:28:24.590  1799  1799 W HwStepCounter: stepPace 4096 stepLength 8192 speed 16384 touchdown_ratio 32768 reserved1 0 reserved2 0
09-23 11:28:24.592  1799  1799 E HwStepCounter: dealReportData tm: 2017-09-23 11:28:26 steps_value[0] : 0 state_value[0]:5 level_value[0]:0
09-23 11:28:24.593  1799  1799 I HwStepCounter: ###### finish ####
09-23 11:28:24.593  1799  1799 I HwStepCounter: isBeginOfToday: 23 -> 23
09-23 11:28:24.593  1799  1799 I HwStepCounter: isBeginOfToday: false
09-23 11:28:24.594  1799  1799 I HwStepCounter: dealReportData: diff = 0
09-23 11:28:24.611  1799  2615 I StepCounterRemoteProxy: Report client count 1
09-23 11:28:24.614  4073  4084 I Step_LSC: 30003302|onExtend:1506137306000 0 0 5
09-23 11:28:24.690  4073 16276 I Step_SPUtils: 30003302| getTodayTotalDetailSteps = 1506137220000##1973##1125##0##0##433109610
09-23 11:28:24.691  4073 16276 I Step_SPUtils: 30003302|setTodayTotalDetailSteps=1506137220000##1973##1125##0##0##433115111
09-23 11:28:24.706  4073 16276 I Step_ExtSDM: 30003302|calculateCaloriesWithCache totalCalories=45653
09-23 11:28:24.721  4073 16276 I Step_ExtSDM: 30003302|calculateAltitudeWithCache totalAltitude=0
09-23 11:28:24.746  1225  1225 I TrafficMonitor: update:rxPkts:6,txPkts:5,rxBytes:338,txBytes:240
09-23 11:28:24.746  1225  1225 I TrafficMonitor: start expired. level:-1
09-23 11:28:24.746  1225  1225 I TrafficMonitor: gettimer:interval=2000
09-23 11:28:25.072  2330 25136 I NCCHR_NcLogCollectServiceImpl: getUserType = 1
09-23 11:28:25.077  2330 12242 I NCCHR_NcLogCollectServiceImpl: getUserType = 1
09-23 11:28:25.080  2330  2345 I NCCHR_NcLogCollectServiceImpl: getUserType = 1
09-23 11:28:25.192  1225  1416 E HwCHRWebMonitor: WebMonitor [mNetWorkIsSuck=0 mUIDIsSuck=]  WebSpeed [WEBSENDSEGS=6  WEBRESENDSEGS=1  WEBRECVSEGS=6  WEBERRSEGS=0  WEBOUTRSTS=0  WEBESTABLISRST=0  WEBRTTDURATION=33  WEBRTTSEGS=1  WEBSRTT=480  WEBSNDDUPACKS=0  SENDSEGS=0  RESENDSEGS=0  RECVSEGS=0  ERRSEGS=0  OUTRSTS=0  ESTABLISRST=0  RTTDURATION=0  RTTSEGS=0  SNDDUPACKS=0  suckTimes=0 recovage_times=0]
09-23 11:28:25.192  1225  1416 E HwCHRWifiRSSIGroupSummery: updateTcpSummery mRSSI:-61  HwCHRWifiRSSIGroup [rssi_index=4, rtt_tcp_packets=822, rtt_tcp_duration=45863, rtt_lan_duration=2991, rtt_lan_failures=0, rtt_lan_succ=83, rtt_lan_max=676, rtt_lan_min=2,same_area_frequency=0,adjacent_area_frequency=0]
09-23 11:28:25.200  1225  1416 E HwCHRWebMonitor: HwCHRWifiPacketCnt [mTXGood=25, mTXbad=0, mRXGood=7] rssi=-61
09-23 11:28:25.202  1225  1416 E HwCHRWebMonitor: running processName=com.yeapao.andorid
09-23 11:28:25.204  1225  1416 E HwCHRWebMonitor: HwCHRWifiUIDWebSpeed [appName=com.yeapao.andorid UID=10202  WEBSENDSEGS=3  WEBRESENDSEGS=0  WEBRECVSEGS=6  WEBERRSEGS=0  WEBOUTRSTS=0  WEBESTABLISRST=0  WEBRTTDURATION=33  WEBRTTSEGS=1  WEBSNDDUPACKS=0  suckTimes=0 recovage_times=0]
09-23 11:28:25.205  1225  1416 E HwCHRWebMonitor: item_uid= 10202 running_uid=10202 suckTime=0 mOnAppSuckTime=0 mFailReason=1
09-23 11:28:26.213  1225  1363 E WifiConfigManager: updateConfiguration freq=2462 BSSID=30:fc:68:d1:10:23 RSSI=-57 "yepao"WPA_PSK
09-23 11:28:26.748  1225  1225 I TrafficMonitor: update:rxPkts:0,txPkts:1,rxBytes:0,txBytes:60
09-23 11:28:26.749  1225  1225 I TrafficMonitor: start expired. level:-1
09-23 11:28:26.749  1225  1225 I TrafficMonitor: gettimer:interval=2000
09-23 11:28:27.666   585   585 E Thermal-daemon: [pa_0] temp_new :36  temp_old :37
09-23 11:28:27.666   585   585 E Thermal-daemon: Report temperature: [pa_0] temp :36  report_threshold:1
09-23 11:28:27.667   585   585 E Thermal-daemon: [charger_ic] temp_new :37  temp_old :38
09-23 11:28:27.667   585   585 E Thermal-daemon: Report temperature: [charger_ic] temp :37  report_threshold:1
09-23 11:28:27.668   585   585 E Thermal-daemon: [flash_led] temp_new :36  temp_old :37
09-23 11:28:27.668   585   585 E Thermal-daemon: Report temperature: [flash_led] temp :36  report_threshold:1
09-23 11:28:28.753  1225  1225 I TrafficMonitor: update:rxPkts:0,txPkts:0,rxBytes:0,txBytes:0
09-23 11:28:28.753  1225  1225 I TrafficMonitor: start expired. level:-1
09-23 11:28:28.753  1225  1225 I TrafficMonitor: gettimer:interval=2000
09-23 11:28:29.157  1225  1363 E WifiConfigManager: updateConfiguration freq=2462 BSSID=30:fc:68:d1:10:23 RSSI=-56 "yepao"WPA_PSK
09-23 11:28:29.162  1225  1225 I QosMonitor: queryRtt: rtt_type = 3
09-23 11:28:29.163  1225  1225 I WifiProJNI: ######### GET RTT:3 ########
09-23 11:28:29.163  1225  1424 I QosMonitor: postEventFromNative: msg=100,arg1=4,arg2=9
09-23 11:28:29.163  1225  1426 I HuaweiWifiWatchdogStateMachine: spd good count:0, add sc:0.0, rate:1.0
09-23 11:28:29.163  1225  1424 W WifiProJNI: poll before: g_monitor_fd =236
09-23 11:28:29.163  1225  1426 I HuaweiWifiWatchdogStateMachine: current mHighDataFlowRate = 1.0
09-23 11:28:29.163  1225  1426 I HuaweiWifiWatchdogStateMachine: POta txb txg rxg:0, 52, 0. Lr =0% Totpkt=52
09-23 11:28:29.163  1225  1225 I WifiProJNI: ######### CMD_QUERY_PKTS ########
09-23 11:28:29.164  1225  1225 I QosMonitor: resetRtt: rtt_type = 3
09-23 11:28:29.164  1225  1225 I WifiProJNI: ######### RESET RTT:3 ########
09-23 11:28:29.164  1225  1424 I QosMonitor: postEventFromNative: msg=100,arg1=0,arg2=9
09-23 11:28:29.164  1225  1424 W WifiProJNI: poll before: g_monitor_fd =236
09-23 11:28:29.164  1225  1225 I MQoS    : rtt=480,tcp_tx_pkts=461463,tcp_rx_pkts=602227
09-23 11:28:29.166  1225  1426 I HuaweiWifiWatchdogStateMachine: PTcp RTT:480, rtt pkt=3, tcp_rx=6, tcp_tx=7, tcp_reTran=0, rtRate=0
09-23 11:28:29.166  1225  1426 I HuaweiWifiWatchdogStateMachine: rs ota tcp lr rttvb bad: false, false, false, false, false; rsth:-75
09-23 11:28:29.166  1225  1426 I HuaweiWifiWatchdogStateMachine: judge good link######, goodLinkLevel=3
09-23 11:28:29.166  1225  1426 I HuaweiWifiWatchdogStateMachine: sendResultMsgToQM bssid:30:fc:**:**:10:23, qoslevel=3
09-23 11:28:29.166  1225  1426 I HuaweiWifiWatchdogStateMachine: link good reported, good base rssi:-60
09-23 11:28:29.167  1225  1426 I HuaweiWifiWatchdogStateMachine:  pkt chk not bad, reset sc to 0.
09-23 11:28:29.170  1225  3524 I MQoS    : QOS_level:0(0),wifi-link;SIM error;use level-0
09-23 11:28:29.220  1225  1363 E WifiConfigManager: updateConfiguration freq=2462 BSSID=30:fc:68:d1:10:23 RSSI=-56 "yepao"WPA_PSK
09-23 11:28:29.747  1225  1225 I TrafficMonitor: expired arrive. level:-1
09-23 11:28:29.747  1225  1225 I TrafficMonitor: during_ms:2004,period_ms:2000
09-23 11:28:29.747  1225  1225 I TrafficMonitor: count:132,rx_sum:0,tx_sum:0,rxBytes:0,during_ms:2004,rx_speed:0.0,tx_speed:0.0,rto:0.0
09-23 11:28:29.819  4073  4218 I LogUtil_LogConfig: getLogFile(): logFilePath = /data/data/com.huawei.health/files/com.huawei.health/com.huawei.health_DaemonService/
09-23 11:28:30.755  1225  1225 I TrafficMonitor: update:rxPkts:0,txPkts:1,rxBytes:0,txBytes:60
09-23 11:28:30.755  1225  1225 I TrafficMonitor: start expired. level:-1
09-23 11:28:30.755  1225  1225 I TrafficMonitor: gettimer:interval=2000
09-23 11:28:31.165  1225  1416 E HwCHRWifiRSSIGroupSummery: updatArpSummery mRSSI:-56  HwCHRWifiRSSIGroup [rssi_index=4, rtt_tcp_packets=822, rtt_tcp_duration=45863, rtt_lan_duration=3006, rtt_lan_failures=0, rtt_lan_succ=84, rtt_lan_max=676, rtt_lan_min=2,same_area_frequency=0,adjacent_area_frequency=0]
09-23 11:28:31.212  1225  1416 E HwCHRWebMonitor: WebMonitor [mNetWorkIsSuck=0 mUIDIsSuck=]  WebSpeed [WEBSENDSEGS=1  WEBRESENDSEGS=0  WEBRECVSEGS=0  WEBERRSEGS=0  WEBOUTRSTS=0  WEBESTABLISRST=0  WEBRTTDURATION=0  WEBRTTSEGS=0  WEBSRTT=480  WEBSNDDUPACKS=0  SENDSEGS=0  RESENDSEGS=0  RECVSEGS=0  ERRSEGS=0  OUTRSTS=0  ESTABLISRST=0  RTTDURATION=0  RTTSEGS=0  SNDDUPACKS=0  suckTimes=0 recovage_times=0]
09-23 11:28:31.212  1225  1416 E HwCHRWifiRSSIGroupSummery: updateTcpSummery mRSSI:-56  HwCHRWifiRSSIGroup [rssi_index=4, rtt_tcp_packets=822, rtt_tcp_duration=45863, rtt_lan_duration=3006, rtt_lan_failures=0, rtt_lan_succ=84, rtt_lan_max=676, rtt_lan_min=2,same_area_frequency=0,adjacent_area_frequency=0]
09-23 11:28:31.221  1225  1416 E HwCHRWebMonitor: HwCHRWifiPacketCnt [mTXGood=33, mTXbad=0, mRXGood=2] rssi=-56
09-23 11:28:31.223  1225  1416 E HwCHRWebMonitor: running processName=com.yeapao.andorid
09-23 11:28:31.225  1225  1416 E HwCHRWebMonitor: HwCHRWifiUIDWebSpeed [appName=unknown:1021 UID=1021  WEBSENDSEGS=1  WEBRESENDSEGS=0  WEBRECVSEGS=0  WEBERRSEGS=0  WEBOUTRSTS=0  WEBESTABLISRST=0  WEBRTTDURATION=0  WEBRTTSEGS=0  WEBSNDDUPACKS=0  suckTimes=0 recovage_times=0]
09-23 11:28:31.239  1225  1416 E HwCHRWifiLinkMonitor: HwCHRWifiBcmIncrCounterLst [txbyte=22697  txframe=238  txnoassoc=0  txphyerror=0  txctl=89  txfail=1  txphyerr=0  txfrmsnt=326  txnoack=43  txfrag=326  txnocts=68  txrts=147  txnobuf=0  txallfrm=708  txerror=0  txretrans=106  rxbyte=234506  rxframe=245  rxbadfcs=275  rxbadplcp=198  rxmulti=17  rxfrag=477  rxctl=248  rxbadcm=0  rxnobuf=0  rxcrsglitch=76770  rxbadds=0  rxnondata=0  rxmulti=17  reset=0  rxdfrmocast=342  rxmfrmocast=262  rxdfrmucastmbss=293  rxmfrmucastmbss=0  rxbeaconmbss=248  rxdfmucastobss=0  rxbeaconobss=782  rxstrt=5330  rxcfrmocast=2034  rxcfrmucast=423  rxdfrmmcast=113  rxmfrmmcast=1042  rxcfrmmcast=0  ]
09-23 11:28:31.793  1474  1474 W KeyguardUpdateMonitor: ACTION_BATTERY_CHANGED AMP: 0; Volt: 0
09-23 11:28:31.793  1474  1474 W KeyguardUpdateMonitor: ChargingSpeed  Wattage: -1 ST: 5000000 --> 7500000
09-23 11:28:31.794  1474  1474 I KgBattery: BatteryInfo updated:  5lPC-1
09-23 11:28:31.794  1474  1474 W AppHandler: sendMessage with obj100
09-23 11:28:31.800  1474  1474 W HwLockScreenPanel: refreshBatteryInfo: null
09-23 11:28:31.800  1474  1474 W HwLockScreenPanel: Handle message: 100
09-23 11:28:31.801  2495  4561 I VRService: no vr mode
09-23 11:28:31.807  2330  2330 I Ptm.AbnormalObserver: current battery level value: 100
09-23 11:28:31.818 15623 16115 E CloudAlbum[8.0.1.304]: [ReceiverManager] not log on ignore
09-23 11:28:31.820  2330  2330 W Ptm.AbnormalObserver: ljs, in checkIsAbnormalHot, Ap_temp = 38
09-23 11:28:32.239  1225  1363 E WifiConfigManager: updateConfiguration freq=2462 BSSID=30:fc:68:d1:10:23 RSSI=-56 "yepao"WPA_PSK
09-23 11:28:32.670   585   585 E Thermal-daemon: [battery] temp_new :35  temp_old :36
09-23 11:28:32.670   585   585 E Thermal-daemon: Report temperature: [battery] temp :35  report_threshold:1
09-23 11:28:32.674   585   585 E Thermal-daemon: [ap] temp_new :38  temp_old :39
09-23 11:28:32.675   585   585 E Thermal-daemon: Report temperature: [ap] temp :38  report_threshold:1
09-23 11:28:32.683  1783  1870 I ThermalStateManager: sensor name: cpu temperature: 38 , thermal action: ucurrent policy:0
09-23 11:28:32.684  1783  2052 I SwitchManager: setChargeHotLimit : mode = 1 vaule = 0
09-23 11:28:32.684  1783  2052 I powergenie_jni: set charge limit 1: 0
09-23 11:28:32.757  1225  1225 I TrafficMonitor: update:rxPkts:1,txPkts:0,rxBytes:145,txBytes:0
09-23 11:28:32.757  1225  1225 I TrafficMonitor: start expired. level:-1
09-23 11:28:32.757  1225  1225 I TrafficMonitor: gettimer:interval=2000
09-23 11:28:34.760  1225  1225 I TrafficMonitor: update:rxPkts:2,txPkts:1,rxBytes:192,txBytes:60
09-23 11:28:34.760  1225  1225 I TrafficMonitor: start expired. level:-1
09-23 11:28:34.760  1225  1225 I TrafficMonitor: gettimer:interval=2000
09-23 11:28:35.255  1225  1363 E WifiConfigManager: updateConfiguration freq=2462 BSSID=30:fc:68:d1:10:23 RSSI=-56 "yepao"WPA_PSK
09-23 11:28:35.756  1225  1225 I TrafficMonitor: expired arrive. level:-1
09-23 11:28:35.756  1225  1225 I TrafficMonitor: during_ms:2004,period_ms:2000
09-23 11:28:35.756  1225  1225 I TrafficMonitor: count:135,rx_sum:2,tx_sum:1,rxBytes:192,during_ms:2004,rx_speed:95.80838323353294,tx_speed:29.940119760479043,rto:2.0
09-23 11:28:35.776  2425 32276 E LockboxBrokerService: Could not query UDC's getDeviceDataUploadOptInStatus; 15 null
09-23 11:28:35.785  2425  4185 W UdcContextManagerHelper: Failure reading udc context: 15
09-23 11:28:35.785  2425  4185 W UdcContextManagerHelper: Empty context buffer. Thus might mean that the context is not synced down.
09-23 11:28:35.786  2425  4185 W UploadOptInStatusOp: Empty context model while retrieving upload opt-in status!
09-23 11:28:36.229  1225  1416 E HwCHRWebMonitor: WebMonitor [mNetWorkIsSuck=0 mUIDIsSuck=]  WebSpeed [WEBSENDSEGS=0  WEBRESENDSEGS=0  WEBRECVSEGS=0  WEBERRSEGS=0  WEBOUTRSTS=0  WEBESTABLISRST=0  WEBRTTDURATION=0  WEBRTTSEGS=0  WEBSRTT=480  WEBSNDDUPACKS=0  SENDSEGS=0  RESENDSEGS=0  RECVSEGS=0  ERRSEGS=0  OUTRSTS=0  ESTABLISRST=0  RTTDURATION=0  RTTSEGS=0  SNDDUPACKS=0  suckTimes=0 recovage_times=0]
09-23 11:28:36.230  1225  1416 E HwCHRWifiRSSIGroupSummery: updateTcpSummery mRSSI:-56  HwCHRWifiRSSIGroup [rssi_index=4, rtt_tcp_packets=822, rtt_tcp_duration=45863, rtt_lan_duration=3006, rtt_lan_failures=0, rtt_lan_succ=84, rtt_lan_max=676, rtt_lan_min=2,same_area_frequency=0,adjacent_area_frequency=0]
09-23 11:28:36.238  1225  1416 E HwCHRWebMonitor: HwCHRWifiPacketCnt [mTXGood=6, mTXbad=0, mRXGood=2] rssi=-56
09-23 11:28:36.240  1225  1416 E HwCHRWebMonitor: running processName=com.yeapao.andorid
09-23 11:28:36.762  1225  1225 I TrafficMonitor: update:rxPkts:0,txPkts:1,rxBytes:0,txBytes:60
09-23 11:28:36.762  1225  1225 I TrafficMonitor: start expired. level:-1
09-23 11:28:36.762  1225  1225 I TrafficMonitor: gettimer:interval=2000
09-23 11:28:37.169  1225  1363 E WifiConfigManager: updateConfiguration freq=2462 BSSID=30:fc:68:d1:10:23 RSSI=-56 "yepao"WPA_PSK
09-23 11:28:37.176  1225  1426 I HuaweiWifiWatchdogStateMachine: spd good count:0, add sc:0.0, rate:1.0
09-23 11:28:37.176  1225  1426 I HuaweiWifiWatchdogStateMachine: current mHighDataFlowRate = 1.0
09-23 11:28:37.176  1225  1426 I HuaweiWifiWatchdogStateMachine: POta txb txg rxg:0, 12, 0. Lr =0% Totpkt=12
09-23 11:28:37.176  1225  1225 I QosMonitor: queryRtt: rtt_type = 3
09-23 11:28:37.177  1225  1225 I WifiProJNI: ######### GET RTT:3 ########
09-23 11:28:37.177  1225  1225 I WifiProJNI: ######### CMD_QUERY_PKTS ########
09-23 11:28:37.177  1225  1424 I QosMonitor: postEventFromNative: msg=100,arg1=4,arg2=9
09-23 11:28:37.177  1225  1424 W WifiProJNI: poll before: g_monitor_fd =236
09-23 11:28:37.177  1225  1424 I QosMonitor: postEventFromNative: msg=100,arg1=0,arg2=9
09-23 11:28:37.177  1225  1424 W WifiProJNI: poll before: g_monitor_fd =236
09-23 11:28:37.178  1225  1225 I MQoS    : rtt=480,tcp_tx_pkts=461466,tcp_rx_pkts=602227
09-23 11:28:37.178  1225  1426 I HuaweiWifiWatchdogStateMachine: PTcp RTT:0, rtt pkt=0, tcp_rx=0, tcp_tx=3, tcp_reTran=0, rtRate=0
09-23 11:28:37.179  1225  1426 I HuaweiWifiWatchdogStateMachine: rs ota tcp lr rttvb bad: false, false, false, false, false; rsth:-75
09-23 11:28:37.179  1225  1426 I HuaweiWifiWatchdogStateMachine:  pkt chk not bad, reset sc to 0.
09-23 11:28:37.185  1225  3524 I MQoS    : QOS_level:0(0),wifi-link;SIM error;use level-0
09-23 11:28:38.269  1225  1363 E WifiConfigManager: updateConfiguration freq=2462 BSSID=30:fc:68:d1:10:23 RSSI=-54 "yepao"WPA_PSK
09-23 11:28:38.765  1225  1225 I TrafficMonitor: update:rxPkts:1,txPkts:2,rxBytes:40,txBytes:100
09-23 11:28:38.765  1225  1225 I TrafficMonitor: start expired. level:-1
09-23 11:28:38.765  1225  1225 I TrafficMonitor: gettimer:interval=2000
09-23 11:28:40.767  1225  1225 I TrafficMonitor: update:rxPkts:3,txPkts:3,rxBytes:156,txBytes:156
09-23 11:28:40.767  1225  1225 I TrafficMonitor: start expired. level:-1
09-23 11:28:40.767  1225  1225 I TrafficMonitor: gettimer:interval=2000
09-23 11:28:41.243  1225  1416 E HwCHRWebMonitor: WebMonitor [mNetWorkIsSuck=0 mUIDIsSuck=]  WebSpeed [WEBSENDSEGS=4  WEBRESENDSEGS=0  WEBRECVSEGS=4  WEBERRSEGS=0  WEBOUTRSTS=0  WEBESTABLISRST=0  WEBRTTDURATION=0  WEBRTTSEGS=0  WEBSRTT=480  WEBSNDDUPACKS=0  SENDSEGS=0  RESENDSEGS=0  RECVSEGS=0  ERRSEGS=0  OUTRSTS=0  ESTABLISRST=0  RTTDURATION=0  RTTSEGS=0  SNDDUPACKS=0  suckTimes=0 recovage_times=0]
09-23 11:28:41.243  1225  1416 E HwCHRWifiRSSIGroupSummery: updateTcpSummery mRSSI:-54  HwCHRWifiRSSIGroup [rssi_index=4, rtt_tcp_packets=822, rtt_tcp_duration=45863, rtt_lan_duration=3006, rtt_lan_failures=0, rtt_lan_succ=84, rtt_lan_max=676, rtt_lan_min=2,same_area_frequency=0,adjacent_area_frequency=0]
09-23 11:28:41.252  1225  1416 E HwCHRWebMonitor: HwCHRWifiPacketCnt [mTXGood=15, mTXbad=0, mRXGood=4] rssi=-54
09-23 11:28:41.254  1225  1416 E HwCHRWebMonitor: running processName=com.yeapao.andorid
09-23 11:28:41.256  1225  1416 E HwCHRWebMonitor: HwCHRWifiUIDWebSpeed [appName=com.yeapao.andorid UID=10202  WEBSENDSEGS=0  WEBRESENDSEGS=0  WEBRECVSEGS=4  WEBERRSEGS=0  WEBOUTRSTS=0  WEBESTABLISRST=0  WEBRTTDURATION=0  WEBRTTSEGS=0  WEBSNDDUPACKS=0  suckTimes=0 recovage_times=0]
09-23 11:28:41.256  1225  1416 E HwCHRWebMonitor: item_uid= 10202 running_uid=10202 suckTime=0 mOnAppSuckTime=0 mFailReason=1
09-23 11:28:41.278  1225  1363 E WifiConfigManager: updateConfiguration freq=2462 BSSID=30:fc:68:d1:10:23 RSSI=-54 "yepao"WPA_PSK
09-23 11:28:41.763  1225  1225 I TrafficMonitor: expired arrive. level:-1
09-23 11:28:41.763  1225  1225 I TrafficMonitor: during_ms:2003,period_ms:2000
09-23 11:28:41.763  1225  1225 I TrafficMonitor: count:138,rx_sum:3,tx_sum:3,rxBytes:156,during_ms:2003,rx_speed:77.88317523714429,tx_speed:77.88317523714429,rto:1.0
09-23 11:28:42.563  1783  1870 I AppManager: no high cpu load
09-23 11:28:42.623 29432 29447 I AppLogManager: PrintWoker poll timeout , shutdown
09-23 11:28:42.770  1225  1225 I TrafficMonitor: update:rxPkts:0,txPkts:2,rxBytes:0,txBytes:120
09-23 11:28:42.770  1225  1225 I TrafficMonitor: start expired. level:-1
09-23 11:28:42.770  1225  1225 I TrafficMonitor: gettimer:interval=2000
09-23 11:28:44.297  1225  1363 E WifiConfigManager: updateConfiguration freq=2462 BSSID=30:fc:68:d1:10:23 RSSI=-55 "yepao"WPA_PSK
09-23 11:28:44.773  1225  1225 I TrafficMonitor: update:rxPkts:0,txPkts:0,rxBytes:0,txBytes:0
09-23 11:28:44.773  1225  1225 I TrafficMonitor: start expired. level:-1
09-23 11:28:44.773  1225  1225 I TrafficMonitor: gettimer:interval=2000
09-23 11:28:45.173  1225  1363 E WifiConfigManager: updateConfiguration freq=2462 BSSID=30:fc:68:d1:10:23 RSSI=-56 "yepao"WPA_PSK
09-23 11:28:45.179  1225  1225 I QosMonitor: queryRtt: rtt_type = 3
09-23 11:28:45.179  1225  1225 I WifiProJNI: ######### GET RTT:3 ########
09-23 11:28:45.180  1225  1426 I HuaweiWifiWatchdogStateMachine: spd good count:0, add sc:0.0, rate:1.0
09-23 11:28:45.180  1225  1424 I QosMonitor: postEventFromNative: msg=100,arg1=4,arg2=9
09-23 11:28:45.180  1225  1424 W WifiProJNI: poll before: g_monitor_fd =236
09-23 11:28:45.181  1225  1426 I HuaweiWifiWatchdogStateMachine: current mHighDataFlowRate = 1.0
09-23 11:28:45.181  1225  1426 I HuaweiWifiWatchdogStateMachine: POta txb txg rxg:0, 34, 0. Lr =0% Totpkt=34
09-23 11:28:45.182  1225  1225 I WifiProJNI: ######### CMD_QUERY_PKTS ########
09-23 11:28:45.182  1225  1424 I QosMonitor: postEventFromNative: msg=100,arg1=0,arg2=9
09-23 11:28:45.183  1225  1424 W WifiProJNI: poll before: g_monitor_fd =236
09-23 11:28:45.183  1225  1225 I MQoS    : rtt=480,tcp_tx_pkts=461473,tcp_rx_pkts=602231
09-23 11:28:45.184  1225  1426 I HuaweiWifiWatchdogStateMachine: PTcp RTT:0, rtt pkt=0, tcp_rx=4, tcp_tx=7, tcp_reTran=0, rtRate=0
09-23 11:28:45.185  1225  1426 I HuaweiWifiWatchdogStateMachine: rs ota tcp lr rttvb bad: false, false, false, false, false; rsth:-75
09-23 11:28:45.185  1225  1426 I HuaweiWifiWatchdogStateMachine:  pkt chk not bad, reset sc to 0.
09-23 11:28:45.190  1225  3524 I MQoS    : QOS_level:0(0),wifi-link;SIM error;use level-0
09-23 11:28:46.254  1225  1416 E HwCHRWebMonitor: WebMonitor [mNetWorkIsSuck=0 mUIDIsSuck=]  WebSpeed [WEBSENDSEGS=0  WEBRESENDSEGS=0  WEBRECVSEGS=0  WEBERRSEGS=0  WEBOUTRSTS=0  WEBESTABLISRST=0  WEBRTTDURATION=0  WEBRTTSEGS=0  WEBSRTT=480  WEBSNDDUPACKS=0  SENDSEGS=0  RESENDSEGS=0  RECVSEGS=0  ERRSEGS=0  OUTRSTS=0  ESTABLISRST=0  RTTDURATION=0  RTTSEGS=0  SNDDUPACKS=0  suckTimes=0 recovage_times=0]
09-23 11:28:46.255  1225  1416 E HwCHRWifiRSSIGroupSummery: updateTcpSummery mRSSI:-57  HwCHRWifiRSSIGroup [rssi_index=4, rtt_tcp_packets=822, rtt_tcp_duration=45863, rtt_lan_duration=3006, rtt_lan_failures=0, rtt_lan_succ=84, rtt_lan_max=676, rtt_lan_min=2,same_area_frequency=0,adjacent_area_frequency=0]
09-23 11:28:46.265  1225  1416 E HwCHRWebMonitor: HwCHRWifiPacketCnt [mTXGood=19, mTXbad=0, mRXGood=1] rssi=-57
09-23 11:28:46.267  1225  1416 E HwCHRWebMonitor: running processName=com.yeapao.andorid
09-23 11:28:46.283  1225  1416 E HwCHRWifiLinkMonitor: HwCHRWifiBcmIncrCounterLst [txbyte=694  txframe=9  txnoassoc=0  txphyerror=0  txctl=31  txfail=0  txphyerr=0  txfrmsnt=40  txnoack=19  txfrag=40  txnocts=1  txrts=13  txnobuf=0  txallfrm=88  txerror=0  txretrans=25  rxbyte=514  rxframe=7  rxbadfcs=167  rxbadplcp=120  rxmulti=3  rxfrag=156  rxctl=147  rxbadcm=0  rxnobuf=0  rxcrsglitch=24245  rxbadds=0  rxnondata=0  rxmulti=3  reset=0  rxdfrmocast=78  rxmfrmocast=235  rxdfrmucastmbss=4  rxmfrmucastmbss=0  rxbeaconmbss=147  rxdfmucastobss=0  rxbeaconobss=266  rxstrt=1797  rxcfrmocast=697  rxcfrmucast=53  rxdfrmmcast=13  rxmfrmmcast=418  rxcfrmmcast=0  ]
09-23 11:28:46.586  1446  2054 I bt_btm  : btm_gen_resolvable_private_addr
09-23 11:28:46.586  1446  2054 I bt_btm  : btm_gen_resolvable_private_addr
09-23 11:28:46.586  1446  2054 I bt_btm  : btm_gen_resolvable_private_addr
09-23 11:28:46.590  1446  2054 I bt_btm  : btm_gen_resolvable_private_addr
09-23 11:28:46.595  1446  2054 I bt_btm  : btm_gen_resolve_paddr_low
09-23 11:28:46.596  1446  2054 I bt_btm  : btm_gen_resolve_paddr_cmpl
09-23 11:28:46.596  1446  2054 I bt_btm  : btm_ble_multi_adv_gen_rpa_cmpl inst_id = 1
09-23 11:28:46.597  1446  2054 I bt_btm  : btm_ble_multi_adv_write_rpa-BD_ADDR:a8-96-53-10-cf-65,inst_id:1
09-23 11:28:46.597  1446  2054 I bt_btm  : BTM: BTM_VendorSpecificCommand: Opcode: 0xFD54, ParamLen: 8.
09-23 11:28:46.612  1446  2054 I bt_btm  : btm_gen_resolvable_private_addr
09-23 11:28:46.612  1446  2054 I bt_btm  : btm_ble_multi_adv_gen_rpa_cmpl inst_id = 2
09-23 11:28:46.612  1446  2054 I bt_btm  : btm_ble_multi_adv_write_rpa-BD_ADDR:be-19-dc-63-fe-4b,inst_id:2
09-23 11:28:46.612  1446  2054 I bt_btm  : BTM: BTM_VendorSpecificCommand: Opcode: 0xFD54, ParamLen: 8.
09-23 11:28:46.619  1446  2054 I bt_btm  : btm_ble_multi_adv_gen_rpa_cmpl inst_id = 3
09-23 11:28:46.619  1446  2054 I bt_btm  : btm_ble_multi_adv_write_rpa-BD_ADDR:7b-48-1d-d3-7d-6d,inst_id:3
09-23 11:28:46.619  1446  2054 I bt_btm  : BTM: BTM_VendorSpecificCommand: Opcode: 0xFD54, ParamLen: 8.
09-23 11:28:46.640  1446  2054 I bt_btm  : btm_ble_multi_adv_gen_rpa_cmpl inst_id = 4
09-23 11:28:46.640  1446  2054 I bt_btm  : btm_ble_multi_adv_write_rpa-BD_ADDR:3d-82-c7-cc-3a-41,inst_id:4
09-23 11:28:46.640  1446  2054 I bt_btm  : BTM: BTM_VendorSpecificCommand: Opcode: 0xFD54, ParamLen: 8.
09-23 11:28:46.776  1225  1225 I TrafficMonitor: update:rxPkts:0,txPkts:0,rxBytes:0,txBytes:0
09-23 11:28:46.776  1225  1225 I TrafficMonitor: start expired. level:-1
09-23 11:28:46.776  1225  1225 I TrafficMonitor: gettimer:interval=2000
09-23 11:28:47.313  1225  1363 E WifiConfigManager: updateConfiguration freq=2462 BSSID=30:fc:68:d1:10:23 RSSI=-55 "yepao"WPA_PSK
09-23 11:28:47.689   585   585 E Thermal-daemon: [charger_ic] temp_new :36  temp_old :37
09-23 11:28:47.689   585   585 E Thermal-daemon: Report temperature: [charger_ic] temp :36  report_threshold:1
09-23 11:28:47.771  1225  1225 I TrafficMonitor: expired arrive. level:-1
09-23 11:28:47.771  1225  1225 I TrafficMonitor: during_ms:2004,period_ms:2000
09-23 11:28:47.771  1225  1225 I TrafficMonitor: count:141,rx_sum:0,tx_sum:0,rxBytes:0,during_ms:2004,rx_speed:0.0,tx_speed:0.0,rto:0.0
09-23 11:28:48.779  1225  1225 I TrafficMonitor: update:rxPkts:2,txPkts:0,rxBytes:64,txBytes:0
09-23 11:28:48.779  1225  1225 I TrafficMonitor: start expired. level:-1
09-23 11:28:48.779  1225  1225 I TrafficMonitor: gettimer:interval=2000
09-23 11:28:50.328  1225  1363 E WifiConfigManager: updateConfiguration freq=2462 BSSID=30:fc:68:d1:10:23 RSSI=-56 "yepao"WPA_PSK
09-23 11:28:50.498  1225  1344 W AlarmManager: mIsScreenOn is: true, WAKEUP alarm trigger action = com.huawei.android.bastet.ACTION_SEND_HEARTBEAT package name is: android
09-23 11:28:50.510  2330  7978 W Ptm.AbnormalObserver: unhandled mesg: 4008
09-23 11:28:50.609  1225  2042 E HwBastetService: onProxyIndicateMessage: proxyId=0, err=-23, ext=0
09-23 11:28:50.609  1225  2042 E HwBastetService: onProxyIndicateMessage: proxyId=0, err=-22, ext=900000
09-23 11:28:50.658  5101  4543 I PushLog2824: [SocketRead_09:58:44-1931]received a msg cmdId:DB(android/null:-1)
09-23 11:28:50.667  5101  4543 I PushLog2824: [SocketRead_09:58:44-1931]broadcast(),and mReceivers  4(android/null:-1)
09-23 11:28:50.780  1225  1225 I TrafficMonitor: update:rxPkts:1,txPkts:4,rxBytes:71,txBytes:243
09-23 11:28:50.781  1225  1225 I TrafficMonitor: start expired. level:-1
09-23 11:28:50.781  1225  1225 I TrafficMonitor: gettimer:interval=2000
09-23 11:28:51.270  1225  1416 E HwCHRWebMonitor: WebMonitor [mNetWorkIsSuck=0 mUIDIsSuck=]  WebSpeed [WEBSENDSEGS=3  WEBRESENDSEGS=0  WEBRECVSEGS=1  WEBERRSEGS=0  WEBOUTRSTS=0  WEBESTABLISRST=0  WEBRTTDURATION=47  WEBRTTSEGS=1  WEBSRTT=400  WEBSNDDUPACKS=0  SENDSEGS=0  RESENDSEGS=0  RECVSEGS=0  ERRSEGS=0  OUTRSTS=0  ESTABLISRST=0  RTTDURATION=0  RTTSEGS=0  SNDDUPACKS=0  suckTimes=0 recovage_times=0]
09-23 11:28:51.271  1225  1416 E HwCHRWifiRSSIGroupSummery: updateTcpSummery mRSSI:-57  HwCHRWifiRSSIGroup [rssi_index=4, rtt_tcp_packets=823, rtt_tcp_duration=45910, rtt_lan_duration=3006, rtt_lan_failures=0, rtt_lan_succ=84, rtt_lan_max=676, rtt_lan_min=2,same_area_frequency=0,adjacent_area_frequency=0]
09-23 11:28:51.285  1225  1416 E HwCHRWebMonitor: HwCHRWifiPacketCnt [mTXGood=8, mTXbad=0, mRXGood=4] rssi=-57
09-23 11:28:51.290  1225  1416 E HwCHRWebMonitor: running processName=com.yeapao.andorid
09-23 11:28:51.291  1225  1416 E HwCHRWebMonitor: HwCHRWifiUIDWebSpeed [appName=unknown:1021 UID=1021  WEBSENDSEGS=1  WEBRESENDSEGS=0  WEBRECVSEGS=0  WEBERRSEGS=0  WEBOUTRSTS=0  WEBESTABLISRST=0  WEBRTTDURATION=0  WEBRTTSEGS=0  WEBSNDDUPACKS=0  suckTimes=0 recovage_times=0]
09-23 11:28:51.474  1225  1234 I art     : Background partial concurrent mark sweep GC freed 116102(6MB) AllocSpace objects, 33(8MB) LOS objects, 20% free, 63MB/79MB, paused 2.433ms total 190.556ms
09-23 11:28:51.932  1225  1245 I EventHub: EventHub monitor: no key events in the past 6310s, no motion events in the past 33s
09-23 11:28:52.693   585   585 E Thermal-daemon: [charger_ic] temp_new :37  temp_old :36
09-23 11:28:52.693   585   585 E Thermal-daemon: Report temperature: [charger_ic] temp :37  report_threshold:1
09-23 11:28:52.783  1225  1225 I TrafficMonitor: update:rxPkts:1,txPkts:1,rxBytes:145,txBytes:40
09-23 11:28:52.783  1225  1225 I TrafficMonitor: start expired. level:-1
09-23 11:28:52.783  1225  1225 I TrafficMonitor: gettimer:interval=2000
09-23 11:28:53.178  1225  1363 E WifiConfigManager: updateConfiguration freq=2462 BSSID=30:fc:68:d1:10:23 RSSI=-56 "yepao"WPA_PSK
09-23 11:28:53.189  1225  1225 I QosMonitor: queryRtt: rtt_type = 3
09-23 11:28:53.189  1225  1225 I WifiProJNI: ######### GET RTT:3 ########
09-23 11:28:53.190  1225  1424 I QosMonitor: postEventFromNative: msg=100,arg1=4,arg2=9
09-23 11:28:53.191  1225  1424 W WifiProJNI: poll before: g_monitor_fd =236
09-23 11:28:53.191  1225  1426 I HuaweiWifiWatchdogStateMachine: spd good count:0, add sc:0.0, rate:1.0
09-23 11:28:53.191  1225  1426 I HuaweiWifiWatchdogStateMachine: current mHighDataFlowRate = 1.0
09-23 11:28:53.192  1225  1426 I HuaweiWifiWatchdogStateMachine: POta txb txg rxg:0, 11, 0. Lr =0% Totpkt=11
09-23 11:28:53.192  1225  1225 I QosMonitor: resetRtt: rtt_type = 3
09-23 11:28:53.192  1225  1225 I WifiProJNI: ######### RESET RTT:3 ########
09-23 11:28:53.192  1225  1225 I WifiProJNI: ######### CMD_QUERY_PKTS ########
09-23 11:28:53.192  1225  1424 I QosMonitor: postEventFromNative: msg=100,arg1=0,arg2=9
09-23 11:28:53.193  1225  1424 W WifiProJNI: poll before: g_monitor_fd =236
09-23 11:28:53.193  1225  1225 I MQoS    : rtt=400,tcp_tx_pkts=461478,tcp_rx_pkts=602232
09-23 11:28:53.198  1225  1426 I HuaweiWifiWatchdogStateMachine: PTcp RTT:0, rtt pkt=0, tcp_rx=1, tcp_tx=5, tcp_reTran=0, rtRate=0
09-23 11:28:53.199  1225  1426 I HuaweiWifiWatchdogStateMachine: rs ota tcp lr rttvb bad: false, false, false, false, false; rsth:-75
09-23 11:28:53.199  1225  1426 I HuaweiWifiWatchdogStateMachine:  pkt chk not bad, reset sc to 0.
09-23 11:28:53.210  1225  3524 I MQoS    : QOS_level:0(0),wifi-link;SIM error;use level-0
09-23 11:28:53.341  1225  1363 E WifiConfigManager: updateConfiguration freq=2462 BSSID=30:fc:68:d1:10:23 RSSI=-56 "yepao"WPA_PSK
09-23 11:28:53.780  1225  1225 I TrafficMonitor: expired arrive. level:-1
09-23 11:28:53.780  1225  1225 I TrafficMonitor: during_ms:2003,period_ms:2000
09-23 11:28:53.780  1225  1225 I TrafficMonitor: count:144,rx_sum:1,tx_sum:1,rxBytes:145,during_ms:2003,rx_speed:72.39141288067897,tx_speed:19.9700449326011,rto:1.0
09-23 11:28:54.786  1225  1225 I TrafficMonitor: update:rxPkts:2,txPkts:1,rxBytes:118,txBytes:40
09-23 11:28:54.786  1225  1225 I TrafficMonitor: start expired. level:-1
09-23 11:28:54.786  1225  1225 I TrafficMonitor: gettimer:interval=2000
09-23 11:28:56.283  1225  1416 E HwCHRWebMonitor: WebMonitor [mNetWorkIsSuck=0 mUIDIsSuck=]  WebSpeed [WEBSENDSEGS=0  WEBRESENDSEGS=0  WEBRECVSEGS=1  WEBERRSEGS=0  WEBOUTRSTS=1  WEBESTABLISRST=1  WEBRTTDURATION=0  WEBRTTSEGS=0  WEBSRTT=400  WEBSNDDUPACKS=0  SENDSEGS=0  RESENDSEGS=0  RECVSEGS=0  ERRSEGS=0  OUTRSTS=0  ESTABLISRST=0  RTTDURATION=0  RTTSEGS=0  SNDDUPACKS=0  suckTimes=0 recovage_times=0]
09-23 11:28:56.283  1225  1416 E HwCHRWifiRSSIGroupSummery: updateTcpSummery mRSSI:-56  HwCHRWifiRSSIGroup [rssi_index=4, rtt_tcp_packets=823, rtt_tcp_duration=45910, rtt_lan_duration=3006, rtt_lan_failures=0, rtt_lan_succ=84, rtt_lan_max=676, rtt_lan_min=2,same_area_frequency=0,adjacent_area_frequency=0]
09-23 11:28:56.292  1225  1416 E HwCHRWebMonitor: HwCHRWifiPacketCnt [mTXGood=9, mTXbad=0, mRXGood=3] rssi=-56
09-23 11:28:56.295  1225  1416 E HwCHRWebMonitor: running processName=com.yeapao.andorid
09-23 11:28:56.350  1225  1363 E WifiConfigManager: updateConfiguration freq=2462 BSSID=30:fc:68:d1:10:23 RSSI=-56 "yepao"WPA_PSK
09-23 11:28:56.790  1225  1225 I TrafficMonitor: update:rxPkts:0,txPkts:0,rxBytes:0,txBytes:0
09-23 11:28:56.790  1225  1225 I TrafficMonitor: start expired. level:-1
09-23 11:28:56.790  1225  1225 I TrafficMonitor: gettimer:interval=2000
09-23 11:28:57.696   585   585 E Thermal-daemon: [pa_0] temp_new :35  temp_old :36
09-23 11:28:57.697   585   585 E Thermal-daemon: Report temperature: [pa_0] temp :35  report_threshold:1
09-23 11:28:57.697   585   585 E Thermal-daemon: [charger_ic] temp_new :36  temp_old :37
09-23 11:28:57.697   585   585 E Thermal-daemon: Report temperature: [charger_ic] temp :36  report_threshold:1
09-23 11:28:57.699   585   585 E Thermal-daemon: [ap] temp_new :37  temp_old :38
09-23 11:28:57.700   585   585 E Thermal-daemon: Report temperature: [ap] temp :37  report_threshold:1
09-23 11:28:58.793  1225  1225 I TrafficMonitor: update:rxPkts:0,txPkts:0,rxBytes:0,txBytes:0
09-23 11:28:58.793  1225  1225 I TrafficMonitor: start expired. level:-1
09-23 11:28:58.793  1225  1225 I TrafficMonitor: gettimer:interval=2000
09-23 11:28:59.365  1225  1363 E WifiConfigManager: updateConfiguration freq=2462 BSSID=30:fc:68:d1:10:23 RSSI=-55 "yepao"WPA_PSK
09-23 11:28:59.786  1225  1225 I TrafficMonitor: expired arrive. level:-1
09-23 11:28:59.786  1225  1225 I TrafficMonitor: during_ms:2004,period_ms:2000
09-23 11:28:59.786  1225  1225 I TrafficMonitor: count:147,rx_sum:0,tx_sum:0,rxBytes:0,during_ms:2004,rx_speed:0.0,tx_speed:0.0,rto:0.0
09-23 11:29:00.028  1474  1474 W HwKeyguardDragHelper: AnimationBlocked
09-23 11:29:00.035  1474  1474 I EventCenter: EventCenter Get :android.intent.action.TIME_TICK
09-23 11:29:00.045  1474  1474 W ResourceType: Failure getting entry for 0xffffffff (t=254 e=65535) (error -2147483647)
09-23 11:29:00.046  1474  1474 W ResourceType: Failure getting entry for 0xffffffff (t=254 e=65535) (error -2147483647)
09-23 11:29:00.047  1474  1474 E DateLunarView: mDateString is: 9月23日星期六  秋分
09-23 11:29:00.049  1474  1474 W ResourceType: Failure getting entry for 0xffffffff (t=254 e=65535) (error -2147483647)
09-23 11:29:00.050  1474  1474 W ResourceType: Failure getting entry for 0xffffffff (t=254 e=65535) (error -2147483647)
09-23 11:29:00.050  1474  1474 E DateLunarView: mDateString is: 9月23日星期六  秋分
09-23 11:29:00.062 12033 12033 I HwLauncher: Model  onReceive intent=Intent { act=android.intent.action.TIME_TICK flg=0x50000014 (has extras) }
09-23 11:29:00.062 12033 12033 I HwLauncher: Model  onReceive user=UserHandle{0}
09-23 11:29:00.074 12033 12033 I TotemWeather: WeatherDataObserver info:receive action = #Intent;action=android.intent.action.TIME_TICK;launchFlags=0x50000014;i.android.intent.extra.ALARM_COUNT=1;end
09-23 11:29:00.089  4073 16276 I Step_LSC: 30003302|processHandleBroadcastAction action:android.intent.action.TIME_TICK
09-23 11:29:00.119  1474  1474 W ExpandableNotificationRow: setActionsBackground,null == view,mPublicLayout
09-23 11:29:00.119  1474  1474 W ExpandableNotificationRow: setActionsBackground,null == view,mPrivateLayout
09-23 11:29:00.121  1474  1474 W ExpandableNotificationRow: setActionsBackground,null == view,mPublicLayout
09-23 11:29:00.121  1474  1474 W ExpandableNotificationRow: setActionsBackground,null == view,mPrivateLayout
09-23 11:29:00.122  1474  1474 W ExpandableNotificationRow: setActionsBackground,null == view,mPublicLayout
09-23 11:29:00.122  1474  1474 W ExpandableNotificationRow: setActionsBackground,null == view,mPrivateLayout
09-23 11:29:00.125 12033 12033 I TotemWeather: DateTimeView info:onTimeChanged
09-23 11:29:00.125 12033 12033 I TotemWeather: DateTimeView info:updateNextData nextTime: 0
09-23 11:29:00.125 12033 12033 I TotemWeather: DateTimeView info:onTimeChanged
09-23 11:29:00.125 12033 12033 I TotemWeather: DateTimeView info:updateNextData nextTime: 0
09-23 11:29:00.129  1474  1474 W ExpandableNotificationRow: setActionsBackground,null == view,mPublicLayout
09-23 11:29:00.129  1474  1474 W ExpandableNotificationRow: setActionsBackground,null == view,mPrivateLayout
09-23 11:29:00.130  1474  1474 W ExpandableNotificationRow: setActionsBackground,null == view,mPublicLayout
09-23 11:29:00.130  1474  1474 W ExpandableNotificationRow: setActionsBackground,null == view,mPrivateLayout
09-23 11:29:00.132  1474  1474 W ExpandableNotificationRow: setActionsBackground,null == view,mPublicLayout
09-23 11:29:00.132  1474  1474 W ExpandableNotificationRow: setActionsBackground,null == view,mPrivateLayout
09-23 11:29:00.133 12033 12033 I TotemWeather: DateTimeView info:,Time =11:29,[:] timezone=中国标准时间
09-23 11:29:00.133  1474  1474 W ExpandableNotificationRow: setActionsBackground,null == view,mPublicLayout
09-23 11:29:00.133  1474  1474 W ExpandableNotificationRow: setActionsBackground,null == view,mPrivateLayout
09-23 11:29:00.134  1474  1474 W ExpandableNotificationRow: setActionsBackground,null == view,mPublicLayout
09-23 11:29:00.134  1474  1474 W ExpandableNotificationRow: setActionsBackground,null == view,mPrivateLayout
09-23 11:29:00.134  1474  1474 W ExpandableNotificationRow: setActionsBackground,null == view,mPublicLayout
09-23 11:29:00.134  1474  1474 W ExpandableNotificationRow: setActionsBackground,null == view,mPrivateLayout
09-23 11:29:00.135  1474  1474 W ExpandableNotificationRow: setActionsBackground,null == view,mPublicLayout
09-23 11:29:00.135  1474  1474 W ExpandableNotificationRow: setActionsBackground,null == view,mPrivateLayout
09-23 11:29:00.136  1474  1474 W ExpandableNotificationRow: setActionsBackground,null == view,mPublicLayout
09-23 11:29:00.137  1474  1474 W ExpandableNotificationRow: setActionsBackground,null == view,mPrivateLayout
09-23 11:29:00.137  1474  1474 W ExpandableNotificationRow: setActionsBackground,null == view,mPublicLayout
09-23 11:29:00.138  1474  1474 W ExpandableNotificationRow: setActionsBackground,null == view,mPrivateLayout
09-23 11:29:00.139  1474  1474 W ExpandableNotificationRow: setActionsBackground,null == view,mPublicLayout
09-23 11:29:00.139  1474  1474 W ExpandableNotificationRow: setActionsBackground,null == view,mPrivateLayout
09-23 11:29:00.140  1474  1474 W ExpandableNotificationRow: setActionsBackground,null == view,mPublicLayout
09-23 11:29:00.140  1474  1474 W ExpandableNotificationRow: setActionsBackground,null == view,mPrivateLayout
09-23 11:29:00.142  1474  1474 W ExpandableNotificationRow: setActionsBackground,null == view,mPublicLayout
09-23 11:29:00.142  1474  1474 W ExpandableNotificationRow: setActionsBackground,null == view,mPrivateLayout
09-23 11:29:00.143  1474  1474 W ExpandableNotificationRow: setActionsBackground,null == view,mPublicLayout
09-23 11:29:00.143  1474  1474 W ExpandableNotificationRow: setActionsBackground,null == view,mPrivateLayout
09-23 11:29:00.144  1474  1474 W ExpandableNotificationRow: setActionsBackground,null == view,mPublicLayout
09-23 11:29:00.144  1474  1474 W ExpandableNotificationRow: setActionsBackground,null == view,mPrivateLayout
09-23 11:29:00.145  1474  1474 W ExpandableNotificationRow: setActionsBackground,null == view,mPublicLayout
09-23 11:29:00.145  1474  1474 W ExpandableNotificationRow: setActionsBackground,null == view,mPrivateLayout
09-23 11:29:00.146  1474  1474 W ExpandableNotificationRow: setActionsBackground,null == view,mPublicLayout
09-23 11:29:00.146  1474  1474 W ExpandableNotificationRow: setActionsBackground,null == view,mPrivateLayout
09-23 11:29:00.147  1474  1474 W ExpandableNotificationRow: setActionsBackground,null == view,mPublicLayout
09-23 11:29:00.147  1474  1474 W ExpandableNotificationRow: setActionsBackground,null == view,mPrivateLayout
09-23 11:29:00.148 12033 12033 I TotemWeather: DateTimeView info:updateNextData nextTime: 60853
09-23 11:29:00.149  1474  1474 W ExpandableNotificationRow: setActionsBackground,null == view,mPublicLayout
09-23 11:29:00.149  1474  1474 W ExpandableNotificationRow: setActionsBackground,null == view,mPrivateLayout
09-23 11:29:00.149  1474  1474 W ExpandableNotificationRow: setActionsBackground,null == view,mPublicLayout
09-23 11:29:00.149  1474  1474 W ExpandableNotificationRow: setActionsBackground,null == view,mPrivateLayout
09-23 11:29:00.150  1474  1474 W ExpandableNotificationRow: setActionsBackground,null == view,mPublicLayout
09-23 11:29:00.150  1474  1474 W ExpandableNotificationRow: setActionsBackground,null == view,mPrivateLayout
09-23 11:29:00.151  1474  1474 W ExpandableNotificationRow: setActionsBackground,null == view,mPublicLayout
09-23 11:29:00.151  1474  1474 W ExpandableNotificationRow: setActionsBackground,null == view,mPrivateLayout
09-23 11:29:00.151  1474  1474 W ExpandableNotificationRow: setActionsBackground,null == view,mPublicLayout
09-23 11:29:00.151  1474  1474 W ExpandableNotificationRow: setActionsBackground,null == view,mPrivateLayout
09-23 11:29:00.151  1474  1474 W HwKeyguardDragHelper: AnimationBlocked
09-23 11:29:00.796  1225  1225 I TrafficMonitor: update:rxPkts:0,txPkts:0,rxBytes:0,txBytes:0
09-23 11:29:00.796  1225  1225 I TrafficMonitor: start expired. level:-1
09-23 11:29:00.796  1225  1225 I TrafficMonitor: gettimer:interval=2000
09-23 11:29:01.177  1225  1363 E WifiConfigManager: updateConfiguration freq=2462 BSSID=30:fc:68:d1:10:23 RSSI=-53 "yepao"WPA_PSK
09-23 11:29:01.184  1225  1225 I QosMonitor: queryRtt: rtt_type = 3
09-23 11:29:01.184  1225  1225 I WifiProJNI: ######### GET RTT:3 ########
09-23 11:29:01.184  1225  1426 I HuaweiWifiWatchdogStateMachine: spd good count:0, add sc:0.0, rate:1.0
09-23 11:29:01.184  1225  1426 I HuaweiWifiWatchdogStateMachine: current mHighDataFlowRate = 1.0
09-23 11:29:01.184  1225  1426 I HuaweiWifiWatchdogStateMachine: POta txb txg rxg:0, 6, 0. Lr =0% Totpkt=6
09-23 11:29:01.184  1225  1424 I QosMonitor: postEventFromNative: msg=100,arg1=4,arg2=9
09-23 11:29:01.184  1225  1424 W WifiProJNI: poll before: g_monitor_fd =236
09-23 11:29:01.185  1225  1225 I WifiProJNI: ######### CMD_QUERY_PKTS ########
09-23 11:29:01.185  1225  1424 I QosMonitor: postEventFromNative: msg=100,arg1=0,arg2=9
09-23 11:29:01.185  1225  1424 W WifiProJNI: poll before: g_monitor_fd =236
09-23 11:29:01.186  1225  1225 I MQoS    : rtt=400,tcp_tx_pkts=461479,tcp_rx_pkts=602233
09-23 11:29:01.187  1225  1426 I HuaweiWifiWatchdogStateMachine: PTcp RTT:0, rtt pkt=0, tcp_rx=1, tcp_tx=1, tcp_reTran=0, rtRate=0
09-23 11:29:01.188  1225  1426 I HuaweiWifiWatchdogStateMachine: rs ota tcp lr rttvb bad: false, false, false, false, false; rsth:-75
09-23 11:29:01.188  1225  1426 I HuaweiWifiWatchdogStateMachine:  pkt chk not bad, reset sc to 0.
09-23 11:29:01.197  1225  3524 I MQoS    : QOS_level:0(0),wifi-link;SIM error;use level-0
09-23 11:29:01.197  1225  3524 I MQoS    : skip-low-Level:0(0),wifi-link;SIM error;use level-0
09-23 11:29:01.521  2495  4561 I VRService: no vr mode
09-23 11:29:01.521  1474  1474 W KeyguardUpdateMonitor: ACTION_BATTERY_CHANGED AMP: 0; Volt: 0
09-23 11:29:01.525 15623 16115 E CloudAlbum[8.0.1.304]: [ReceiverManager] not log on ignore
09-23 11:29:01.529  2330  2330 I Ptm.AbnormalObserver: current battery level value: 100
09-23 11:29:01.531  2330  2330 W Ptm.AbnormalObserver: ljs, in checkIsAbnormalHot, Ap_temp = 37
09-23 11:29:01.555  1474  1474 W KeyguardUpdateMonitor: ChargingSpeed  Wattage: -1 ST: 5000000 --> 7500000
09-23 11:29:01.555  1474  1474 I KgBattery: BatteryInfo updated:  5lPC-1
09-23 11:29:01.555  1474  1474 W AppHandler: sendMessage with obj100
09-23 11:29:01.564  1474  1474 W HwLockScreenPanel: refreshBatteryInfo: null
09-23 11:29:01.564  1474  1474 W HwLockScreenPanel: Handle message: 100
09-23 11:29:01.716 16133 16147 I AppLogManager: PrintWoker poll timeout , shutdown
09-23 11:29:02.252  1225  1416 E HwCHRWifiRSSIGroupSummery: updatArpSummery mRSSI:-53  HwCHRWifiRSSIGroup [rssi_index=4, rtt_tcp_packets=823, rtt_tcp_duration=45910, rtt_lan_duration=3014, rtt_lan_failures=0, rtt_lan_succ=85, rtt_lan_max=676, rtt_lan_min=2,same_area_frequency=0,adjacent_area_frequency=0]
09-23 11:29:02.285  1225  1416 E HwCHRWebMonitor: WebMonitor [mNetWorkIsSuck=0 mUIDIsSuck=]  WebSpeed [WEBSENDSEGS=0  WEBRESENDSEGS=0  WEBRECVSEGS=0  WEBERRSEGS=0  WEBOUTRSTS=0  WEBESTABLISRST=0  WEBRTTDURATION=0  WEBRTTSEGS=0  WEBSRTT=400  WEBSNDDUPACKS=0  SENDSEGS=0  RESENDSEGS=0  RECVSEGS=0  ERRSEGS=0  OUTRSTS=0  ESTABLISRST=0  RTTDURATION=0  RTTSEGS=0  SNDDUPACKS=0  suckTimes=0 recovage_times=0]
09-23 11:29:02.285  1225  1416 E HwCHRWifiRSSIGroupSummery: updateTcpSummery mRSSI:-53  HwCHRWifiRSSIGroup [rssi_index=4, rtt_tcp_packets=823, rtt_tcp_duration=45910, rtt_lan_duration=3014, rtt_lan_failures=0, rtt_lan_succ=85, rtt_lan_max=676, rtt_lan_min=2,same_area_frequency=0,adjacent_area_frequency=0]
09-23 11:29:02.295  1225  1416 E HwCHRWebMonitor: HwCHRWifiPacketCnt [mTXGood=3, mTXbad=0, mRXGood=1] rssi=-53
09-23 11:29:02.298  1225  1416 E HwCHRWebMonitor: running processName=com.yeapao.andorid
09-23 11:29:02.316  1225  1416 E HwCHRWifiLinkMonitor: HwCHRWifiBcmIncrCounterLst [txbyte=555  txframe=8  txnoassoc=0  txphyerror=0  txctl=12  txfail=0  txphyerr=0  txfrmsnt=20  txnoack=8  txfrag=20  txnocts=3  txrts=10  txnobuf=0  txallfrm=53  txerror=0  txretrans=10  rxbyte=580  rxframe=8  rxbadfcs=53  rxbadplcp=45  rxmulti=4  rxfrag=187  rxctl=148  rxbadcm=0  rxnobuf=0  rxcrsglitch=13798  rxbadds=0  rxnondata=0  rxmulti=4  reset=0  rxdfrmocast=26  rxmfrmocast=75  rxdfrmucastmbss=4  rxmfrmucastmbss=0  rxbeaconmbss=148  rxdfmucastobss=0  rxbeaconobss=133  rxstrt=1566  rxcfrmocast=712  rxcfrmucast=30  rxdfrmmcast=41  rxmfrmmcast=286  rxcfrmmcast=0  ]
09-23 11:29:02.381  1225  1363 E WifiConfigManager: updateConfiguration freq=2462 BSSID=30:fc:68:d1:10:23 RSSI=-52 "yepao"WPA_PSK
09-23 11:29:02.700   585   585 E Thermal-daemon: [battery] temp_new :34  temp_old :35
09-23 11:29:02.701   585   585 E Thermal-daemon: Report temperature: [battery] temp :34  report_threshold:1
09-23 11:29:02.703   585   585 E Thermal-daemon: [flash_led] temp_new :35  temp_old :36
09-23 11:29:02.704   585   585 E Thermal-daemon: Report temperature: [flash_led] temp :35  report_threshold:1
09-23 11:29:02.798  1225  1225 I TrafficMonitor: update:rxPkts:0,txPkts:0,rxBytes:0,txBytes:0
09-23 11:29:02.798  1225  1225 I TrafficMonitor: start expired. level:-1
09-23 11:29:02.798  1225  1225 I TrafficMonitor: gettimer:interval=2000
09-23 11:29:04.801  1225  1225 I TrafficMonitor: update:rxPkts:0,txPkts:1,rxBytes:0,txBytes:60
09-23 11:29:04.801  1225  1225 I TrafficMonitor: start expired. level:-1
09-23 11:29:04.801  1225  1225 I TrafficMonitor: gettimer:interval=2000
09-23 11:29:05.397  1225  1363 E WifiConfigManager: updateConfiguration freq=2462 BSSID=30:fc:68:d1:10:23 RSSI=-52 "yepao"WPA_PSK
09-23 11:29:05.796  1225  1225 I TrafficMonitor: expired arrive. level:-1
09-23 11:29:05.797  1225  1225 I TrafficMonitor: during_ms:2003,period_ms:2000
09-23 11:29:05.797  1225  1225 I TrafficMonitor: count:150,rx_sum:0,tx_sum:1,rxBytes:0,during_ms:2003,rx_speed:0.0,tx_speed:29.955067398901647,rto:0.0
09-23 11:29:05.849  4073  4218 I LogUtil_LogConfig: getLogFile(): logFilePath = /data/data/com.huawei.health/files/com.huawei.health/com.huawei.health_DaemonService/
09-23 11:29:06.804  1225  1225 I TrafficMonitor: update:rxPkts:0,txPkts:1,rxBytes:0,txBytes:60
09-23 11:29:06.804  1225  1225 I TrafficMonitor: start expired. level:-1
09-23 11:29:06.804  1225  1225 I TrafficMonitor: gettimer:interval=2000
09-23 11:29:07.294  1225  1416 E HwCHRWebMonitor: WebMonitor [mNetWorkIsSuck=0 mUIDIsSuck=]  WebSpeed [WEBSENDSEGS=0  WEBRESENDSEGS=0  WEBRECVSEGS=0  WEBERRSEGS=0  WEBOUTRSTS=0  WEBESTABLISRST=0  WEBRTTDURATION=0  WEBRTTSEGS=0  WEBSRTT=400  WEBSNDDUPACKS=0  SENDSEGS=0  RESENDSEGS=0  RECVSEGS=0  ERRSEGS=0  OUTRSTS=0  ESTABLISRST=0  RTTDURATION=0  RTTSEGS=0  SNDDUPACKS=0  suckTimes=0 recovage_times=0]
09-23 11:29:07.294  1225  1416 E HwCHRWifiRSSIGroupSummery: updateTcpSummery mRSSI:-53  HwCHRWifiRSSIGroup [rssi_index=4, rtt_tcp_packets=823, rtt_tcp_duration=45910, rtt_lan_duration=3014, rtt_lan_failures=0, rtt_lan_succ=85, rtt_lan_max=676, rtt_lan_min=2,same_area_frequency=0,adjacent_area_frequency=0]
09-23 11:29:07.302  1225  1416 E HwCHRWebMonitor: HwCHRWifiPacketCnt [mTXGood=6, mTXbad=0, mRXGood=3] rssi=-53
09-23 11:29:07.303  1225  1416 E HwCHRWebMonitor: running processName=com.yeapao.andorid
09-23 11:29:08.413  1225  1363 E WifiConfigManager: updateConfiguration freq=2462 BSSID=30:fc:68:d1:10:23 RSSI=-53 "yepao"WPA_PSK
09-23 11:29:08.807  1225  1225 I TrafficMonitor: update:rxPkts:0,txPkts:1,rxBytes:0,txBytes:60
09-23 11:29:08.807  1225  1225 I TrafficMonitor: start expired. level:-1
09-23 11:29:08.807  1225  1225 I TrafficMonitor: gettimer:interval=2000
09-23 11:29:09.189  1225  1363 E WifiConfigManager: updateConfiguration freq=2462 BSSID=30:fc:68:d1:10:23 RSSI=-53 "yepao"WPA_PSK
09-23 11:29:09.199  1225  1225 I QosMonitor: queryRtt: rtt_type = 3
09-23 11:29:09.199  1225  1225 I WifiProJNI: ######### GET RTT:3 ########
09-23 11:29:09.200  1225  1426 I HuaweiWifiWatchdogStateMachine: spd good count:0, add sc:0.0, rate:1.0
09-23 11:29:09.200  1225  1426 I HuaweiWifiWatchdogStateMachine: current mHighDataFlowRate = 1.0
09-23 11:29:09.200  1225  1426 I HuaweiWifiWatchdogStateMachine: POta txb txg rxg:0, 12, 0. Lr =0% Totpkt=12
