09-23 11:30:04.419  1225  1416 E HwCHRWifiRSSIGroupSummery: updateTcpSummery mRSSI:-52  HwCHRWifiRSSIGroup [rssi_index=4, rtt_tcp_packets=832, rtt_tcp_duration=46315, rtt_lan_duration=3068, rtt_lan_failures=0, rtt_lan_succ=87, rtt_lan_max=676, rtt_lan_min=2,same_area_frequency=0,adjacent_area_frequency=0]
09-23 11:30:04.426  1225  1416 E HwCHRWebMonitor: HwCHRWifiPacketCnt [mTXGood=82, mTXbad=0, mRXGood=42] rssi=-52
09-23 11:30:04.426  1225  1416 E HwCHRWebMonitor: Good NetWork Traffic , so mOnAppSuckTime, mUnModifyCount reset 0
09-23 11:30:04.564 29669 29669 E AAModelFactory: ok
09-23 11:30:04.676  1783  1870 I ScenarioAction: new ScenarioAction sPoolSize: 0
09-23 11:30:04.696  2425  3440 E Auth    : [GoogleAccountDataServiceImpl] getToken() -> NETWORK_ERROR. Account: <ELLIDED:718006122>, App: com.google.android.gms, Service: oauth2:https://www.googleapis.com/auth/contextcontroller
09-23 11:30:04.696  2425  3440 E Auth    : edx: Error when calling server.
09-23 11:30:04.696  2425  3440 E Auth    : 	at edy.b(:com.google.android.gms@11509448:143)
09-23 11:30:04.696  2425  3440 E Auth    : 	at edy.a(:com.google.android.gms@11509448:50)
09-23 11:30:04.696  2425  3440 E Auth    : 	at ecl.a(:com.google.android.gms@11509448:50)
09-23 11:30:04.696  2425  3440 E Auth    : 	at flk.a(:com.google.android.gms@11509448:8)
09-23 11:30:04.696  2425  3440 E Auth    : 	at flk.a(:com.google.android.gms@11509448:4)
09-23 11:30:04.696  2425  3440 E Auth    : 	at fkj.a(:com.google.android.gms@11509448:2)
09-23 11:30:04.696  2425  3440 E Auth    : 	at fkh.a(:com.google.android.gms@11509448:17)
09-23 11:30:04.696  2425  3440 E Auth    : 	at fkh.a(:com.google.android.gms@11509448:6)
09-23 11:30:04.696  2425  3440 E Auth    : 	at bsr.a(:com.google.android.gms@11509448:203)
09-23 11:30:04.696  2425  3440 E Auth    : 	at bsr.a(:com.google.android.gms@11509448:61)
09-23 11:30:04.696  2425  3440 E Auth    : 	at dzj.a(:com.google.android.gms@11509448:6)
09-23 11:30:04.696  2425  3440 E Auth    : 	at dzi.a(:com.google.android.gms@11509448:2)
09-23 11:30:04.696  2425  3440 E Auth    : 	at dzi.e(:com.google.android.gms@11509448:6)
09-23 11:30:04.696  2425  3440 E Auth    : 	at dzi.d(:com.google.android.gms@11509448:1)
09-23 11:30:04.696  2425  3440 E Auth    : 	at dzg.b(:com.google.android.gms@11509448:1)
09-23 11:30:04.696  2425  3440 E Auth    : 	at mhp.a(:com.google.android.gms@11509448:1)
09-23 11:30:04.696  2425  3440 E Auth    : 	at mgg.a(:com.google.android.gms@11509448:3)
09-23 11:30:04.696  2425  3440 E Auth    : 	at ciz.a(:com.google.android.gms@11509448:31)
09-23 11:30:04.696  2425  3440 E Auth    : 	at cei.run(:com.google.android.gms@11509448:2)
09-23 11:30:04.696  2425  3440 E Auth    : 	at ceg.handleMessage(:com.google.android.gms@11509448:3)
09-23 11:30:04.696  2425  3440 E Auth    : 	at mme.run(:com.google.android.gms@11509448:6)
09-23 11:30:04.696  2425  3440 E Auth    : 	at mmo.run(:com.google.android.gms@11509448:25)
09-23 11:30:04.696  2425  3440 E Auth    : 	at java.util.concurrent.ThreadPoolExecutor.runWorker(ThreadPoolExecutor.java:1133)
09-23 11:30:04.696  2425  3440 E Auth    : 	at java.util.concurrent.ThreadPoolExecutor$Worker.run(ThreadPoolExecutor.java:607)
09-23 11:30:04.696  2425  3440 E Auth    : 	at mrv.run(:com.google.android.gms@11509448)
09-23 11:30:04.696  2425  3440 E Auth    : 	at java.lang.Thread.run(Thread.java:776)
09-23 11:30:04.696  2425  3440 E Auth    : Caused by: java.net.SocketTimeoutException: connect timed out
09-23 11:30:04.696  2425  3440 E Auth    : 	at java.net.PlainSocketImpl.socketConnect(Native Method)
09-23 11:30:04.696  2425  3440 E Auth    : 	at java.net.AbstractPlainSocketImpl.doConnect(AbstractPlainSocketImpl.java:334)
09-23 11:30:04.696  2425  3440 E Auth    : 	at java.net.AbstractPlainSocketImpl.connectToAddress(AbstractPlainSocketImpl.java:196)
09-23 11:30:04.696  2425  3440 E Auth    : 	at java.net.AbstractPlainSocketImpl.connect(AbstractPlainSocketImpl.java:178)
09-23 11:30:04.696  2425  3440 E Auth    : 	at java.net.SocksSocketImpl.connect(SocksSocketImpl.java:356)
09-23 11:30:04.696  2425  3440 E Auth    : 	at java.net.Socket.connect(Socket.java:592)
09-23 11:30:04.696  2425  3440 E Auth    : 	at com.android.okhttp.internal.Platform.connectSocket(Platform.java:113)
09-23 11:30:04.696  2425  3440 E Auth    : 	at com.android.okhttp.Connection.connectSocket(Connection.java:196)
09-23 11:30:04.696  2425  3440 E Auth    : 	at com.android.okhttp.Connection.connect(Connection.java:172)
09-23 11:30:04.696  2425  3440 E Auth    : 	at com.android.okhttp.Connection.connectAndSetOwner(Connection.java:367)
09-23 11:30:04.696  2425  3440 E Auth    : 	at com.android.okhttp.OkHttpClient$1.connectAndSetOwner(OkHttpClient.java:130)
09-23 11:30:04.696  2425  3440 E Auth    : 	at com.android.okhttp.internal.http.HttpEngine.connect(HttpEngine.java:329)
09-23 11:30:04.696  2425  3440 E Auth    : 	at com.android.okhttp.internal.http.HttpEngine.sendRequest(HttpEngine.java:246)
09-23 11:30:04.696  2425  3440 E Auth    : 	at com.android.okhttp.internal.huc.HttpURLConnectionImpl.execute(HttpURLConnectionImpl.java:457)
09-23 11:30:04.696  2425  3440 E Auth    : 	at com.android.okhttp.internal.huc.HttpURLConnectionImpl.connect(HttpURLConnectionImpl.java:126)
09-23 11:30:04.696  2425  3440 E Auth    : 	at com.android.okhttp.internal.huc.HttpURLConnectionImpl.getOutputStream(HttpURLConnectionImpl.java:257)
09-23 11:30:04.696  2425  3440 E Auth    : 	at com.android.okhttp.internal.huc.DelegatingHttpsURLConnection.getOutputStream(DelegatingHttpsURLConnection.java:218)
09-23 11:30:04.696  2425  3440 E Auth    : 	at com.android.okhttp.internal.huc.HttpsURLConnectionImpl.getOutputStream(HttpsURLConnectionImpl.java)
09-23 11:30:04.696  2425  3440 E Auth    : 	at tqb.a(:com.google.android.gms@11509448:50)
09-23 11:30:04.696  2425  3440 E Auth    : 	at tqb.a(:com.google.android.gms@11509448:76)
09-23 11:30:04.696  2425  3440 E Auth    : 	at fro.a(:com.google.android.gms@11509448:8)
09-23 11:30:04.696  2425  3440 E Auth    : 	at fro.a(:com.google.android.gms@11509448:3)
09-23 11:30:04.696  2425  3440 E Auth    : 	at edy.b(:com.google.android.gms@11509448:140)
09-23 11:30:04.696  2425  3440 E Auth    : 	... 25 more
09-23 11:30:04.697  2425  3440 W Auth    : [GetToken] GetToken failed with status code: NetworkError
09-23 11:30:04.698  2425  3440 W AuthSessionAuthenticato: Auth related exception is being ignored: NetworkError
09-23 11:30:04.717  2425  3440 E ctxmgr  : [BaseServerTask]Server task (ReadFootprintsContextTask) got error statusCode=-1.
09-23 11:30:04.717  2425  3440 E ctxmgr  : com.android.volley.VolleyError: Unable to obtain auth token - is the device online?
09-23 11:30:04.717  2425  3440 E ctxmgr  : 	at ciz.a(:com.google.android.gms@11509448:39)
09-23 11:30:04.717  2425  3440 E ctxmgr  : 	at cei.run(:com.google.android.gms@11509448:2)
09-23 11:30:04.717  2425  3440 E ctxmgr  : 	at ceg.handleMessage(:com.google.android.gms@11509448:3)
09-23 11:30:04.717  2425  3440 E ctxmgr  : 	at mme.run(:com.google.android.gms@11509448:6)
09-23 11:30:04.717  2425  3440 E ctxmgr  : 	at mmo.run(:com.google.android.gms@11509448:25)
09-23 11:30:04.717  2425  3440 E ctxmgr  : 	at java.util.concurrent.ThreadPoolExecutor.runWorker(ThreadPoolExecutor.java:1133)
09-23 11:30:04.717  2425  3440 E ctxmgr  : 	at java.util.concurrent.ThreadPoolExecutor$Worker.run(ThreadPoolExecutor.java:607)
09-23 11:30:04.717  2425  3440 E ctxmgr  : 	at mrv.run(:com.google.android.gms@11509448)
09-23 11:30:04.717  2425  3440 E ctxmgr  : 	at java.lang.Thread.run(Thread.java:776)
09-23 11:30:04.725  2425  3440 W ctxmgr  : [WorkManager]Long workInfo: pkg=com.google.android.gms, lbl=DailyCheckinOperation, start=2017-09-23 11:27:03.336+0800, stop=2017-09-23 11:30:04.725+0800, durtn=181389ms
09-23 11:30:04.729  2425  3440 E ctxmgr  : [NetworkUtil]No active synchronizable contexts.
09-23 11:30:04.734  2425  3440 E ctxmgr  : [AccountAclCallback]Failed Acl fetch: network status=-1
09-23 11:30:04.735  2425  3440 W ctxmgr  : [EventHandler]wakelock likely timed-out!
09-23 11:30:04.751  2425  3440 W ctxmgr  : [EventHandler]wakelock likely timed-out!
09-23 11:30:04.757  2425  3440 W ctxmgr  : [EventHandler]wakelock likely timed-out!
09-23 11:30:04.757  2425  3440 E ctxmgr  : [DailyCheckinOperation]Failed daily footprints read operation: network status=-1
09-23 11:30:04.757  2425  3440 W ctxmgr  : [EventHandler]wakelock likely timed-out!
09-23 11:30:04.898  1225  1225 I TrafficMonitor: update:rxPkts:14,txPkts:24,rxBytes:13358,txBytes:1586
09-23 11:30:04.898  1225  1225 I TrafficMonitor: start expired. level:-1
09-23 11:30:04.898  1225  1225 I TrafficMonitor: gettimer:interval=2000
09-23 11:30:05.242  1225  1363 E WifiConfigManager: updateConfiguration freq=2462 BSSID=30:fc:68:d1:10:23 RSSI=-50 "yepao"WPA_PSK
09-23 11:30:05.247  1225  1225 I QosMonitor: queryRtt: rtt_type = 3
09-23 11:30:05.247  1225  1225 I WifiProJNI: ######### GET RTT:3 ########
09-23 11:30:05.247  1225  1426 I HuaweiWifiWatchdogStateMachine: spd good count:0, add sc:0.0, rate:1.0
09-23 11:30:05.248  1225  1426 I HuaweiWifiWatchdogStateMachine: current mHighDataFlowRate = 1.0
09-23 11:30:05.248  1225  1426 I HuaweiWifiWatchdogStateMachine: POta txb txg rxg:0, 109, 0. Lr =0% Totpkt=109
09-23 11:30:05.248  1225  1424 I QosMonitor: postEventFromNative: msg=100,arg1=4,arg2=9
09-23 11:30:05.248  1225  1424 W WifiProJNI: poll before: g_monitor_fd =236
09-23 11:30:05.248  1225  1225 I WifiProJNI: ######### CMD_QUERY_PKTS ########
09-23 11:30:05.249  1225  1225 I QosMonitor: resetRtt: rtt_type = 3
09-23 11:30:05.249  1225  1225 I WifiProJNI: ######### RESET RTT:3 ########
09-23 11:30:05.249  1225  1424 I QosMonitor: postEventFromNative: msg=100,arg1=0,arg2=9
09-23 11:30:05.249  1225  1424 W WifiProJNI: poll before: g_monitor_fd =236
09-23 11:30:05.249  1225  1225 I MQoS    : rtt=510,tcp_tx_pkts=461584,tcp_rx_pkts=602262
09-23 11:30:05.251  1225  1426 I HuaweiWifiWatchdogStateMachine: PTcp RTT:510, rtt pkt=8, tcp_rx=25, tcp_tx=77, tcp_reTran=0, rtRate=0
09-23 11:30:05.251  1225  1426 I HuaweiWifiWatchdogStateMachine: rs ota tcp lr rttvb bad: false, false, false, false, false; rsth:-75
09-23 11:30:05.252  1225  1426 I HuaweiWifiWatchdogStateMachine:  pkt chk not bad, reset sc to 0.
09-23 11:30:05.256  1225  3524 I MQoS    : QOS_level:0(0),wifi-link;SIM error;use level-0
09-23 11:30:05.256  1225  3524 I MQoS    : skip-low-Level:0(0),wifi-link;SIM error;use level-0
09-23 11:30:05.769  1225  1363 E WifiConfigManager: updateConfiguration freq=2462 BSSID=30:fc:68:d1:10:23 RSSI=-48 "yepao"WPA_PSK
09-23 11:30:05.894  4073  4218 I LogUtil_LogConfig: getLogFile(): logFilePath = /data/data/com.huawei.health/files/com.huawei.health/com.huawei.health_DaemonService/
09-23 11:30:05.897  1225  1225 I TrafficMonitor: expired arrive. level:-1
09-23 11:30:05.897  1225  1225 I TrafficMonitor: during_ms:2001,period_ms:2000
09-23 11:30:05.897  1225  1225 I TrafficMonitor: count:180,rx_sum:14,tx_sum:24,rxBytes:13358,during_ms:2001,rx_speed:6675.662168915543,tx_speed:792.6036981509246,rto:0.5833333333333334
09-23 11:30:06.899  1225  1225 I TrafficMonitor: update:rxPkts:0,txPkts:7,rxBytes:0,txBytes:356
09-23 11:30:06.899  1225  1225 I TrafficMonitor: start expired. level:-1
09-23 11:30:06.899  1225  1225 I TrafficMonitor: gettimer:interval=2000
09-23 11:30:08.277 29669 29674 I art     : Do partial code cache collection, code=200KB, data=237KB
09-23 11:30:08.278 29669 29674 I art     : After code cache collection, code=200KB, data=237KB
09-23 11:30:08.279 29669 29674 I art     : Increasing code cache capacity to 1024KB
09-23 11:30:08.785  1225  1363 E WifiConfigManager: updateConfiguration freq=2462 BSSID=30:fc:68:d1:10:23 RSSI=-50 "yepao"WPA_PSK
09-23 11:30:08.900  1225  1225 I TrafficMonitor: update:rxPkts:0,txPkts:6,rxBytes:0,txBytes:316
09-23 11:30:08.900  1225  1225 I TrafficMonitor: start expired. level:-1
09-23 11:30:08.900  1225  1225 I TrafficMonitor: gettimer:interval=2000
09-23 11:30:08.967  1783  1870 I ScenarioAction: new ScenarioAction sPoolSize: 0
09-23 11:30:09.046  1783  1870 I ScenarioAction: new ScenarioAction sPoolSize: 0
09-23 11:30:09.088  4073  4073 I Step_LSC: 30003302|onStandStepChanged 32424
09-23 11:30:09.088  1799  1799 W HwStepCounter: version : 1
09-23 11:30:09.088  1799  1799 I HwStepCounter: dealReportData length 19
09-23 11:30:09.088  1799  1799 W HwStepCounter: abi 25 total 32424 total floor 0 totalCar 1024 total dis 2048
09-23 11:30:09.088  1799  1799 W HwStepCounter: stepPace 4096 stepLength 8192 speed 16384 touchdown_ratio 32768 reserved1 0 reserved2 0
09-23 11:30:09.090  1799  1799 E HwStepCounter: dealReportData tm: 2017-09-23 11:30:10 steps_value[0] : 0 state_value[0]:0 level_value[0]:0
09-23 11:30:09.090  1799  1799 I HwStepCounter: ###### finish ####
09-23 11:30:09.090  1799  1799 I HwStepCounter: isBeginOfToday: 23 -> 23
09-23 11:30:09.090  1799  1799 I HwStepCounter: isBeginOfToday: false
09-23 11:30:09.090  1799  1799 I HwStepCounter: dealReportData: diff = 0
09-23 11:30:09.097  1799  2615 I StepCounterRemoteProxy: Report client count 1
09-23 11:30:09.098  4073  4084 I Step_LSC: 30003302|onExtend:1506137410000 0 0 0
09-23 11:30:09.190  4073 16276 I Step_SPUtils: 30003302| getTodayTotalDetailSteps = 1506137220000##1973##1125##0##0##433115111
09-23 11:30:09.191  4073 16276 I Step_SPUtils: 30003302|setTodayTotalDetailSteps=1506137340000##1973##1125##0##0##433219611
09-23 11:30:09.204  4073 16276 I Step_ExtSDM: 30003302|calculateCaloriesWithCache totalCalories=45653
09-23 11:30:09.211  4073 16276 I Step_ExtSDM: 30003302|calculateAltitudeWithCache totalAltitude=0
09-23 11:30:09.281  1783  1870 I ScenarioAction: new ScenarioAction sPoolSize: 0
09-23 11:30:09.432  1225  1416 E HwCHRWebMonitor: WebMonitor [mNetWorkIsSuck=0 mUIDIsSuck=]  WebSpeed [WEBSENDSEGS=14  WEBRESENDSEGS=6  WEBRECVSEGS=6  WEBERRSEGS=0  WEBOUTRSTS=0  WEBESTABLISRST=0  WEBRTTDURATION=116  WEBRTTSEGS=1  WEBSRTT=510  WEBSNDDUPACKS=0  SENDSEGS=0  RESENDSEGS=0  RECVSEGS=0  ERRSEGS=0  OUTRSTS=0  ESTABLISRST=0  RTTDURATION=0  RTTSEGS=0  SNDDUPACKS=0  suckTimes=0 recovage_times=0]
09-23 11:30:09.433  1225  1416 E HwCHRWifiRSSIGroupSummery: updateTcpSummery mRSSI:-52  HwCHRWifiRSSIGroup [rssi_index=4, rtt_tcp_packets=833, rtt_tcp_duration=46431, rtt_lan_duration=3068, rtt_lan_failures=0, rtt_lan_succ=87, rtt_lan_max=676, rtt_lan_min=2,same_area_frequency=0,adjacent_area_frequency=0]
09-23 11:30:09.441  1225  1416 E HwCHRWebMonitor: HwCHRWifiPacketCnt [mTXGood=39, mTXbad=0, mRXGood=23] rssi=-52
09-23 11:30:09.443  1225  1416 E HwCHRWebMonitor: running processName=com.yeapao.andorid
09-23 11:30:09.444  1225  1416 E HwCHRWebMonitor: HwCHRWifiUIDWebSpeed [appName=com.yeapao.andorid UID=10202  WEBSENDSEGS=7  WEBRESENDSEGS=0  WEBRECVSEGS=6  WEBERRSEGS=0  WEBOUTRSTS=0  WEBESTABLISRST=0  WEBRTTDURATION=116  WEBRTTSEGS=1  WEBSNDDUPACKS=0  suckTimes=0 recovage_times=0]
09-23 11:30:09.445  1225  1416 E HwCHRWebMonitor: item_uid= 10202 running_uid=10202 suckTime=0 mOnAppSuckTime=0 mFailReason=1
09-23 11:30:10.901  1225  1225 I TrafficMonitor: update:rxPkts:0,txPkts:1,rxBytes:0,txBytes:60
09-23 11:30:10.902  1225  1225 I TrafficMonitor: start expired. level:-1
09-23 11:30:10.902  1225  1225 I TrafficMonitor: gettimer:interval=2000
09-23 11:30:11.796  1225  1363 E WifiConfigManager: updateConfiguration freq=2462 BSSID=30:fc:68:d1:10:23 RSSI=-52 "yepao"WPA_PSK
09-23 11:30:11.899  1225  1225 I TrafficMonitor: expired arrive. level:-1
09-23 11:30:11.899  1225  1225 I TrafficMonitor: during_ms:2001,period_ms:2000
09-23 11:30:11.900  1225  1225 I TrafficMonitor: count:183,rx_sum:0,tx_sum:1,rxBytes:0,during_ms:2001,rx_speed:0.0,tx_speed:29.985007496251875,rto:0.0
09-23 11:30:11.900  4073  4218 I LogUtil_LogConfig: getLogFile(): logFilePath = /data/data/com.huawei.health/files/com.huawei.health/com.huawei.health_DaemonService/
09-23 11:30:12.169  1225  1344 W AlarmManager: mIsScreenOn is: true, WAKEUP alarm talarm.operation == null,package name is: android listenerTag is: WifiConnectivityManager Schedule Periodic Scan Timer creator uid is: 1000
09-23 11:30:12.170  1225  1363 I WifiConnectivityManager: periodicScanTimerHandler mScreenOn true
09-23 11:30:12.172  1225  1363 E WifiConnectivityManager: isWifiScanSpecialChannels is false,mWifiState : 1
09-23 11:30:12.178  1225  1372 I WifiHAL : Got channel list with 13 channels
09-23 11:30:12.179  1225  1372 I WifiHAL : Got channel list with 9 channels
09-23 11:30:12.181  1225  1372 I WifiHAL : Got channel list with 4 channels
09-23 11:30:12.185  2330  5004 W Ptm.AbnormalObserver: unhandled mesg: 4008
09-23 11:30:12.906  1225  1225 I TrafficMonitor: update:rxPkts:6,txPkts:7,rxBytes:1977,txBytes:449
09-23 11:30:12.906  1225  1225 I TrafficMonitor: start expired. level:-1
09-23 11:30:12.906  1225  1225 I TrafficMonitor: gettimer:interval=2000
09-23 11:30:13.252  1225  1363 E WifiConfigManager: updateConfiguration freq=2462 BSSID=30:fc:68:d1:10:23 RSSI=-53 "yepao"WPA_PSK
09-23 11:30:13.261  1225  1225 I QosMonitor: queryRtt: rtt_type = 3
09-23 11:30:13.261  1225  1225 I WifiProJNI: ######### GET RTT:3 ########
09-23 11:30:13.262  1225  1424 I QosMonitor: postEventFromNative: msg=100,arg1=4,arg2=9
09-23 11:30:13.262  1225  1424 W WifiProJNI: poll before: g_monitor_fd =236
09-23 11:30:13.263  1225  1225 I QosMonitor: resetRtt: rtt_type = 3
09-23 11:30:13.263  1225  1426 I HuaweiWifiWatchdogStateMachine: spd good count:0, add sc:0.0, rate:1.0
09-23 11:30:13.263  1225  1426 I HuaweiWifiWatchdogStateMachine: current mHighDataFlowRate = 1.0
09-23 11:30:13.263  1225  1426 I HuaweiWifiWatchdogStateMachine: POta txb txg rxg:0, 52, 0. Lr =0% Totpkt=52
09-23 11:30:13.263  1225  1225 I WifiProJNI: ######### RESET RTT:3 ########
09-23 11:30:13.264  1225  1225 I WifiProJNI: ######### CMD_QUERY_PKTS ########
09-23 11:30:13.264  1225  1424 I QosMonitor: postEventFromNative: msg=100,arg1=0,arg2=9
09-23 11:30:13.264  1225  1424 W WifiProJNI: poll before: g_monitor_fd =236
09-23 11:30:13.265  1225  1225 I MQoS    : rtt=640,tcp_tx_pkts=461606,tcp_rx_pkts=602264
09-23 11:30:13.266  1225  1426 I HuaweiWifiWatchdogStateMachine: PTcp RTT:0, rtt pkt=0, tcp_rx=2, tcp_tx=22, tcp_reTran=0, rtRate=0
09-23 11:30:13.267  1225  1426 I HuaweiWifiWatchdogStateMachine: rs ota tcp lr rttvb bad: false, false, false, false, false; rsth:-75
09-23 11:30:13.267  1225  1426 I HuaweiWifiWatchdogStateMachine:  pkt chk not bad, reset sc to 0.
09-23 11:30:13.278  1225  3524 I MQoS    : QOS_level:0(0),wifi-link;SIM error;use level-0
09-23 11:30:14.453  1225  1416 E HwCHRWebMonitor: WebMonitor [mNetWorkIsSuck=0 mUIDIsSuck=]  WebSpeed [WEBSENDSEGS=5  WEBRESENDSEGS=3  WEBRECVSEGS=2  WEBERRSEGS=0  WEBOUTRSTS=0  WEBESTABLISRST=0  WEBRTTDURATION=78  WEBRTTSEGS=2  WEBSRTT=640  WEBSNDDUPACKS=0  SENDSEGS=0  RESENDSEGS=0  RECVSEGS=0  ERRSEGS=0  OUTRSTS=0  ESTABLISRST=0  RTTDURATION=0  RTTSEGS=0  SNDDUPACKS=0  suckTimes=0 recovage_times=0]
09-23 11:30:14.453  1225  1416 E HwCHRWifiRSSIGroupSummery: updateTcpSummery mRSSI:-55  HwCHRWifiRSSIGroup [rssi_index=4, rtt_tcp_packets=835, rtt_tcp_duration=46509, rtt_lan_duration=3068, rtt_lan_failures=0, rtt_lan_succ=87, rtt_lan_max=676, rtt_lan_min=2,same_area_frequency=0,adjacent_area_frequency=0]
09-23 11:30:14.466  1225  1416 E HwCHRWebMonitor: HwCHRWifiPacketCnt [mTXGood=33, mTXbad=0, mRXGood=24] rssi=-55
09-23 11:30:14.470  1225  1416 E HwCHRWebMonitor: running processName=com.yeapao.andorid
09-23 11:30:14.822  1225  1363 E WifiConfigManager: updateConfiguration freq=2462 BSSID=30:fc:68:d1:10:23 RSSI=-53 "yepao"WPA_PSK
09-23 11:30:14.910  1225  1225 I TrafficMonitor: update:rxPkts:0,txPkts:4,rxBytes:0,txBytes:204
09-23 11:30:14.910  1225  1225 I TrafficMonitor: start expired. level:-1
09-23 11:30:14.910  1225  1225 I TrafficMonitor: gettimer:interval=2000
09-23 11:30:16.911  1225  1225 I TrafficMonitor: update:rxPkts:0,txPkts:3,rxBytes:0,txBytes:156
09-23 11:30:16.911  1225  1225 I TrafficMonitor: start expired. level:-1
09-23 11:30:16.911  1225  1225 I TrafficMonitor: gettimer:interval=2000
09-23 11:30:17.770   585   585 E Thermal-daemon: [charger_ic] temp_new :35  temp_old :36
09-23 11:30:17.771   585   585 E Thermal-daemon: Report temperature: [charger_ic] temp :35  report_threshold:1
09-23 11:30:17.841  1225  1363 E WifiConfigManager: updateConfiguration freq=2462 BSSID=30:fc:68:d1:10:23 RSSI=-53 "yepao"WPA_PSK
09-23 11:30:17.907  1225  1225 I TrafficMonitor: expired arrive. level:-1
09-23 11:30:17.907  1225  1225 I TrafficMonitor: during_ms:2002,period_ms:2000
09-23 11:30:17.907  1225  1225 I TrafficMonitor: count:186,rx_sum:0,tx_sum:3,rxBytes:0,during_ms:2002,rx_speed:0.0,tx_speed:77.92207792207793,rto:0.0
09-23 11:30:18.913  1225  1225 I TrafficMonitor: update:rxPkts:1,txPkts:2,rxBytes:40,txBytes:100
09-23 11:30:18.913  1225  1225 I TrafficMonitor: start expired. level:-1
09-23 11:30:18.913  1225  1225 I TrafficMonitor: gettimer:interval=2000
09-23 11:30:19.088  1799  1799 W HwStepCounter: version : 1
09-23 11:30:19.088  4073  4073 I Step_LSC: 30003302|onStandStepChanged 32424
09-23 11:30:19.088  1799  1799 I HwStepCounter: dealReportData length 19
09-23 11:30:19.089  1799  1799 W HwStepCounter: abi 25 total 32424 total floor 0 totalCar 1024 total dis 2048
09-23 11:30:19.089  1799  1799 W HwStepCounter: stepPace 4096 stepLength 8192 speed 16384 touchdown_ratio 32768 reserved1 0 reserved2 0
09-23 11:30:19.090  1799  1799 E HwStepCounter: dealReportData tm: 2017-09-23 11:30:20 steps_value[0] : 0 state_value[0]:5 level_value[0]:0
09-23 11:30:19.090  1799  1799 I HwStepCounter: ###### finish ####
09-23 11:30:19.091  1799  1799 I HwStepCounter: isBeginOfToday: 23 -> 23
09-23 11:30:19.091  1799  1799 I HwStepCounter: isBeginOfToday: false
09-23 11:30:19.091  1799  1799 I HwStepCounter: dealReportData: diff = 0
09-23 11:30:19.101  1799  2615 I StepCounterRemoteProxy: Report client count 1
09-23 11:30:19.103  4073  4085 I Step_LSC: 30003302|onExtend:1506137420000 0 0 5
09-23 11:30:19.191  4073 16276 I Step_SPUtils: 30003302| getTodayTotalDetailSteps = 1506137340000##1973##1125##0##0##433219611
09-23 11:30:19.193  4073 16276 I Step_SPUtils: 30003302|setTodayTotalDetailSteps=1506137340000##1973##1125##0##0##433229614
09-23 11:30:19.228  4073 16276 I Step_ExtSDM: 30003302|calculateCaloriesWithCache totalCalories=45653
09-23 11:30:19.236  4073 16276 I Step_ExtSDM: 30003302|calculateAltitudeWithCache totalAltitude=0
09-23 11:30:19.471  1225  1416 E HwCHRWebMonitor: WebMonitor [mNetWorkIsSuck=0 mUIDIsSuck=]  WebSpeed [WEBSENDSEGS=3  WEBRESENDSEGS=3  WEBRECVSEGS=1  WEBERRSEGS=0  WEBOUTRSTS=0  WEBESTABLISRST=0  WEBRTTDURATION=0  WEBRTTSEGS=0  WEBSRTT=640  WEBSNDDUPACKS=0  SENDSEGS=0  RESENDSEGS=0  RECVSEGS=0  ERRSEGS=0  OUTRSTS=0  ESTABLISRST=0  RTTDURATION=0  RTTSEGS=0  SNDDUPACKS=0  suckTimes=0 recovage_times=0]
09-23 11:30:19.472  1225  1416 E HwCHRWifiRSSIGroupSummery: updateTcpSummery mRSSI:-53  HwCHRWifiRSSIGroup [rssi_index=4, rtt_tcp_packets=835, rtt_tcp_duration=46509, rtt_lan_duration=3068, rtt_lan_failures=0, rtt_lan_succ=87, rtt_lan_max=676, rtt_lan_min=2,same_area_frequency=0,adjacent_area_frequency=0]
09-23 11:30:19.484  1225  1416 E HwCHRWebMonitor: HwCHRWifiPacketCnt [mTXGood=12, mTXbad=0, mRXGood=17] rssi=-53
09-23 11:30:19.488  1225  1416 E HwCHRWebMonitor: running processName=com.yeapao.andorid
09-23 11:30:20.865  1225  1363 E WifiConfigManager: updateConfiguration freq=2462 BSSID=30:fc:68:d1:10:23 RSSI=-54 "yepao"WPA_PSK
09-23 11:30:20.915  1225  1225 I TrafficMonitor: update:rxPkts:1,txPkts:3,rxBytes:40,txBytes:160
09-23 11:30:20.915  1225  1225 I TrafficMonitor: start expired. level:-1
09-23 11:30:20.915  1225  1225 I TrafficMonitor: gettimer:interval=2000
09-23 11:30:21.260  1225  1363 E WifiConfigManager: updateConfiguration freq=2462 BSSID=30:fc:68:d1:10:23 RSSI=-55 "yepao"WPA_PSK
09-23 11:30:21.269  1225  1225 I QosMonitor: queryRtt: rtt_type = 3
09-23 11:30:21.269  1225  1225 I WifiProJNI: ######### GET RTT:3 ########
09-23 11:30:21.269  1225  1426 I HuaweiWifiWatchdogStateMachine: spd good count:0, add sc:0.0, rate:1.0
09-23 11:30:21.270  1225  1424 I QosMonitor: postEventFromNative: msg=100,arg1=4,arg2=9
09-23 11:30:21.270  1225  1424 W WifiProJNI: poll before: g_monitor_fd =236
09-23 11:30:21.271  1225  1225 I QosMonitor: resetRtt: rtt_type = 3
09-23 11:30:21.271  1225  1225 I WifiProJNI: ######### RESET RTT:3 ########
09-23 11:30:21.272  1225  1426 I HuaweiWifiWatchdogStateMachine: current mHighDataFlowRate = 1.0
09-23 11:30:21.272  1225  1426 I HuaweiWifiWatchdogStateMachine: POta txb txg rxg:0, 23, 0. Lr =0% Totpkt=23
09-23 11:30:21.272  1225  1225 I WifiProJNI: ######### CMD_QUERY_PKTS ########
09-23 11:30:21.273  1225  1424 I QosMonitor: postEventFromNative: msg=100,arg1=0,arg2=9
09-23 11:30:21.273  1225  1424 W WifiProJNI: poll before: g_monitor_fd =236
09-23 11:30:21.274  1225  1225 I MQoS    : rtt=640,tcp_tx_pkts=461616,tcp_rx_pkts=602266
09-23 11:30:21.275  1225  1426 I HuaweiWifiWatchdogStateMachine: PTcp RTT:0, rtt pkt=0, tcp_rx=2, tcp_tx=10, tcp_reTran=0, rtRate=0
09-23 11:30:21.276  1225  1426 I HuaweiWifiWatchdogStateMachine: rs ota tcp lr rttvb bad: false, false, false, false, false; rsth:-75
09-23 11:30:21.276  1225  1426 I HuaweiWifiWatchdogStateMachine:  pkt chk not bad, reset sc to 0.
09-23 11:30:21.287  1225  3524 I MQoS    : QOS_level:0(0),wifi-link;SIM error;use level-0
09-23 11:30:21.932  1225  1245 I EventHub: EventHub monitor: no key events in the past 6400s, 
09-23 11:30:22.916  1225  1225 I TrafficMonitor: update:rxPkts:0,txPkts:0,rxBytes:0,txBytes:0
09-23 11:30:22.916  1225  1225 I TrafficMonitor: start expired. level:-1
09-23 11:30:22.916  1225  1225 I TrafficMonitor: gettimer:interval=2000
09-23 11:30:23.882  1225  1363 E WifiConfigManager: updateConfiguration freq=2462 BSSID=30:fc:68:d1:10:23 RSSI=-56 "yepao"WPA_PSK
09-23 11:30:23.909  4073  4218 I LogUtil_LogConfig: getLogFile(): logFilePath = /data/data/com.huawei.health/files/com.huawei.health/com.huawei.health_DaemonService/
09-23 11:30:23.913  1225  1225 I TrafficMonitor: expired arrive. level:-1
09-23 11:30:23.914  1225  1225 I TrafficMonitor: during_ms:2002,period_ms:2000
09-23 11:30:23.914  1225  1225 I TrafficMonitor: count:189,rx_sum:0,tx_sum:0,rxBytes:0,during_ms:2002,rx_speed:0.0,tx_speed:0.0,rto:0.0
09-23 11:30:24.491  1225  1416 E HwCHRWebMonitor: WebMonitor [mNetWorkIsSuck=0 mUIDIsSuck=]  WebSpeed [WEBSENDSEGS=0  WEBRESENDSEGS=0  WEBRECVSEGS=1  WEBERRSEGS=0  WEBOUTRSTS=0  WEBESTABLISRST=0  WEBRTTDURATION=0  WEBRTTSEGS=0  WEBSRTT=640  WEBSNDDUPACKS=0  SENDSEGS=0  RESENDSEGS=0  RECVSEGS=0  ERRSEGS=0  OUTRSTS=0  ESTABLISRST=0  RTTDURATION=0  RTTSEGS=0  SNDDUPACKS=0  suckTimes=0 recovage_times=0]
09-23 11:30:24.491  1225  1416 E HwCHRWifiRSSIGroupSummery: updateTcpSummery mRSSI:-58  HwCHRWifiRSSIGroup [rssi_index=4, rtt_tcp_packets=835, rtt_tcp_duration=46509, rtt_lan_duration=3068, rtt_lan_failures=0, rtt_lan_succ=87, rtt_lan_max=676, rtt_lan_min=2,same_area_frequency=0,adjacent_area_frequency=0]
09-23 11:30:24.506  1225  1416 E HwCHRWebMonitor: HwCHRWifiPacketCnt [mTXGood=8, mTXbad=0, mRXGood=17] rssi=-58
09-23 11:30:24.510  1225  1416 E HwCHRWebMonitor: running processName=com.yeapao.andorid
09-23 11:30:24.917  1225  1225 I TrafficMonitor: update:rxPkts:0,txPkts:1,rxBytes:0,txBytes:40
09-23 11:30:24.917  1225  1225 I TrafficMonitor: start expired. level:-1
09-23 11:30:24.917  1225  1225 I TrafficMonitor: gettimer:interval=2000
09-23 11:30:26.900  1225  1363 E WifiConfigManager: updateConfiguration freq=2462 BSSID=30:fc:68:d1:10:23 RSSI=-53 "yepao"WPA_PSK
09-23 11:30:26.921  1225  1225 I TrafficMonitor: update:rxPkts:0,txPkts:2,rxBytes:0,txBytes:112
09-23 11:30:26.921  1225  1225 I TrafficMonitor: start expired. level:-1
09-23 11:30:26.921  1225  1225 I TrafficMonitor: gettimer:interval=2000
09-23 11:30:27.782   585   585 E Thermal-daemon: [ap] temp_new :36  temp_old :37
09-23 11:30:27.782   585   585 E Thermal-daemon: Report temperature: [ap] temp :36  report_threshold:1
09-23 11:30:28.922  1225  1225 I TrafficMonitor: update:rxPkts:1,txPkts:2,rxBytes:78,txBytes:104
09-23 11:30:28.922  1225  1225 I TrafficMonitor: start expired. level:-1
09-23 11:30:28.922  1225  1225 I TrafficMonitor: gettimer:interval=2000
09-23 11:30:29.270  1225  1363 E WifiConfigManager: updateConfiguration freq=2462 BSSID=30:fc:68:d1:10:23 RSSI=-51 "yepao"WPA_PSK
09-23 11:30:29.280  1225  1225 I QosMonitor: queryRtt: rtt_type = 3
09-23 11:30:29.280  1225  1225 I WifiProJNI: ######### GET RTT:3 ########
09-23 11:30:29.281  1225  1426 I HuaweiWifiWatchdogStateMachine: spd good count:0, add sc:0.0, rate:1.0
09-23 11:30:29.281  1225  1426 I HuaweiWifiWatchdogStateMachine: current mHighDataFlowRate = 1.0
09-23 11:30:29.281  1225  1426 I HuaweiWifiWatchdogStateMachine: POta txb txg rxg:0, 14, 0. Lr =0% Totpkt=14
09-23 11:30:29.281  1225  1424 I QosMonitor: postEventFromNative: msg=100,arg1=4,arg2=9
09-23 11:30:29.281  1225  1424 W WifiProJNI: poll before: g_monitor_fd =236
09-23 11:30:29.281  1225  1225 I WifiProJNI: ######### CMD_QUERY_PKTS ########
09-23 11:30:29.282  1225  1424 I QosMonitor: postEventFromNative: msg=100,arg1=0,arg2=9
09-23 11:30:29.282  1225  1424 W WifiProJNI: poll before: g_monitor_fd =236
09-23 11:30:29.282  1225  1225 I MQoS    : rtt=640,tcp_tx_pkts=461621,tcp_rx_pkts=602266
09-23 11:30:29.284  1225  1426 I HuaweiWifiWatchdogStateMachine: PTcp RTT:0, rtt pkt=0, tcp_rx=0, tcp_tx=5, tcp_reTran=0, rtRate=0
09-23 11:30:29.285  1225  1426 I HuaweiWifiWatchdogStateMachine: rs ota tcp lr rttvb bad: false, false, false, false, false; rsth:-75
09-23 11:30:29.285  1225  1426 I HuaweiWifiWatchdogStateMachine:  pkt chk not bad, reset sc to 0.
09-23 11:30:29.296  1225  3524 I MQoS    : QOS_level:0(0),wifi-link;SIM error;use level-0
09-23 11:30:29.504  1225  1416 E HwCHRWebMonitor: WebMonitor [mNetWorkIsSuck=0 mUIDIsSuck=]  WebSpeed [WEBSENDSEGS=4  WEBRESENDSEGS=3  WEBRECVSEGS=0  WEBERRSEGS=0  WEBOUTRSTS=0  WEBESTABLISRST=0  WEBRTTDURATION=0  WEBRTTSEGS=0  WEBSRTT=640  WEBSNDDUPACKS=0  SENDSEGS=0  RESENDSEGS=0  RECVSEGS=0  ERRSEGS=0  OUTRSTS=0  ESTABLISRST=0  RTTDURATION=0  RTTSEGS=0  SNDDUPACKS=0  suckTimes=0 recovage_times=0]
09-23 11:30:29.504  1225  1416 E HwCHRWifiRSSIGroupSummery: updateTcpSummery mRSSI:-50  HwCHRWifiRSSIGroup [rssi_index=4, rtt_tcp_packets=835, rtt_tcp_duration=46509, rtt_lan_duration=3068, rtt_lan_failures=0, rtt_lan_succ=87, rtt_lan_max=676, rtt_lan_min=2,same_area_frequency=0,adjacent_area_frequency=0]
09-23 11:30:29.513  1225  1416 E HwCHRWebMonitor: HwCHRWifiPacketCnt [mTXGood=13, mTXbad=0, mRXGood=17] rssi=-50
09-23 11:30:29.515  1225  1416 E HwCHRWebMonitor: running processName=com.yeapao.andorid
09-23 11:30:29.517  1225  1416 E HwCHRWebMonitor: HwCHRWifiUIDWebSpeed [appName=unknown:1021 UID=1021  WEBSENDSEGS=1  WEBRESENDSEGS=0  WEBRECVSEGS=0  WEBERRSEGS=0  WEBOUTRSTS=0  WEBESTABLISRST=0  WEBRTTDURATION=0  WEBRTTSEGS=0  WEBSNDDUPACKS=0  suckTimes=0 recovage_times=0]
09-23 11:30:29.531  1225  1416 E HwCHRWifiLinkMonitor: HwCHRWifiBcmIncrCounterLst [txbyte=10124  txframe=120  txnoassoc=0  txphyerror=0  txctl=86  txfail=0  txphyerr=0  txfrmsnt=206  txnoack=46  txfrag=206  txnocts=81  txrts=137  txnobuf=0  txallfrm=608  txerror=0  txretrans=112  rxbyte=29862  rxframe=174  rxbadfcs=185  rxbadplcp=150  rxmulti=140  rxfrag=725  rxctl=479  rxbadcm=0  rxnobuf=0  rxcrsglitch=109126  rxbadds=0  rxnondata=0  rxmulti=140  reset=0  rxdfrmocast=197  rxmfrmocast=544  rxdfrmucastmbss=36  rxmfrmucastmbss=71  rxbeaconmbss=401  rxdfmucastobss=0  rxbeaconobss=686  rxstrt=4423  rxcfrmocast=1364  rxcfrmucast=317  rxdfrmmcast=269  rxmfrmmcast=1105  rxcfrmmcast=0  ]
09-23 11:30:29.907  1225  1363 E WifiConfigManager: updateConfiguration freq=2462 BSSID=30:fc:68:d1:10:23 RSSI=-50 "yepao"WPA_PSK
09-23 11:30:29.917  1225  1225 I TrafficMonitor: expired arrive. level:-1
09-23 11:30:29.917  1225  1225 I TrafficMonitor: during_ms:2002,period_ms:2000
09-23 11:30:29.918  1225  1225 I TrafficMonitor: count:192,rx_sum:1,tx_sum:2,rxBytes:78,during_ms:2002,rx_speed:38.961038961038966,tx_speed:51.948051948051955,rto:0.5
09-23 11:30:30.923  1225  1225 I TrafficMonitor: update:rxPkts:2,txPkts:1,rxBytes:156,txBytes:60
09-23 11:30:30.923  1225  1225 I TrafficMonitor: start expired. level:-1
09-23 11:30:30.923  1225  1225 I TrafficMonitor: gettimer:interval=2000
09-23 11:30:32.447  1474  1474 W KeyguardUpdateMonitor: ACTION_BATTERY_CHANGED AMP: 0; Volt: 0
09-23 11:30:32.447  1474  1474 W KeyguardUpdateMonitor: ChargingSpeed  Wattage: -1 ST: 5000000 --> 7500000
09-23 11:30:32.447  1474  1474 I KgBattery: BatteryInfo updated:  5lPC-1
09-23 11:30:32.448  1474  1474 W AppHandler: sendMessage with obj100
09-23 11:30:32.456  2495  4561 I VRService: no vr mode
09-23 11:30:32.458  1474  1474 W HwLockScreenPanel: refreshBatteryInfo: null
09-23 11:30:32.458  1474  1474 W HwLockScreenPanel: Handle message: 100
09-23 11:30:32.462 15623 16115 E CloudAlbum[8.0.1.304]: [ReceiverManager] not log on ignore
09-23 11:30:32.462  2330  2330 I Ptm.AbnormalObserver: current battery level value: 100
09-23 11:30:32.465  2330  2330 W Ptm.AbnormalObserver: ljs, in checkIsAbnormalHot, Ap_temp = 36
09-23 11:30:32.784   585   585 E Thermal-daemon: [pa_0] temp_new :34  temp_old :35
09-23 11:30:32.784   585   585 E Thermal-daemon: Report temperature: [pa_0] temp :34  report_threshold:1
09-23 11:30:32.786   585   585 E Thermal-daemon: [flash_led] temp_new :34  temp_old :35
09-23 11:30:32.786   585   585 E Thermal-daemon: Report temperature: [flash_led] temp :34  report_threshold:1
09-23 11:30:32.918  1225  1363 E WifiConfigManager: updateConfiguration freq=2462 BSSID=30:fc:68:d1:10:23 RSSI=-51 "yepao"WPA_PSK
09-23 11:30:32.924  1225  1225 I TrafficMonitor: update:rxPkts:2,txPkts:5,rxBytes:104,txBytes:260
09-23 11:30:32.924  1225  1225 I TrafficMonitor: start expired. level:-1
09-23 11:30:32.924  1225  1225 I TrafficMonitor: gettimer:interval=2000
09-23 11:30:34.925  1225  1225 I TrafficMonitor: update:rxPkts:0,txPkts:1,rxBytes:0,txBytes:60
09-23 11:30:34.925  1225  1225 I TrafficMonitor: start expired. level:-1
09-23 11:30:34.925  1225  1225 I TrafficMonitor: gettimer:interval=2000
09-23 11:30:35.480  1225  1416 E HwCHRWifiRSSIGroupSummery: updatArpSummery mRSSI:-52  HwCHRWifiRSSIGroup [rssi_index=4, rtt_tcp_packets=835, rtt_tcp_duration=46509, rtt_lan_duration=3095, rtt_lan_failures=0, rtt_lan_succ=88, rtt_lan_max=676, rtt_lan_min=2,same_area_frequency=0,adjacent_area_frequency=0]
09-23 11:30:35.548  1225  1416 E HwCHRWebMonitor: WebMonitor [mNetWorkIsSuck=0 mUIDIsSuck=]  WebSpeed [WEBSENDSEGS=5  WEBRESENDSEGS=3  WEBRECVSEGS=2  WEBERRSEGS=0  WEBOUTRSTS=0  WEBESTABLISRST=0  WEBRTTDURATION=0  WEBRTTSEGS=0  WEBSRTT=640  WEBSNDDUPACKS=0  SENDSEGS=0  RESENDSEGS=0  RECVSEGS=0  ERRSEGS=0  OUTRSTS=0  ESTABLISRST=0  RTTDURATION=0  RTTSEGS=0  SNDDUPACKS=0  suckTimes=0 recovage_times=0]
09-23 11:30:35.549  1225  1416 E HwCHRWifiRSSIGroupSummery: updateTcpSummery mRSSI:-52  HwCHRWifiRSSIGroup [rssi_index=4, rtt_tcp_packets=835, rtt_tcp_duration=46509, rtt_lan_duration=3095, rtt_lan_failures=0, rtt_lan_succ=88, rtt_lan_max=676, rtt_lan_min=2,same_area_frequency=0,adjacent_area_frequency=0]
09-23 11:30:35.562  1225  1416 E HwCHRWebMonitor: HwCHRWifiPacketCnt [mTXGood=50, mTXbad=0, mRXGood=19] rssi=-52
09-23 11:30:35.566  1225  1416 E HwCHRWebMonitor: running processName=com.yeapao.andorid
09-23 11:30:35.569  1225  1416 E HwCHRWebMonitor: HwCHRWifiUIDWebSpeed [appName=com.yeapao.andorid UID=10202  WEBSENDSEGS=0  WEBRESENDSEGS=0  WEBRECVSEGS=2  WEBERRSEGS=0  WEBOUTRSTS=0  WEBESTABLISRST=0  WEBRTTDURATION=0  WEBRTTSEGS=0  WEBSNDDUPACKS=0  suckTimes=0 recovage_times=0]
09-23 11:30:35.569  1225  1416 E HwCHRWebMonitor: item_uid= 10202 running_uid=10202 suckTime=0 mOnAppSuckTime=0 mFailReason=1
09-23 11:30:35.924  1225  1225 I TrafficMonitor: expired arrive. level:-1
09-23 11:30:35.924  1225  1225 I TrafficMonitor: during_ms:2001,period_ms:2000
09-23 11:30:35.924  1225  1225 I TrafficMonitor: count:195,rx_sum:0,tx_sum:1,rxBytes:0,during_ms:2001,rx_speed:0.0,tx_speed:29.985007496251875,rto:0.0
09-23 11:30:35.925  1225  1363 E WifiConfigManager: updateConfiguration freq=2462 BSSID=30:fc:68:d1:10:23 RSSI=-52 "yepao"WPA_PSK
09-23 11:30:36.927  1225  1225 I TrafficMonitor: update:rxPkts:0,txPkts:2,rxBytes:0,txBytes:120
09-23 11:30:36.927  1225  1225 I TrafficMonitor: start expired. level:-1
09-23 11:30:36.927  1225  1225 I TrafficMonitor: gettimer:interval=2000
09-23 11:30:37.279  1225  1363 E WifiConfigManager: updateConfiguration freq=2462 BSSID=30:fc:68:d1:10:23 RSSI=-53 "yepao"WPA_PSK
09-23 11:30:37.287  1225  1225 I QosMonitor: queryRtt: rtt_type = 3
09-23 11:30:37.287  1225  1225 I WifiProJNI: ######### GET RTT:3 ########
09-23 11:30:37.288  1225  1426 I HuaweiWifiWatchdogStateMachine: spd good count:0, add sc:0.0, rate:1.0
09-23 11:30:37.288  1225  1426 I HuaweiWifiWatchdogStateMachine: current mHighDataFlowRate = 1.0
09-23 11:30:37.288  1225  1426 I HuaweiWifiWatchdogStateMachine: POta txb txg rxg:0, 71, 0. Lr =0% Totpkt=71
09-23 11:30:37.288  1225  1424 I QosMonitor: postEventFromNative: msg=100,arg1=4,arg2=9
09-23 11:30:37.289  1225  1424 W WifiProJNI: poll before: g_monitor_fd =236
09-23 11:30:37.289  1225  1225 I WifiProJNI: ######### CMD_QUERY_PKTS ########
09-23 11:30:37.289  1225  1424 I QosMonitor: postEventFromNative: msg=100,arg1=0,arg2=9
09-23 11:30:37.290  1225  1424 W WifiProJNI: poll before: g_monitor_fd =236
09-23 11:30:37.290  1225  1225 I MQoS    : rtt=640,tcp_tx_pkts=461630,tcp_rx_pkts=602268
09-23 11:30:37.293  1225  1426 I HuaweiWifiWatchdogStateMachine: PTcp RTT:0, rtt pkt=0, tcp_rx=2, tcp_tx=9, tcp_reTran=0, rtRate=0
09-23 11:30:37.294  1225  1426 I HuaweiWifiWatchdogStateMachine: rs ota tcp lr rttvb bad: false, false, false, false, false; rsth:-75
09-23 11:30:37.294  1225  1426 I HuaweiWifiWatchdogStateMachine:  pkt chk not bad, reset sc to 0.
09-23 11:30:37.304  1225  3524 I MQoS    : QOS_level:0(0),wifi-link;SIM error;use level-0
09-23 11:30:38.928  1225  1225 I TrafficMonitor: update:rxPkts:0,txPkts:1,rxBytes:0,txBytes:60
09-23 11:30:38.928  1225  1225 I TrafficMonitor: start expired. level:-1
09-23 11:30:38.928  1225  1225 I TrafficMonitor: gettimer:interval=2000
09-23 11:30:38.936  1225  1363 E WifiConfigManager: updateConfiguration freq=2462 BSSID=30:fc:68:d1:10:23 RSSI=-51 "yepao"WPA_PSK
09-23 11:30:40.566  1225  1416 E HwCHRWebMonitor: WebMonitor [mNetWorkIsSuck=0 mUIDIsSuck=]  WebSpeed [WEBSENDSEGS=0  WEBRESENDSEGS=0  WEBRECVSEGS=0  WEBERRSEGS=0  WEBOUTRSTS=0  WEBESTABLISRST=0  WEBRTTDURATION=0  WEBRTTSEGS=0  WEBSRTT=640  WEBSNDDUPACKS=0  SENDSEGS=0  RESENDSEGS=0  RECVSEGS=0  ERRSEGS=0  OUTRSTS=0  ESTABLISRST=0  RTTDURATION=0  RTTSEGS=0  SNDDUPACKS=0  suckTimes=0 recovage_times=0]
09-23 11:30:40.567  1225  1416 E HwCHRWifiRSSIGroupSummery: updateTcpSummery mRSSI:-51  HwCHRWifiRSSIGroup [rssi_index=4, rtt_tcp_packets=835, rtt_tcp_duration=46509, rtt_lan_duration=3095, rtt_lan_failures=0, rtt_lan_succ=88, rtt_lan_max=676, rtt_lan_min=2,same_area_frequency=0,adjacent_area_frequency=0]
09-23 11:30:40.577  1225  1416 E HwCHRWebMonitor: HwCHRWifiPacketCnt [mTXGood=52, mTXbad=0, mRXGood=15] rssi=-51
09-23 11:30:40.579  1225  1416 E HwCHRWebMonitor: running processName=com.yeapao.andorid
09-23 11:30:40.594  1225  1416 E HwCHRWifiLinkMonitor: HwCHRWifiBcmIncrCounterLst [txbyte=748  txframe=10  txnoassoc=0  txphyerror=0  txctl=92  txfail=0  txphyerr=0  txfrmsnt=102  txnoack=46  txfrag=102  txnocts=6  txrts=7  txnobuf=0  txallfrm=175  txerror=0  txretrans=46  rxbyte=1526  rxframe=34  rxbadfcs=165  rxbadplcp=185  rxmulti=31  rxfrag=143  rxctl=107  rxbadcm=0  rxnobuf=0  rxcrsglitch=91996  rxbadds=0  rxnondata=0  rxmulti=31  reset=0  rxdfrmocast=102  rxmfrmocast=337  rxdfrmucastmbss=3  rxmfrmucastmbss=0  rxbeaconmbss=107  rxdfmucastobss=0  rxbeaconobss=680  rxstrt=2313  rxcfrmocast=615  rxcfrmucast=107  rxdfrmmcast=78  rxmfrmmcast=814  rxcfrmmcast=0  ]
09-23 11:30:40.931  1225  1225 I TrafficMonitor: update:rxPkts:0,txPkts:0,rxBytes:0,txBytes:0
09-23 11:30:40.931  1225  1225 I TrafficMonitor: start expired. level:-1
09-23 11:30:40.931  1225  1225 I TrafficMonitor: gettimer:interval=2000
09-23 11:30:41.927  1225  1225 I TrafficMonitor: expired arrive. level:-1
09-23 11:30:41.927  1225  1225 I TrafficMonitor: during_ms:2003,period_ms:2000
09-23 11:30:41.928  1225  1225 I TrafficMonitor: count:198,rx_sum:0,tx_sum:0,rxBytes:0,during_ms:2003,rx_speed:0.0,tx_speed:0.0,rto:0.0
09-23 11:30:41.941  1225  1363 E WifiConfigManager: updateConfiguration freq=2462 BSSID=30:fc:68:d1:10:23 RSSI=-51 "yepao"WPA_PSK
09-23 11:30:42.932  1225  1225 I TrafficMonitor: update:rxPkts:0,txPkts:2,rxBytes:0,txBytes:120
09-23 11:30:42.932  1225  1225 I TrafficMonitor: start expired. level:-1
09-23 11:30:42.932  1225  1225 I TrafficMonitor: gettimer:interval=2000
09-23 11:30:44.933  1225  1225 I TrafficMonitor: update:rxPkts:0,txPkts:0,rxBytes:0,txBytes:0
09-23 11:30:44.933  1225  1225 I TrafficMonitor: start expired. level:-1
09-23 11:30:44.934  1225  1225 I TrafficMonitor: gettimer:interval=2000
09-23 11:30:44.953  1225  1363 E WifiConfigManager: updateConfiguration freq=2462 BSSID=30:fc:68:d1:10:23 RSSI=-52 "yepao"WPA_PSK
09-23 11:30:45.289  1225  1363 E WifiConfigManager: updateConfiguration freq=2462 BSSID=30:fc:68:d1:10:23 RSSI=-53 "yepao"WPA_PSK
09-23 11:30:45.299  1225  1225 I QosMonitor: queryRtt: rtt_type = 3
09-23 11:30:45.300  1225  1225 I WifiProJNI: ######### GET RTT:3 ########
09-23 11:30:45.300  1225  1426 I HuaweiWifiWatchdogStateMachine: spd good count:0, add sc:0.0, rate:1.0
09-23 11:30:45.300  1225  1426 I HuaweiWifiWatchdogStateMachine: current mHighDataFlowRate = 1.0
09-23 11:30:45.300  1225  1426 I HuaweiWifiWatchdogStateMachine: POta txb txg rxg:0, 60, 0. Lr =0% Totpkt=60
09-23 11:30:45.301  1225  1424 I QosMonitor: postEventFromNative: msg=100,arg1=4,arg2=9
09-23 11:30:45.301  1225  1424 W WifiProJNI: poll before: g_monitor_fd =236
09-23 11:30:45.301  1225  1225 I WifiProJNI: ######### CMD_QUERY_PKTS ########
09-23 11:30:45.301  1225  1424 I QosMonitor: postEventFromNative: msg=100,arg1=0,arg2=9
09-23 11:30:45.302  1225  1424 W WifiProJNI: poll before: g_monitor_fd =236
09-23 11:30:45.302  1225  1225 I MQoS    : rtt=640,tcp_tx_pkts=461633,tcp_rx_pkts=602268
09-23 11:30:45.304  1225  1426 I HuaweiWifiWatchdogStateMachine: PTcp RTT:0, rtt pkt=0, tcp_rx=0, tcp_tx=3, tcp_reTran=0, rtRate=0
09-23 11:30:45.305  1225  1426 I HuaweiWifiWatchdogStateMachine: rs ota tcp lr rttvb bad: false, false, false, false, false; rsth:-75
09-23 11:30:45.305  1225  1426 I HuaweiWifiWatchdogStateMachine:  pkt chk not bad, reset sc to 0.
09-23 11:30:45.316  1225  3524 I MQoS    : QOS_level:0(0),wifi-link;SIM error;use level-0
09-23 11:30:45.579  1225  1416 E HwCHRWebMonitor: WebMonitor [mNetWorkIsSuck=0 mUIDIsSuck=]  WebSpeed [WEBSENDSEGS=0  WEBRESENDSEGS=0  WEBRECVSEGS=0  WEBERRSEGS=0  WEBOUTRSTS=0  WEBESTABLISRST=0  WEBRTTDURATION=0  WEBRTTSEGS=0  WEBSRTT=640  WEBSNDDUPACKS=0  SENDSEGS=0  RESENDSEGS=0  RECVSEGS=0  ERRSEGS=0  OUTRSTS=0  ESTABLISRST=0  RTTDURATION=0  RTTSEGS=0  SNDDUPACKS=0  suckTimes=0 recovage_times=0]
09-23 11:30:45.579  1225  1416 E HwCHRWifiRSSIGroupSummery: updateTcpSummery mRSSI:-55  HwCHRWifiRSSIGroup [rssi_index=4, rtt_tcp_packets=835, rtt_tcp_duration=46509, rtt_lan_duration=3095, rtt_lan_failures=0, rtt_lan_succ=88, rtt_lan_max=676, rtt_lan_min=2,same_area_frequency=0,adjacent_area_frequency=0]
09-23 11:30:45.587  1225  1416 E HwCHRWebMonitor: HwCHRWifiPacketCnt [mTXGood=27, mTXbad=0, mRXGood=15] rssi=-55
09-23 11:30:45.589  1225  1416 E HwCHRWebMonitor: running processName=com.yeapao.andorid
09-23 11:30:46.937  1225  1225 I TrafficMonitor: update:rxPkts:0,txPkts:1,rxBytes:0,txBytes:40
09-23 11:30:46.937  1225  1225 I TrafficMonitor: start expired. level:-1
09-23 11:30:46.937  1225  1225 I TrafficMonitor: gettimer:interval=2000
09-23 11:30:47.932  1225  1225 I TrafficMonitor: expired arrive. level:-1
09-23 11:30:47.932  1225  1225 I TrafficMonitor: during_ms:2003,period_ms:2000
09-23 11:30:47.932  1225  1225 I TrafficMonitor: count:201,rx_sum:0,tx_sum:1,rxBytes:0,during_ms:2003,rx_speed:0.0,tx_speed:19.9700449326011,rto:0.0
09-23 11:30:47.965  1225  1363 E WifiConfigManager: updateConfiguration freq=2462 BSSID=30:fc:68:d1:10:23 RSSI=-54 "yepao"WPA_PSK
09-23 11:30:48.939  1225  1225 I TrafficMonitor: update:rxPkts:0,txPkts:0,rxBytes:0,txBytes:0
09-23 11:30:48.939  1225  1225 I TrafficMonitor: start expired. level:-1
09-23 11:30:48.939  1225  1225 I TrafficMonitor: gettimer:interval=2000
09-23 11:30:50.600  1225  1416 E HwCHRWebMonitor: WebMonitor [mNetWorkIsSuck=0 mUIDIsSuck=]  WebSpeed [WEBSENDSEGS=1  WEBRESENDSEGS=0  WEBRECVSEGS=0  WEBERRSEGS=0  WEBOUTRSTS=0  WEBESTABLISRST=0  WEBRTTDURATION=0  WEBRTTSEGS=0  WEBSRTT=640  WEBSNDDUPACKS=0  SENDSEGS=0  RESENDSEGS=0  RECVSEGS=0  ERRSEGS=0  OUTRSTS=0  ESTABLISRST=0  RTTDURATION=0  RTTSEGS=0  SNDDUPACKS=0  suckTimes=0 recovage_times=0]
09-23 11:30:50.601  1225  1416 E HwCHRWifiRSSIGroupSummery: updateTcpSummery mRSSI:-55  HwCHRWifiRSSIGroup [rssi_index=4, rtt_tcp_packets=835, rtt_tcp_duration=46509, rtt_lan_duration=3095, rtt_lan_failures=0, rtt_lan_succ=88, rtt_lan_max=676, rtt_lan_min=2,same_area_frequency=0,adjacent_area_frequency=0]
09-23 11:30:50.614  1225  1416 E HwCHRWebMonitor: HwCHRWifiPacketCnt [mTXGood=9, mTXbad=0, mRXGood=16] rssi=-55
09-23 11:30:50.618  1225  1416 E HwCHRWebMonitor: running processName=com.yeapao.andorid
09-23 11:30:50.621  1225  1416 E HwCHRWebMonitor: HwCHRWifiUIDWebSpeed [appName=unknown:1021 UID=1021  WEBSENDSEGS=1  WEBRESENDSEGS=0  WEBRECVSEGS=0  WEBERRSEGS=0  WEBOUTRSTS=0  WEBESTABLISRST=0  WEBRTTDURATION=0  WEBRTTSEGS=0  WEBSNDDUPACKS=0  suckTimes=0 recovage_times=0]
09-23 11:30:50.942  1225  1225 I TrafficMonitor: update:rxPkts:0,txPkts:2,rxBytes:0,txBytes:120
09-23 11:30:50.942  1225  1225 I TrafficMonitor: start expired. level:-1
09-23 11:30:50.942  1225  1225 I TrafficMonitor: gettimer:interval=2000
09-23 11:30:50.976  1225  1363 E WifiConfigManager: updateConfiguration freq=2462 BSSID=30:fc:68:d1:10:23 RSSI=-54 "yepao"WPA_PSK
09-23 11:30:51.932  1225  1245 I EventHub: EventHub monitor: no key events in the past 6430s, no motion events in the past 42s
09-23 11:30:52.943  1225  1225 I TrafficMonitor: update:rxPkts:2,txPkts:0,rxBytes:177,txBytes:0
09-23 11:30:52.943  1225  1225 I TrafficMonitor: start expired. level:-1
09-23 11:30:52.943  1225  1225 I TrafficMonitor: gettimer:interval=2000
09-23 11:30:53.292  1225  1363 E WifiConfigManager: updateConfiguration freq=2462 BSSID=30:fc:68:d1:10:23 RSSI=-54 "yepao"WPA_PSK
09-23 11:30:53.298  1225  1225 I QosMonitor: queryRtt: rtt_type = 3
09-23 11:30:53.298  1225  1225 I WifiProJNI: ######### GET RTT:3 ########
09-23 11:30:53.298  1225  1426 I HuaweiWifiWatchdogStateMachine: spd good count:0, add sc:0.0, rate:1.0
09-23 11:30:53.298  1225  1424 I QosMonitor: postEventFromNative: msg=100,arg1=4,arg2=9
09-23 11:30:53.299  1225  1424 W WifiProJNI: poll before: g_monitor_fd =236
09-23 11:30:53.299  1225  1426 I HuaweiWifiWatchdogStateMachine: current mHighDataFlowRate = 1.0
09-23 11:30:53.299  1225  1426 I HuaweiWifiWatchdogStateMachine: POta txb txg rxg:0, 9, 0. Lr =0% Totpkt=9
09-23 11:30:53.300  1225  1225 I WifiProJNI: ######### CMD_QUERY_PKTS ########
09-23 11:30:53.300  1225  1424 I QosMonitor: postEventFromNative: msg=100,arg1=0,arg2=9
09-23 11:30:53.301  1225  1424 W WifiProJNI: poll before: g_monitor_fd =236
09-23 11:30:53.301  1225  1225 I MQoS    : rtt=640,tcp_tx_pkts=461636,tcp_rx_pkts=602268
09-23 11:30:53.302  1225  1426 I HuaweiWifiWatchdogStateMachine: PTcp RTT:0, rtt pkt=0, tcp_rx=0, tcp_tx=3, tcp_reTran=0, rtRate=0
09-23 11:30:53.303  1225  1426 I HuaweiWifiWatchdogStateMachine: detectNetworkAvailable: mNetworkDisableCount = 2
09-23 11:30:53.303  1225  1426 I HuaweiWifiWatchdogStateMachine: Inet check network is not ok, triger active check.
09-23 11:30:53.303  1225  1426 I HuaweiWifiWatchdogStateMachine: sendResultMsgToQM bssid:30:fc:**:**:10:23, qoslevel=-103
09-23 11:30:53.303  1225  1426 I HuaweiWifiWatchdogStateMachine: rs ota tcp lr rttvb bad: false, false, false, false, false; rsth:-75
09-23 11:30:53.304  1225  1426 I HuaweiWifiWatchdogStateMachine:  pkt chk not bad, reset sc to 0.
09-23 11:30:53.306  1225  1425 I WifiProJNI: ######### CMD_QUERY_PKTS ########
09-23 11:30:53.307  1225  1424 I QosMonitor: postEventFromNative: msg=100,arg1=0,arg2=9
09-23 11:30:53.307  1225  1424 W WifiProJNI: poll before: g_monitor_fd =236
09-23 11:30:53.311  1225  3524 I MQoS    : QOS_level:0(0),wifi-link;SIM error;use level-0
09-23 11:30:53.311  1225  3524 I MQoS    : skip-low-Level:0(0),wifi-link;SIM error;use level-0
09-23 11:30:53.363  1225 31140 W HwNetworkPropertyChecker: recomfirmResponseCode, host = https://m.baidu.com, location = https://m.baidu.com/?from=844b&vit=fps, gateway = 192.168.1.1
09-23 11:30:53.364  1225  1425 W HwNetworkPropertyChecker: startSsid = "yepao", endSsid = "yepao"
09-23 11:30:53.939  1225  1225 I TrafficMonitor: expired arrive. level:-1
09-23 11:30:53.940  1225  1225 I TrafficMonitor: during_ms:2002,period_ms:2000
09-23 11:30:53.940  1225  1225 I TrafficMonitor: count:204,rx_sum:2,tx_sum:0,rxBytes:177,during_ms:2002,rx_speed:88.41158841158843,tx_speed:0.0,rto:0.0
09-23 11:30:53.989  1225  1363 E WifiConfigManager: updateConfiguration freq=2462 BSSID=30:fc:68:d1:10:23 RSSI=-54 "yepao"WPA_PSK
09-23 11:30:54.944  1225  1225 I TrafficMonitor: update:rxPkts:5,txPkts:8,rxBytes:1210,txBytes:686
09-23 11:30:54.944  1225  1225 I TrafficMonitor: start expired. level:-1
09-23 11:30:54.944  1225  1225 I TrafficMonitor: gettimer:interval=2000
